Test project C:/DarkAngel/build/m5-relwithdebinfo
      Start  1: M5.ability_motor_prediction
 1/63 Test  #1: M5.ability_motor_prediction ......   Passed    0.02 sec
      Start  2: M4.session
 2/63 Test  #2: M4.session .......................   Passed    0.42 sec
      Start  3: M4.faults
 3/63 Test  #3: M4.faults ........................   Passed    0.26 sec
      Start  4: M4.motor
 4/63 Test  #4: M4.motor .........................   Passed    0.08 sec
      Start  5: M4.actor_history
 5/63 Test  #5: M4.actor_history .................   Passed    0.03 sec
      Start  6: M4.dynamic_proxies
 6/63 Test  #6: M4.dynamic_proxies ...............   Passed    0.07 sec
      Start  7: M5.authoritative_melee
 7/63 Test  #7: M5.authoritative_melee ...........   Passed    0.09 sec
      Start  8: M4.queries_sensors
 8/63 Test  #8: M4.queries_sensors ...............   Passed    0.05 sec
      Start  9: M4.local_budgets
 9/63 Test  #9: M4.local_budgets .................   Passed    0.23 sec
      Start 10: M4.platform_axes
10/63 Test #10: M4.platform_axes .................   Passed    0.06 sec
      Start 11: M5.canonical_rig
11/63 Test #11: M5.canonical_rig .................   Passed    1.18 sec
      Start 12: M5.clips
12/63 Test #12: M5.clips .........................   Passed    1.63 sec
      Start 13: M5.omni_clips
13/63 Test #13: M5.omni_clips ....................   Passed    1.61 sec
      Start 14: M5.combat_kit_assets
14/63 Test #14: M5.combat_kit_assets .............   Passed    0.92 sec
      Start 15: M5.graph_assets
15/63 Test #15: M5.graph_assets ..................   Passed    0.81 sec
      Start 16: M5.graph_runtime
16/63 Test #16: M5.graph_runtime .................   Passed    0.49 sec
      Start 17: M4.royal_mesh_collision
17/63 Test #17: M4.royal_mesh_collision ..........   Passed    2.17 sec
      Start 18: M5.character_combat_scene
18/63 Test #18: M5.character_combat_scene ........   Passed    0.78 sec
      Start 19: M5.character_scene
19/63 Test #19: M5.character_scene ...............   Passed    1.10 sec
      Start 20: M5.joint_masks
20/63 Test #20: M5.joint_masks ...................   Passed    0.56 sec
      Start 21: M5.renderable_human
21/63 Test #21: M5.renderable_human ..............   Passed    0.64 sec
      Start 22: M5.ability_assets
22/63 Test #22: M5.ability_assets ................   Passed    0.38 sec
      Start 23: M4.collision_assets
23/63 Test #23: M4.collision_assets ..............   Passed    0.21 sec
      Start 24: M5.action_clip_binding
24/63 Test #24: M5.action_clip_binding ...........   Passed    0.44 sec
      Start 25: M5.action_timeline
25/63 Test #25: M5.action_timeline ...............   Passed    0.15 sec
      Start 26: M4.collision_meshes
26/63 Test #26: M4.collision_meshes ..............   Passed    0.19 sec
      Start 27: M4.collision_stream
27/63 Test #27: M4.collision_stream ..............   Passed    0.09 sec
      Start 28: M4.collision_observer
28/63 Test #28: M4.collision_observer ............   Passed    0.18 sec
      Start 29: M2.asset_pipeline
29/63 Test #29: M2.asset_pipeline ................   Passed    0.32 sec
      Start 30: M5.external_import
30/63 Test #30: M5.external_import ...............   Passed    1.89 sec
      Start 31: M5.attributes
31/63 Test #31: M5.attributes ....................   Passed    0.04 sec
      Start 32: M5.combat_kit
32/63 Test #32: M5.combat_kit ....................   Passed    0.04 sec
      Start 33: M4.input_actions
33/63 Test #33: M4.input_actions .................   Passed    0.19 sec
      Start 34: M2.real_prop
34/63 Test #34: M2.real_prop .....................   Passed    0.32 sec
      Start 35: M2.editor_transactions
35/63 Test #35: M2.editor_transactions ...........   Passed    0.13 sec
      Start 36: FlecsProbe
36/63 Test #36: FlecsProbe .......................   Passed    0.02 sec
      Start 37: LuauProbe
37/63 Test #37: LuauProbe ........................   Passed    0.02 sec
      Start 38: SQLiteProbe
38/63 Test #38: SQLiteProbe ......................   Passed    0.03 sec
      Start 39: HeadlessSmoke
39/63 Test #39: HeadlessSmoke ....................   Passed    0.06 sec
      Start 40: M1.identity
40/63 Test #40: M1.identity ......................   Passed    0.08 sec
      Start 41: M1.scene
41/63 Test #41: M1.scene .........................   Passed    0.04 sec
      Start 42: M1.phases
42/63 Test #42: M1.phases ........................   Passed    0.02 sec
      Start 43: M1.scripts
43/63 Test #43: M1.scripts .......................   Passed    0.07 sec
      Start 44: M1.reload
44/63 Test #44: M1.reload ........................   Passed    0.05 sec
      Start 45: M1.limits
45/63 Test #45: M1.limits ........................   Passed    0.06 sec
      Start 46: M2.assemblies
46/63 Test #46: M2.assemblies ....................   Passed    0.11 sec
      Start 47: M2.cook_scene_fixture
47/63 Test #47: M2.cook_scene_fixture ............   Passed    0.05 sec
      Start 48: M2.cooked_scene_headless
48/63 Test #48: M2.cooked_scene_headless .........   Passed    0.02 sec
      Start 49: M5.ability_observer
49/63 Test #49: M5.ability_observer ..............   Passed    0.11 sec
      Start 50: M5.ability_prediction
50/63 Test #50: M5.ability_prediction ............   Passed    0.02 sec
      Start 51: M5.ability_intent
51/63 Test #51: M5.ability_intent ................   Passed    0.13 sec
      Start 52: M5.ability_correction
52/63 Test #52: M5.ability_correction ............   Passed    0.08 sec
      Start 53: M5.ability_commit
53/63 Test #53: M5.ability_commit ................   Passed    0.10 sec
      Start 54: M3.authority
54/63 Test #54: M3.authority .....................   Passed    0.15 sec
      Start 55: M3.loopback
55/63 Test #55: M3.loopback ......................   Passed    0.02 sec
      Start 56: M3.gns_lan
56/63 Test #56: M3.gns_lan .......................   Passed    0.24 sec
      Start 57: M1.imports
57/63 Test #57: M1.imports .......................   Passed    0.11 sec
      Start 58: M1.tasks
58/63 Test #58: M1.tasks .........................   Passed    0.03 sec
      Start 59: M1.cooked
59/63 Test #59: M1.cooked ........................   Passed    0.03 sec
      Start 60: M1.state
60/63 Test #60: M1.state .........................   Passed    0.06 sec
      Start 61: M1.bindings
61/63 Test #61: M1.bindings ......................   Passed    0.04 sec
      Start 62: M1.cook_fixture
62/63 Test #62: M1.cook_fixture ..................   Passed    0.03 sec
      Start 63: M1.cooked_headless
63/63 Test #63: M1.cooked_headless ...............   Passed    0.02 sec

100% tests passed out of 63

Label Time Summary:
M0               =   0.07 sec*proc (3 tests)
M1               =   0.63 sec*proc (13 tests)
M2               =   0.95 sec*proc (6 tests)
M3               =   0.41 sec*proc (3 tests)
M4               =   1.15 sec*proc (5 tests)
M5               =   5.76 sec*proc (9 tests)
ability          =   0.10 sec*proc (1 test)
animation        =   5.58 sec*proc (6 tests)
asset            =   5.02 sec*proc (8 tests)
authoring        =   0.56 sec*proc (1 test)
combat           =   0.08 sec*proc (2 tests)
dependency       =   0.07 sec*proc (3 tests)
editor           =   0.19 sec*proc (1 test)
foundation       =   0.08 sec*proc (2 tests)
input            =   0.19 sec*proc (1 test)
local-fixture    =   0.32 sec*proc (1 test)
network          =   2.02 sec*proc (4 tests)
physics          =   1.18 sec*proc (2 tests)
session          =   0.10 sec*proc (1 test)

Total Test time (real) =  19.67 sec
