Test project C:/DarkAngel/build/m5-relwithdebinfo
    Start  1: M4.session
1/8 Test  #1: M4.session .......................   Passed    0.13 sec
    Start  6: M5.authoritative_melee
2/8 Test  #6: M5.authoritative_melee ...........   Passed    0.11 sec
    Start 17: M5.ability_assets
3/8 Test #17: M5.ability_assets ................   Passed    0.36 sec
    Start 43: M5.ability_intent
4/8 Test #43: M5.ability_intent ................   Passed    0.12 sec
    Start 44: M5.ability_correction
5/8 Test #44: M5.ability_correction ............   Passed    1.51 sec
    Start 45: M5.ability_commit
6/8 Test #45: M5.ability_commit ................   Passed    0.09 sec
    Start 46: M3.authority
7/8 Test #46: M3.authority .....................   Passed    0.09 sec
    Start 47: M3.loopback
8/8 Test #47: M3.loopback ......................   Passed    0.01 sec

100% tests passed out of 8

Label Time Summary:
M3         =   0.10 sec*proc (2 tests)
M4         =   0.13 sec*proc (1 test)
M5         =   0.09 sec*proc (1 test)
ability    =   0.09 sec*proc (1 test)
network    =   0.13 sec*proc (1 test)
session    =   0.09 sec*proc (1 test)

Total Test time (real) =   2.43 sec
