cgltf:jkuhlmann-cgltf-v1.15.tar.gz acquired 
behaviortree-cpp:BehaviorTree-BehaviorTree.CPP-4.9.1.tar.gz acquired 
directxmath:Microsoft-DirectXMath-jun2026.tar.gz acquired 
dylib:martin-olivier-dylib-v3.0.1.tar.gz acquired 
abseil:abseil-abseil-cpp-20260107.1.tar.gz acquired 
directxtex:Microsoft-DirectXTex-may2026.tar.gz acquired 
eigen3:libeigen-eigen-5.0.1.tar.gz acquired 
flatbuffers:google-flatbuffers-v25.12.19.tar.gz acquired 
freetype:freetype-freetype-VER-2-14-3.tar.gz acquired 
itlib:iboB-itlib-v1.12.2.tar.gz acquired 
gamenetworkingsockets:ValveSoftware-GameNetworkingSockets-2cb93a06350bb065db53abdb0d87cf297e0bfd34.tar.gz acquired 
luau:luau-lang-luau-0.729.tar.gz acquired 
lz4:lz4-lz4-v1.10.0.tar.gz acquired 
meshoptimizer:zeux-meshoptimizer-v1.2.tar.gz acquired 
joltphysics:jrouwe-JoltPhysics-v5.6.0.tar.gz acquired 
minitrace:hrydgard-minitrace-a45ca4f58c8af2fc4d4d6042e68aa68bfea422c9.tar.gz acquired 
flecs:SanderMertens-flecs-v4.1.6.tar.gz acquired 
miniaudio:mackron-miniaudio-0.11.25.tar.gz acquired 
recastnavigation:recastnavigation-recastnavigation-v1.6.0.tar.gz acquired 
rmlui:mikke89-RmlUi-6.2.tar.gz acquired 
protobuf:protocolbuffers-protobuf-v33.4.tar.gz acquired 
robin-hood-hashing:martinus-robin-hood-hashing-3.11.5.tar.gz acquired 
tinyxml2:leethomason-tinyxml2-11.0.0.tar.gz acquired 
xsimd:xtensor-stack-xsimd-13.2.0.tar.gz acquired 
directxtex:texassemble-may2026.exe acquired 
directxtex:texconv-may2026.exe acquired 
directxtex:texdiag-may2026.exe acquired 
sqlite3:sqlite-autoconf-3530400.tar.gz acquired 
libogg:xiph-ogg-v1.3.6.tar.gz acquired 
brotli:google-brotli-v1.2.0.tar.gz acquired 
libflac:xiph-flac-1.5.0.tar.gz acquired 
libpng:pnggroup-libpng-v1.6.58.tar.gz acquired 
bzip2:bzip2-1.0.8.tar.gz acquired 
zlib:madler-zlib-v1.3.2.tar.gz acquired 
openssl:openssl-openssl-openssl-3.6.3.tar.gz acquired 
