-- Running vcpkg install
Detecting compiler hash for triplet x64-windows-darkangel...
Compiler found: C:/Program Files/Microsoft Visual Studio/18/Community/VC/Tools/MSVC/14.51.36231/bin/Hostx64/x64/cl.exe
The following packages will be built and installed:
    flecs:x64-windows-darkangel@4.1.6
    luau:x64-windows-darkangel@0.729
    sqlite3[core,omit-load-extension]:x64-windows-darkangel@3.53.4
  * vcpkg-cmake:x64-windows-darkangel@2024-04-23
  * vcpkg-cmake-config:x64-windows-darkangel@2026-07-21
Additional packages (*) will be modified to complete this operation.
Restored 0 package(s) from ${USERPROFILE}\AppData\Local\vcpkg\archives in 742 us. Use --debug to see more details.
Installing 1/5 vcpkg-cmake-config:x64-windows-darkangel@2026-07-21...
vcpkg-cmake-config:x64-windows-darkangel@2026-07-21 package ABI: d624a2ef9ab8380905642e7b3b730f5d2bea7158e27ff7c037a2c84d1f2fb5ff
Building vcpkg-cmake-config:x64-windows-darkangel@2026-07-21...
${PROJECT_ROOT}\.cache\clean-checkout-768806bd57f5\cmake\triplets\x64-windows-darkangel.cmake: info: loaded overlay triplet from here
-- Installing: ${PROJECT_ROOT}/.cache/clean-checkout-768806bd57f5/.tools/vcpkg/packages/vcpkg-cmake-config_x64-windows-darkangel/share/vcpkg-cmake-config/vcpkg_cmake_config_fixup.cmake
-- Installing: ${PROJECT_ROOT}/.cache/clean-checkout-768806bd57f5/.tools/vcpkg/packages/vcpkg-cmake-config_x64-windows-darkangel/share/vcpkg-cmake-config/vcpkg-port-config.cmake
-- Installing: ${PROJECT_ROOT}/.cache/clean-checkout-768806bd57f5/.tools/vcpkg/packages/vcpkg-cmake-config_x64-windows-darkangel/share/vcpkg-cmake-config/copyright
-- Skipping post-build validation due to VCPKG_POLICY_EMPTY_PACKAGE
Starting submission of vcpkg-cmake-config:x64-windows-darkangel@2026-07-21 to 1 binary cache(s) in the background
Elapsed time to handle vcpkg-cmake-config:x64-windows-darkangel: 272 ms
Installing 2/5 vcpkg-cmake:x64-windows-darkangel@2024-04-23...
vcpkg-cmake:x64-windows-darkangel@2024-04-23 package ABI: 82305c53508a596ada2bcaee9d4bc5fd458ee26fb3077ed8d1f72ca5598f90c6
Building vcpkg-cmake:x64-windows-darkangel@2024-04-23...
${PROJECT_ROOT}\.cache\clean-checkout-768806bd57f5\cmake\triplets\x64-windows-darkangel.cmake: info: loaded overlay triplet from here
-- Installing: ${PROJECT_ROOT}/.cache/clean-checkout-768806bd57f5/.tools/vcpkg/packages/vcpkg-cmake_x64-windows-darkangel/share/vcpkg-cmake/vcpkg_cmake_configure.cmake
-- Installing: ${PROJECT_ROOT}/.cache/clean-checkout-768806bd57f5/.tools/vcpkg/packages/vcpkg-cmake_x64-windows-darkangel/share/vcpkg-cmake/vcpkg_cmake_build.cmake
-- Installing: ${PROJECT_ROOT}/.cache/clean-checkout-768806bd57f5/.tools/vcpkg/packages/vcpkg-cmake_x64-windows-darkangel/share/vcpkg-cmake/vcpkg_cmake_install.cmake
-- Installing: ${PROJECT_ROOT}/.cache/clean-checkout-768806bd57f5/.tools/vcpkg/packages/vcpkg-cmake_x64-windows-darkangel/share/vcpkg-cmake/vcpkg-port-config.cmake
-- Installing: ${PROJECT_ROOT}/.cache/clean-checkout-768806bd57f5/.tools/vcpkg/packages/vcpkg-cmake_x64-windows-darkangel/share/vcpkg-cmake/copyright
-- Performing post-build validation
Starting submission of vcpkg-cmake:x64-windows-darkangel@2024-04-23 to 1 binary cache(s) in the background
Elapsed time to handle vcpkg-cmake:x64-windows-darkangel: 340 ms
Completed submission of vcpkg-cmake-config:x64-windows-darkangel@2026-07-21 to 1 binary cache(s) in 178 ms
Installing 3/5 flecs:x64-windows-darkangel@4.1.6...
flecs:x64-windows-darkangel@4.1.6 package ABI: c844de573c235ae804bb3b457c339d812277005d2e2054e72532158d291b0426
Building flecs:x64-windows-darkangel@4.1.6...
${PROJECT_ROOT}\.cache\clean-checkout-768806bd57f5\cmake\triplets\x64-windows-darkangel.cmake: info: loaded overlay triplet from here
-- Using cached SanderMertens-flecs-v4.1.6.tar.gz
-- Cleaning sources at ${PROJECT_ROOT}/.cache/clean-checkout-768806bd57f5/.tools/vcpkg/buildtrees/flecs/src/v4.1.6-c153cb4bcf.clean. Use --editable to skip cleaning for the packages you specify.
-- Extracting source ${PROJECT_ROOT}/.cache/clean-checkout-768806bd57f5/.tools/vcpkg/downloads/SanderMertens-flecs-v4.1.6.tar.gz
-- Using source at ${PROJECT_ROOT}/.cache/clean-checkout-768806bd57f5/.tools/vcpkg/buildtrees/flecs/src/v4.1.6-c153cb4bcf.clean
-- Configuring x64-windows-darkangel
-- Building x64-windows-darkangel-dbg
-- Building x64-windows-darkangel-rel
-- Installing: ${PROJECT_ROOT}/.cache/clean-checkout-768806bd57f5/.tools/vcpkg/packages/flecs_x64-windows-darkangel/share/flecs/vcpkg-cmake-wrapper.cmake
-- Installing: ${PROJECT_ROOT}/.cache/clean-checkout-768806bd57f5/.tools/vcpkg/packages/flecs_x64-windows-darkangel/share/flecs/usage
-- Performing post-build validation
Starting submission of flecs:x64-windows-darkangel@4.1.6 to 1 binary cache(s) in the background
Elapsed time to handle flecs:x64-windows-darkangel: 36 s
Completed submission of vcpkg-cmake:x64-windows-darkangel@2024-04-23 to 1 binary cache(s) in 163 ms
Installing 4/5 luau:x64-windows-darkangel@0.729...
luau:x64-windows-darkangel@0.729 package ABI: 3d294255e8c50777737cfc559bd4b4ec4f3d07c1085aafce9977e3a687f98196
Building luau:x64-windows-darkangel@0.729...
${PROJECT_ROOT}\.cache\clean-checkout-768806bd57f5\cmake\triplets\x64-windows-darkangel.cmake: info: loaded overlay triplet from here
-- Using cached luau-lang-luau-0.729.tar.gz
-- Cleaning sources at ${PROJECT_ROOT}/.cache/clean-checkout-768806bd57f5/.tools/vcpkg/buildtrees/luau/src/0.729-a790c7544c.clean. Use --editable to skip cleaning for the packages you specify.
-- Extracting source ${PROJECT_ROOT}/.cache/clean-checkout-768806bd57f5/.tools/vcpkg/downloads/luau-lang-luau-0.729.tar.gz
-- Applying patch cmake-config-export.patch
-- Applying patch fix-unittest.patch
-- Using source at ${PROJECT_ROOT}/.cache/clean-checkout-768806bd57f5/.tools/vcpkg/buildtrees/luau/src/0.729-a790c7544c.clean
-- Configuring x64-windows-darkangel
-- Building x64-windows-darkangel-dbg
-- Building x64-windows-darkangel-rel
-- Installing: ${PROJECT_ROOT}/.cache/clean-checkout-768806bd57f5/.tools/vcpkg/packages/luau_x64-windows-darkangel/share/luau/copyright
-- Performing post-build validation
Starting submission of luau:x64-windows-darkangel@0.729 to 1 binary cache(s) in the background
Elapsed time to handle luau:x64-windows-darkangel: 4.6 min
Completed submission of flecs:x64-windows-darkangel@4.1.6 to 1 binary cache(s) in 3 s
Installing 5/5 sqlite3[core,omit-load-extension]:x64-windows-darkangel@3.53.4...
sqlite3[core,omit-load-extension]:x64-windows-darkangel@3.53.4 package ABI: a1bc9237fcde992608d03f8f347b4b7962aad6477249fd5920114ec086677e2a
Building sqlite3[core,omit-load-extension]:x64-windows-darkangel@3.53.4...
${PROJECT_ROOT}\.cache\clean-checkout-768806bd57f5\cmake\triplets\x64-windows-darkangel.cmake: info: loaded overlay triplet from here
-- Using cached sqlite-autoconf-3530400.tar.gz
-- Cleaning sources at ${PROJECT_ROOT}/.cache/clean-checkout-768806bd57f5/.tools/vcpkg/buildtrees/sqlite3/src/nf-3530400-891c4575fa.clean. Use --editable to skip cleaning for the packages you specify.
-- Extracting source ${PROJECT_ROOT}/.cache/clean-checkout-768806bd57f5/.tools/vcpkg/downloads/sqlite-autoconf-3530400.tar.gz
-- Applying patch fix-arm-uwp.patch
-- Applying patch add-config-include.patch
-- Using source at ${PROJECT_ROOT}/.cache/clean-checkout-768806bd57f5/.tools/vcpkg/buildtrees/sqlite3/src/nf-3530400-891c4575fa.clean
-- Configuring x64-windows-darkangel
-- Building x64-windows-darkangel-dbg
-- Building x64-windows-darkangel-rel
-- Fixing pkgconfig file: ${PROJECT_ROOT}/.cache/clean-checkout-768806bd57f5/.tools/vcpkg/packages/sqlite3_x64-windows-darkangel/lib/pkgconfig/sqlite3.pc
-- Using cached msys2-mingw-w64-x86_64-pkgconf-1~2.5.1-1-any.pkg.tar.zst
-- Using cached msys2-msys2-runtime-3.6.5-1-x86_64.pkg.tar.zst
-- Using msys root at ${PROJECT_ROOT}/.cache/clean-checkout-768806bd57f5/.tools/vcpkg/downloads/tools/msys2/3e71d1f8e22ab23f
-- Fixing pkgconfig file: ${PROJECT_ROOT}/.cache/clean-checkout-768806bd57f5/.tools/vcpkg/packages/sqlite3_x64-windows-darkangel/debug/lib/pkgconfig/sqlite3.pc
-- Installing: ${PROJECT_ROOT}/.cache/clean-checkout-768806bd57f5/.tools/vcpkg/packages/sqlite3_x64-windows-darkangel/share/sqlite3/usage
-- Performing post-build validation
Starting submission of sqlite3[core,omit-load-extension]:x64-windows-darkangel@3.53.4 to 1 binary cache(s) in the background
Elapsed time to handle sqlite3:x64-windows-darkangel: 26 s
Installed contents are licensed to you by owners. Microsoft is not responsible for, nor does it grant any licenses to, third-party packages.
Some packages did not declare an SPDX license. Check the `copyright` file for each package for more information about their licensing.
Packages installed in this vcpkg installation declare the following licenses:
MIT
blessing
The package flecs provides CMake targets:

    find_package(flecs CONFIG REQUIRED)
    target_link_libraries(main PRIVATE $<IF:$<TARGET_EXISTS:flecs::flecs>,flecs::flecs,flecs::flecs_static>)

luau provides CMake targets:

  # this is heuristically generated, and may not be correct
  find_package(unofficial-luau CONFIG REQUIRED)
  # note: 6 additional targets are not displayed.
  target_link_libraries(main PRIVATE unofficial::luau::Luau.VM unofficial::luau::Luau.Ast unofficial::luau::Luau.Common unofficial::luau::Luau.Config)

sqlite3 provides pkgconfig bindings.
sqlite3 provides CMake targets:

    find_package(unofficial-sqlite3 CONFIG REQUIRED)
    target_link_libraries(main PRIVATE unofficial::sqlite3::sqlite3)

Waiting for 2 remaining binary cache submissions...
Completed submission of luau:x64-windows-darkangel@0.729 to 1 binary cache(s) in 40 s (1/2)
Completed submission of sqlite3[core,omit-load-extension]:x64-windows-darkangel@3.53.4 to 1 binary cache(s) in 870 ms (2/2)
All requested installations completed successfully in: 5.7 min
-- Running vcpkg install - done
-- The C compiler identification is MSVC 19.51.36260.0
-- The CXX compiler identification is MSVC 19.51.36260.0
-- Detecting C compiler ABI info
-- Detecting C compiler ABI info - done
-- Check for working C compiler: C:/Program Files/Microsoft Visual Studio/18/Community/VC/Tools/MSVC/14.51.36231/bin/Hostx64/x64/cl.exe - skipped
-- Detecting C compile features
-- Detecting C compile features - done
-- Detecting CXX compiler ABI info
-- Detecting CXX compiler ABI info - done
-- Check for working CXX compiler: C:/Program Files/Microsoft Visual Studio/18/Community/VC/Tools/MSVC/14.51.36231/bin/Hostx64/x64/cl.exe - skipped
-- Detecting CXX compile features
-- Detecting CXX compile features - done
-- Found Git: C:/Program Files/Git/cmd/git.exe (found version "2.49.0.windows.1")
-- Configuring done (366.7s)
-- Generating done (0.1s)
-- Build files have been written to: ${PROJECT_ROOT}/.cache/clean-checkout-768806bd57f5/build/m0-release
