[1/20] Scanning C:\DarkAngel\apps\editor\editor_ui.cpp for CXX dependencies
[2/20] Scanning C:\DarkAngel\apps\editor\main.cpp for CXX dependencies
[3/20] Scanning C:\DarkAngel\apps\editor\editor_authoring.cpp for CXX dependencies
[4/20] Scanning C:\DarkAngel\apps\editor\editor_assets.cpp for CXX dependencies
[5/20] Scanning C:\DarkAngel\apps\editor\editor_composer.cpp for CXX dependencies
[6/20] Scanning C:\DarkAngel\apps\editor\editor_workspaces.cpp for CXX dependencies
[7/20] Generating CXX dyndep file CMakeFiles\DarkAngelEditor.dir\CXX.dd
[8/14] Building CXX object CMakeFiles\DarkAngelEditor.dir\apps\editor\editor_ui.cpp.obj
C:\DarkAngel\apps\editor\editor_ui.cpp(50): warning C4244: 'argument': conversion from 'double' to 'float', possible loss of data
C:\DarkAngel\apps\editor\editor_ui.cpp(50): warning C4244: 'argument': conversion from 'double' to 'float', possible loss of data
C:\DarkAngel\apps\editor\editor_ui.cpp(50): warning C4244: 'argument': conversion from 'double' to 'float', possible loss of data
C:\DarkAngel\apps\editor\editor_ui.cpp(50): warning C4244: 'argument': conversion from 'double' to 'float', possible loss of data
C:\DarkAngel\apps\editor\editor_ui.cpp(50): warning C4244: 'argument': conversion from 'double' to 'float', possible loss of data
C:\DarkAngel\apps\editor\editor_ui.cpp(50): warning C4244: 'argument': conversion from 'double' to 'float', possible loss of data
C:\DarkAngel\apps\editor\editor_ui.cpp(50): warning C4244: 'argument': conversion from 'double' to 'float', possible loss of data
C:\DarkAngel\apps\editor\editor_ui.cpp(50): warning C4244: 'argument': conversion from 'double' to 'float', possible loss of data
C:\DarkAngel\apps\editor\editor_ui.cpp(50): warning C4244: 'argument': conversion from 'double' to 'float', possible loss of data
[9/14] Building CXX object CMakeFiles\DarkAngelEditor.dir\apps\editor\editor_assets.cpp.obj
[10/14] Building CXX object CMakeFiles\DarkAngelEditor.dir\apps\editor\main.cpp.obj
C:\DarkAngel\apps\editor\main.cpp(315): warning C4244: 'argument': conversion from 'double' to 'float', possible loss of data
C:\DarkAngel\apps\editor\main.cpp(315): warning C4244: 'argument': conversion from 'double' to 'float', possible loss of data
C:\DarkAngel\apps\editor\main.cpp(315): warning C4244: 'argument': conversion from 'double' to 'float', possible loss of data
C:\DarkAngel\apps\editor\main.cpp(315): warning C4244: 'argument': conversion from 'double' to 'float', possible loss of data
C:\DarkAngel\apps\editor\main.cpp(315): warning C4244: 'argument': conversion from 'double' to 'float', possible loss of data
C:\DarkAngel\apps\editor\main.cpp(315): warning C4244: 'argument': conversion from 'double' to 'float', possible loss of data
C:\DarkAngel\apps\editor\main.cpp(315): warning C4244: 'argument': conversion from 'double' to 'float', possible loss of data
C:\DarkAngel\apps\editor\main.cpp(315): warning C4244: 'argument': conversion from 'double' to 'float', possible loss of data
C:\DarkAngel\apps\editor\main.cpp(315): warning C4244: 'argument': conversion from 'double' to 'float', possible loss of data
[11/14] Building CXX object CMakeFiles\DarkAngelEditor.dir\apps\editor\editor_composer.cpp.obj
FAILED: [code=2] CMakeFiles/DarkAngelEditor.dir/apps/editor/editor_composer.cpp.obj 
"C:\Program Files\Microsoft Visual Studio\18\Community\VC\Tools\MSVC\14.51.36231\bin\Hostx64\x64\cl.exe"  /nologo /TP -DD3D11_SUPPORTED=0 -DD3D12_SUPPORTED=1 -DDAE_ANIMATION=1 -DDAE_CHARACTER_SCENE=1 -DDAE_DXC_DLL=\"C:/DarkAngel/.tools/dxc/bin/x64/dxcompiler.dll\" -DGLES_SUPPORTED=0 -DGL_SUPPORTED=0 -DIMGUI_DEFINE_MATH_OPERATORS -DIMGUI_USER_CONFIG=\"ImGuiDiligentConfig.h\" -DMETAL_SUPPORTED=0 -DPLATFORM_WIN32=1 -DVULKAN_SUPPORTED=1 -DWEBGPU_SUPPORTED=0 -IC:\DarkAngel\third_party\imguizmo\src -IC:\DarkAngel\third_party\imgui-docking -IC:\DarkAngel\third_party\diligent-core\Common\interface -IC:\DarkAngel\engine\assets\include -IC:\DarkAngel\engine\foundation\include -IC:\DarkAngel\tools\editor\include -IC:\DarkAngel\engine\runtime\include -IC:\DarkAngel\third_party\diligent-core\Graphics\GraphicsEngineD3D12\interface -IC:\DarkAngel\third_party\diligent-core\Graphics\GraphicsEngineD3DBase\interface -IC:\DarkAngel\third_party\diligent-core\Graphics\GraphicsEngine\interface -IC:\DarkAngel\third_party\diligent-core\Primitives\interface -IC:\DarkAngel\third_party\diligent-core\Graphics\GraphicsEngineVulkan\interface -IC:\DarkAngel\third_party\diligent-tools\Imgui\interface -IC:\DarkAngel\games\AshenRoots\include -external:IC:\DarkAngel\build\m5-editor-relwithdebinfo\vcpkg_installed\x64-windows-darkangel\include -external:W0 /DWIN32 /D_WINDOWS /EHsc /O2 /Ob1 /DNDEBUG -std:c++20 -MD -Zi /W4 /utf-8 /EHsc -openmp /showIncludes @CMakeFiles\DarkAngelEditor.dir\apps\editor\editor_composer.cpp.obj.modmap /FoCMakeFiles\DarkAngelEditor.dir\apps\editor\editor_composer.cpp.obj /FdCMakeFiles\DarkAngelEditor.dir\ /FS -c C:\DarkAngel\apps\editor\editor_composer.cpp
C:\DarkAngel\apps\editor\editor_composer.cpp(18): error C7692: 'bool nlohmann::json_abi_v3_12_0::basic_json<std::map,std::vector,std::string,bool,int64_t,uint64_t,double,std::allocator,nlohmann::json_abi_v3_12_0::adl_serializer,std::vector<uint8_t,std::allocator<uint8_t>>,void>::operator ==(const nlohmann::json_abi_v3_12_0::basic_json<std::map,std::vector,std::string,bool,int64_t,uint64_t,double,std::allocator,nlohmann::json_abi_v3_12_0::adl_serializer,std::vector<uint8_t,std::allocator<uint8_t>>,void> &) noexcept const': rewritten candidate function was excluded from overload resolution because a corresponding operator!= declared in the same scope
C:\DarkAngel\third_party\imgui-docking\imgui.h(2978): note: could be 'bool operator ==(const ImVec4 &,const ImVec4 &)'
C:\DarkAngel\apps\editor\editor_composer.cpp(18): note: 'bool operator ==(const ImVec4 &,const ImVec4 &)': cannot convert argument 1 from 'std::string' to 'const ImVec4 &'
C:\DarkAngel\apps\editor\editor_composer.cpp(18): note: Reason: cannot convert from 'std::string' to 'const ImVec4'
C:\DarkAngel\apps\editor\editor_composer.cpp(18): note: No user-defined-conversion operator available that can perform this conversion, or the operator cannot be called
C:\DarkAngel\third_party\imgui-docking\imgui.h(2968): note: or       'bool operator ==(const ImVec2 &,const ImVec2 &)'
C:\DarkAngel\apps\editor\editor_composer.cpp(18): note: 'bool operator ==(const ImVec2 &,const ImVec2 &)': cannot convert argument 1 from 'std::string' to 'const ImVec2 &'
C:\DarkAngel\apps\editor\editor_composer.cpp(18): note: Reason: cannot convert from 'std::string' to 'const ImVec2'
C:\DarkAngel\apps\editor\editor_composer.cpp(18): note: No user-defined-conversion operator available that can perform this conversion, or the operator cannot be called
C:\Program Files\Microsoft Visual Studio\18\Community\VC\Tools\MSVC\14.51.36231\include\utility(1036): note: or       'bool std::operator ==(std::monostate,std::monostate) noexcept' [found using argument-dependent lookup]
C:\DarkAngel\apps\editor\editor_composer.cpp(18): note: 'bool std::operator ==(std::monostate,std::monostate) noexcept': cannot convert argument 1 from 'std::string' to 'std::monostate'
C:\DarkAngel\apps\editor\editor_composer.cpp(18): note: No user-defined-conversion operator available that can perform this conversion, or the operator cannot be called
C:\DarkAngel\build\m5-editor-relwithdebinfo\vcpkg_installed\x64-windows-darkangel\include\nlohmann/json.hpp(3710): note: or 'bool nlohmann::json_abi_v3_12_0::basic_json<std::map,std::vector,std::string,bool,int64_t,uint64_t,double,std::allocator,nlohmann::json_abi_v3_12_0::adl_serializer,std::vector<uint8_t,std::allocator<uint8_t>>,void>::operator ==(const nlohmann::json_abi_v3_12_0::basic_json<std::map,std::vector,std::string,bool,int64_t,uint64_t,double,std::allocator,nlohmann::json_abi_v3_12_0::adl_serializer,std::vector<uint8_t,std::allocator<uint8_t>>,void> &) noexcept const' [synthesized expression 'y == x']
C:\DarkAngel\apps\editor\editor_composer.cpp(18): note: 'bool nlohmann::json_abi_v3_12_0::basic_json<std::map,std::vector,std::string,bool,int64_t,uint64_t,double,std::allocator,nlohmann::json_abi_v3_12_0::adl_serializer,std::vector<uint8_t,std::allocator<uint8_t>>,void>::operator ==(const nlohmann::json_abi_v3_12_0::basic_json<std::map,std::vector,std::string,bool,int64_t,uint64_t,double,std::allocator,nlohmann::json_abi_v3_12_0::adl_serializer,std::vector<uint8_t,std::allocator<uint8_t>>,void> &) noexcept const': rewritten candidate function was excluded from overload resolution because a corresponding operator!= declared in the same scope
C:\Program Files\Microsoft Visual Studio\18\Community\VC\Tools\MSVC\14.51.36231\include\utility(1036): note: or 'bool std::operator ==(std::monostate,std::monostate) noexcept' [synthesized expression 'y == x']
C:\DarkAngel\apps\editor\editor_composer.cpp(18): note: 'bool std::operator ==(std::monostate,std::monostate) noexcept': cannot convert argument 1 from 'const nlohmann::json_abi_v3_12_0::basic_json<std::map,std::vector,std::string,bool,int64_t,uint64_t,double,std::allocator,nlohmann::json_abi_v3_12_0::adl_serializer,std::vector<uint8_t,std::allocator<uint8_t>>,void>' to 'std::monostate'
C:\DarkAngel\apps\editor\editor_composer.cpp(18): note: No user-defined-conversion operator available that can perform this conversion, or the operator cannot be called
C:\DarkAngel\third_party\imgui-docking\imgui.h(2968): note: or 'bool operator ==(const ImVec2 &,const ImVec2 &)' [synthesized expression 'y == x']
C:\DarkAngel\apps\editor\editor_composer.cpp(18): note: 'bool operator ==(const ImVec2 &,const ImVec2 &)': cannot convert argument 1 from 'const nlohmann::json_abi_v3_12_0::basic_json<std::map,std::vector,std::string,bool,int64_t,uint64_t,double,std::allocator,nlohmann::json_abi_v3_12_0::adl_serializer,std::vector<uint8_t,std::allocator<uint8_t>>,void>' to 'const ImVec2 &'
C:\DarkAngel\apps\editor\editor_composer.cpp(18): note: Reason: cannot convert from 'const nlohmann::json_abi_v3_12_0::basic_json<std::map,std::vector,std::string,bool,int64_t,uint64_t,double,std::allocator,nlohmann::json_abi_v3_12_0::adl_serializer,std::vector<uint8_t,std::allocator<uint8_t>>,void>' to 'const ImVec2'
C:\DarkAngel\apps\editor\editor_composer.cpp(18): note: No user-defined-conversion operator available that can perform this conversion, or the operator cannot be called
C:\DarkAngel\third_party\imgui-docking\imgui.h(2978): note: or 'bool operator ==(const ImVec4 &,const ImVec4 &)' [synthesized expression 'y == x']
C:\DarkAngel\apps\editor\editor_composer.cpp(18): note: 'bool operator ==(const ImVec4 &,const ImVec4 &)': cannot convert argument 1 from 'const nlohmann::json_abi_v3_12_0::basic_json<std::map,std::vector,std::string,bool,int64_t,uint64_t,double,std::allocator,nlohmann::json_abi_v3_12_0::adl_serializer,std::vector<uint8_t,std::allocator<uint8_t>>,void>' to 'const ImVec4 &'
C:\DarkAngel\apps\editor\editor_composer.cpp(18): note: Reason: cannot convert from 'const nlohmann::json_abi_v3_12_0::basic_json<std::map,std::vector,std::string,bool,int64_t,uint64_t,double,std::allocator,nlohmann::json_abi_v3_12_0::adl_serializer,std::vector<uint8_t,std::allocator<uint8_t>>,void>' to 'const ImVec4'
C:\DarkAngel\apps\editor\editor_composer.cpp(18): note: No user-defined-conversion operator available that can perform this conversion, or the operator cannot be called
C:\DarkAngel\build\m5-editor-relwithdebinfo\vcpkg_installed\x64-windows-darkangel\include\nlohmann/json.hpp(3727): note: or 'bool nlohmann::json_abi_v3_12_0::basic_json<std::map,std::vector,std::string,bool,int64_t,uint64_t,double,std::allocator,nlohmann::json_abi_v3_12_0::adl_serializer,std::vector<uint8_t,std::allocator<uint8_t>>,void>::operator ==(ScalarType) noexcept const' [synthesized expression 'y == x']
C:\DarkAngel\apps\editor\editor_composer.cpp(18): note: the associated constraints are not satisfied
C:\DarkAngel\build\m5-editor-relwithdebinfo\vcpkg_installed\x64-windows-darkangel\include\nlohmann/json.hpp(3726): note: the constraint was not satisfied
C:\Program Files\Microsoft Visual Studio\18\Community\VC\Tools\MSVC\14.51.36231\include\utility(560): note: or       'bool std::operator ==(const std::pair<_Ty1,_Ty2> &,const std::pair<_Uty1,_Uty2> &)'
C:\DarkAngel\apps\editor\editor_composer.cpp(18): note: 'bool std::operator ==(const std::pair<_Ty1,_Ty2> &,const std::pair<_Uty1,_Uty2> &)': could not deduce template argument for 'const std::pair<_Ty1,_Ty2> &' from 'std::string'
C:\Program Files\Microsoft Visual Studio\18\Community\VC\Tools\MSVC\14.51.36231\include\xutility(2095): note: or       'bool std::operator ==(const std::reverse_iterator<_BidIt> &,const std::reverse_iterator<_BidIt2> &) noexcept(<expr>)'
C:\DarkAngel\apps\editor\editor_composer.cpp(18): note: 'bool std::operator ==(const std::reverse_iterator<_BidIt> &,const std::reverse_iterator<_BidIt2> &) noexcept(<expr>)': could not deduce template argument for 'const std::reverse_iterator<_BidIt> &' from 'std::string'
C:\Program Files\Microsoft Visual Studio\18\Community\VC\Tools\MSVC\14.51.36231\include\xutility(4641): note: or       'bool std::operator ==(const std::move_iterator<_Iter> &,const std::move_iterator<_Iter2> &) noexcept(<expr>)'
C:\DarkAngel\apps\editor\editor_composer.cpp(18): note: 'bool std::operator ==(const std::move_iterator<_Iter> &,const std::move_iterator<_Iter2> &) noexcept(<expr>)': could not deduce template argument for 'const std::move_iterator<_Iter> &' from 'std::string'
C:\Program Files\Microsoft Visual Studio\18\Community\VC\Tools\MSVC\14.51.36231\include\array(767): note: or       'bool std::operator ==(const std::array<_Ty,_Size> &,const std::array<_Ty,_Size> &)'
C:\DarkAngel\apps\editor\editor_composer.cpp(18): note: 'bool std::operator ==(const std::array<_Ty,_Size> &,const std::array<_Ty,_Size> &)': could not deduce template argument for 'const std::array<_Ty,_Size> &' from 'std::string'
C:\Program Files\Microsoft Visual Studio\18\Community\VC\Tools\MSVC\14.51.36231\include\__msvc_string_view.hpp(1966): note: or       'bool std::operator ==(const std::basic_string_view<_Elem,_Traits>,const type_identity<std::basic_string_view<_Elem,_Traits>>::type) noexcept'
C:\DarkAngel\apps\editor\editor_composer.cpp(18): note: 'bool std::operator ==(const std::basic_string_view<_Elem,_Traits>,const type_identity<std::basic_string_view<_Elem,_Traits>>::type) noexcept': could not deduce template argument for 'const std::basic_string_view<_Elem,_Traits>' from 'std::string'
C:\Program Files\Microsoft Visual Studio\18\Community\VC\Tools\MSVC\14.51.36231\include\tuple(1026): note: or       'bool std::operator ==(const std::tuple<_Types...> &,const std::tuple<_Types...> &)'
C:\DarkAngel\apps\editor\editor_composer.cpp(18): note: 'bool std::operator ==(const std::tuple<_Types...> &,const std::tuple<_Types...> &)': could not deduce template argument for 'const std::tuple<_Types...> &' from 'std::string'
C:\Program Files\Microsoft Visual Studio\18\Community\VC\Tools\MSVC\14.51.36231\include\xmemory(1054): note: or       'bool std::operator ==(const std::allocator<_Ty> &,const std::allocator<_Other> &) noexcept'
C:\DarkAngel\apps\editor\editor_composer.cpp(18): note: 'bool std::operator ==(const std::allocator<_Ty> &,const std::allocator<_Other> &) noexcept': could not deduce template argument for 'const std::allocator<_Ty> &' from 'std::string'
C:\Program Files\Microsoft Visual Studio\18\Community\VC\Tools\MSVC\14.51.36231\include\xstring(3390): note: or       'bool std::operator ==(const std::basic_string<_Elem,_Traits,_Alloc> &,const std::basic_string<_Elem,_Traits,_Alloc> &) noexcept'
C:\DarkAngel\apps\editor\editor_composer.cpp(18): note: 'bool std::operator ==(const std::basic_string<_Elem,_Traits,_Alloc> &,const std::basic_string<_Elem,_Traits,_Alloc> &) noexcept': could not deduce template argument for 'const std::basic_string<_Elem,_Traits,_Alloc> &' from 'const nlohmann::json_abi_v3_12_0::basic_json<std::map,std::vector,std::string,bool,int64_t,uint64_t,double,std::allocator,nlohmann::json_abi_v3_12_0::adl_serializer,std::vector<uint8_t,std::allocator<uint8_t>>,void>'
C:\Program Files\Microsoft Visual Studio\18\Community\VC\Tools\MSVC\14.51.36231\include\xstring(3396): note: or       'bool std::operator ==(const std::basic_string<_Elem,_Traits,_Alloc> &,const _Elem *const ) noexcept'
C:\DarkAngel\apps\editor\editor_composer.cpp(18): note: 'bool std::operator ==(const std::basic_string<_Elem,_Traits,_Alloc> &,const _Elem *const ) noexcept': could not deduce template argument for 'const _Elem *const ' from 'const nlohmann::json_abi_v3_12_0::basic_json<std::map,std::vector,std::string,bool,int64_t,uint64_t,double,std::allocator,nlohmann::json_abi_v3_12_0::adl_serializer,std::vector<uint8_t,std::allocator<uint8_t>>,void>'
C:\Program Files\Microsoft Visual Studio\18\Community\VC\Tools\MSVC\14.51.36231\include\memory(1911): note: or       'bool std::operator ==(const std::shared_ptr<_Ty> &,const std::shared_ptr<_Ty0> &) noexcept'
C:\DarkAngel\apps\editor\editor_composer.cpp(18): note: 'bool std::operator ==(const std::shared_ptr<_Ty> &,const std::shared_ptr<_Ty0> &) noexcept': could not deduce template argument for 'const std::shared_ptr<_Ty> &' from 'std::string'
C:\Program Files\Microsoft Visual Studio\18\Community\VC\Tools\MSVC\14.51.36231\include\memory(1948): note: or       'bool std::operator ==(const std::shared_ptr<_Ty> &,std::nullptr_t) noexcept'
C:\DarkAngel\apps\editor\editor_composer.cpp(18): note: 'bool std::operator ==(const std::shared_ptr<_Ty> &,std::nullptr_t) noexcept': could not deduce template argument for 'const std::shared_ptr<_Ty> &' from 'std::string'
C:\Program Files\Microsoft Visual Studio\18\Community\VC\Tools\MSVC\14.51.36231\include\memory(3702): note: or       'bool std::operator ==(const std::unique_ptr<_Ty,_Dx> &,const std::unique_ptr<_Ty2,_Dx2> &)'
C:\DarkAngel\apps\editor\editor_composer.cpp(18): note: 'bool std::operator ==(const std::unique_ptr<_Ty,_Dx> &,const std::unique_ptr<_Ty2,_Dx2> &)': could not deduce template argument for 'const std::unique_ptr<_Ty,_Dx> &' from 'std::string'
C:\Program Files\Microsoft Visual Studio\18\Community\VC\Tools\MSVC\14.51.36231\include\memory(3748): note: or       'bool std::operator ==(const std::unique_ptr<_Ty,_Dx> &,std::nullptr_t) noexcept'
C:\DarkAngel\apps\editor\editor_composer.cpp(18): note: 'bool std::operator ==(const std::unique_ptr<_Ty,_Dx> &,std::nullptr_t) noexcept': could not deduce template argument for 'const std::unique_ptr<_Ty,_Dx> &' from 'std::string'
C:\Program Files\Microsoft Visual Studio\18\Community\VC\Tools\MSVC\14.51.36231\include\vector(2274): note: or       'bool std::operator ==(const std::vector<_Ty,_Alloc> &,const std::vector<_Ty,_Alloc> &)'
C:\DarkAngel\apps\editor\editor_composer.cpp(18): note: 'bool std::operator ==(const std::vector<_Ty,_Alloc> &,const std::vector<_Ty,_Alloc> &)': could not deduce template argument for 'const std::vector<_Ty,_Alloc> &' from 'std::string'
C:\Program Files\Microsoft Visual Studio\18\Community\VC\Tools\MSVC\14.51.36231\include\map(399): note: or       'bool std::operator ==(const std::map<_Kty,_Ty,_Pr,_Alloc> &,const std::map<_Kty,_Ty,_Pr,_Alloc> &)'
C:\DarkAngel\apps\editor\editor_composer.cpp(18): note: 'bool std::operator ==(const std::map<_Kty,_Ty,_Pr,_Alloc> &,const std::map<_Kty,_Ty,_Pr,_Alloc> &)': could not deduce template argument for 'const std::map<_Kty,_Ty,_Pr,_Alloc> &' from 'std::string'
C:\Program Files\Microsoft Visual Studio\18\Community\VC\Tools\MSVC\14.51.36231\include\map(629): note: or       'bool std::operator ==(const std::multimap<_Kty,_Ty,_Pr,_Alloc> &,const std::multimap<_Kty,_Ty,_Pr,_Alloc> &)'
C:\DarkAngel\apps\editor\editor_composer.cpp(18): note: 'bool std::operator ==(const std::multimap<_Kty,_Ty,_Pr,_Alloc> &,const std::multimap<_Kty,_Ty,_Pr,_Alloc> &)': could not deduce template argument for 'const std::multimap<_Kty,_Ty,_Pr,_Alloc> &' from 'std::string'
C:\Program Files\Microsoft Visual Studio\18\Community\VC\Tools\MSVC\14.51.36231\include\iterator(304): note: or       'bool std::operator ==(const std::istream_iterator<_Ty,_Elem,_Traits,_Diff> &,const std::istream_iterator<_Ty,_Elem,_Traits,_Diff> &) noexcept'
C:\DarkAngel\apps\editor\editor_composer.cpp(18): note: 'bool std::operator ==(const std::istream_iterator<_Ty,_Elem,_Traits,_Diff> &,const std::istream_iterator<_Ty,_Elem,_Traits,_Diff> &) noexcept': could not deduce template argument for 'const std::istream_iterator<_Ty,_Elem,_Traits,_Diff> &' from 'std::string'
C:\Program Files\Microsoft Visual Studio\18\Community\VC\Tools\MSVC\14.51.36231\include\iterator(486): note: or       'bool std::operator ==(const std::istreambuf_iterator<_Elem,_Traits> &,const std::istreambuf_iterator<_Elem,_Traits> &)'
C:\DarkAngel\apps\editor\editor_composer.cpp(18): note: 'bool std::operator ==(const std::istreambuf_iterator<_Elem,_Traits> &,const std::istreambuf_iterator<_Elem,_Traits> &)': could not deduce template argument for 'const std::istreambuf_iterator<_Elem,_Traits> &' from 'std::string'
C:\Program Files\Microsoft Visual Studio\18\Community\VC\Tools\MSVC\14.51.36231\include\forward_list(1588): note: or       'bool std::operator ==(const std::forward_list<_Ty,_Alloc> &,const std::forward_list<_Ty,_Alloc> &)'
C:\DarkAngel\apps\editor\editor_composer.cpp(18): note: 'bool std::operator ==(const std::forward_list<_Ty,_Alloc> &,const std::forward_list<_Ty,_Alloc> &)': could not deduce template argument for 'const std::forward_list<_Ty,_Alloc> &' from 'std::string'
C:\Program Files\Microsoft Visual Studio\18\Community\VC\Tools\MSVC\14.51.36231\include\optional(682): note: or       'bool std::operator ==(const std::optional<_Ty> &,const std::optional<_Ty2> &) noexcept(<expr>)'
C:\DarkAngel\apps\editor\editor_composer.cpp(18): note: 'bool std::operator ==(const std::optional<_Ty> &,const std::optional<_Ty2> &) noexcept(<expr>)': could not deduce template argument for 'const std::optional<_Ty> &' from 'std::string'
C:\Program Files\Microsoft Visual Studio\18\Community\VC\Tools\MSVC\14.51.36231\include\optional(798): note: or       'bool std::operator ==(const std::optional<_Ty> &,std::nullopt_t) noexcept'
C:\DarkAngel\apps\editor\editor_composer.cpp(18): note: 'bool std::operator ==(const std::optional<_Ty> &,std::nullopt_t) noexcept': could not deduce template argument for 'const std::optional<_Ty> &' from 'std::string'
C:\Program Files\Microsoft Visual Studio\18\Community\VC\Tools\MSVC\14.51.36231\include\optional(887): note: or       'bool std::operator ==(const std::optional<_Ty> &,const _Ty2 &) noexcept(<expr>)'
C:\DarkAngel\apps\editor\editor_composer.cpp(18): note: 'bool std::operator ==(const std::optional<_Ty> &,const _Ty2 &) noexcept(<expr>)': could not deduce template argument for 'const std::optional<_Ty> &' from 'std::string'
C:\Program Files\Microsoft Visual Studio\18\Community\VC\Tools\MSVC\14.51.36231\include\optional(896): note: or       'bool std::operator ==(const _Ty1 &,const std::optional<_Ty2> &) noexcept(<expr>)'
C:\DarkAngel\apps\editor\editor_composer.cpp(18): note: 'bool std::operator ==(const _Ty1 &,const std::optional<_Ty2> &) noexcept(<expr>)': could not deduce template argument for 'const std::optional<_Ty2> &' from 'const nlohmann::json_abi_v3_12_0::basic_json<std::map,std::vector,std::string,bool,int64_t,uint64_t,double,std::allocator,nlohmann::json_abi_v3_12_0::adl_serializer,std::vector<uint8_t,std::allocator<uint8_t>>,void>'
C:\Program Files\Microsoft Visual Studio\18\Community\VC\Tools\MSVC\14.51.36231\include\list(1890): note: or       'bool std::operator ==(const std::list<_Ty,_Alloc> &,const std::list<_Ty,_Alloc> &)'
C:\DarkAngel\apps\editor\editor_composer.cpp(18): note: 'bool std::operator ==(const std::list<_Ty,_Alloc> &,const std::list<_Ty,_Alloc> &)': could not deduce template argument for 'const std::list<_Ty,_Alloc> &' from 'std::string'
C:\Program Files\Microsoft Visual Studio\18\Community\VC\Tools\MSVC\14.51.36231\include\unordered_map(532): note: or       'bool std::operator ==(const std::unordered_map<_Kty,_Ty,_Hasher,_Keyeq,_Alloc> &,const std::unordered_map<_Kty,_Ty,_Hasher,_Keyeq,_Alloc> &)'
C:\DarkAngel\apps\editor\editor_composer.cpp(18): note: 'bool std::operator ==(const std::unordered_map<_Kty,_Ty,_Hasher,_Keyeq,_Alloc> &,const std::unordered_map<_Kty,_Ty,_Hasher,_Keyeq,_Alloc> &)': could not deduce template argument for 'const std::unordered_map<_Kty,_Ty,_Hasher,_Keyeq,_Alloc> &' from 'std::string'
C:\Program Files\Microsoft Visual Studio\18\Community\VC\Tools\MSVC\14.51.36231\include\unordered_map(903): note: or       'bool std::operator ==(const std::unordered_multimap<_Kty,_Ty,_Hasher,_Keyeq,_Alloc> &,const std::unordered_multimap<_Kty,_Ty,_Hasher,_Keyeq,_Alloc> &)'
C:\DarkAngel\apps\editor\editor_composer.cpp(18): note: 'bool std::operator ==(const std::unordered_multimap<_Kty,_Ty,_Hasher,_Keyeq,_Alloc> &,const std::unordered_multimap<_Kty,_Ty,_Hasher,_Keyeq,_Alloc> &)': could not deduce template argument for 'const std::unordered_multimap<_Kty,_Ty,_Hasher,_Keyeq,_Alloc> &' from 'std::string'
C:\Program Files\Microsoft Visual Studio\18\Community\VC\Tools\MSVC\14.51.36231\include\functional(1421): note: or       'bool std::operator ==(const std::function<_Fty> &,std::nullptr_t) noexcept'
C:\DarkAngel\apps\editor\editor_composer.cpp(18): note: 'bool std::operator ==(const std::function<_Fty> &,std::nullptr_t) noexcept': could not deduce template argument for 'const std::function<_Fty> &' from 'std::string'
C:\Program Files\Microsoft Visual Studio\18\Community\VC\Tools\MSVC\14.51.36231\include\valarray(1018): note: or       'std::_Boolarray std::operator ==(const std::valarray<_Ty> &,const valarray<_Ty>::value_type &)'
C:\DarkAngel\apps\editor\editor_composer.cpp(18): note: 'std::_Boolarray std::operator ==(const std::valarray<_Ty> &,const valarray<_Ty>::value_type &)': could not deduce template argument for 'const std::valarray<_Ty> &' from 'std::string'
C:\Program Files\Microsoft Visual Studio\18\Community\VC\Tools\MSVC\14.51.36231\include\valarray(1028): note: or       'std::_Boolarray std::operator ==(const valarray<_Ty>::value_type &,const std::valarray<_Ty> &)'
C:\DarkAngel\apps\editor\editor_composer.cpp(18): note: 'std::_Boolarray std::operator ==(const valarray<_Ty>::value_type &,const std::valarray<_Ty> &)': could not deduce template argument for 'const std::valarray<_Ty> &' from 'const nlohmann::json_abi_v3_12_0::basic_json<std::map,std::vector,std::string,bool,int64_t,uint64_t,double,std::allocator,nlohmann::json_abi_v3_12_0::adl_serializer,std::vector<uint8_t,std::allocator<uint8_t>>,void>'
C:\Program Files\Microsoft Visual Studio\18\Community\VC\Tools\MSVC\14.51.36231\include\valarray(1038): note: or       'std::_Boolarray std::operator ==(const std::valarray<_Ty> &,const std::valarray<_Ty> &)'
C:\DarkAngel\apps\editor\editor_composer.cpp(18): note: 'std::_Boolarray std::operator ==(const std::valarray<_Ty> &,const std::valarray<_Ty> &)': could not deduce template argument for 'const std::valarray<_Ty> &' from 'std::string'
C:\Program Files\Microsoft Visual Studio\18\Community\VC\Tools\MSVC\14.51.36231\include\utility(560): note: or 'bool std::operator ==(const std::pair<_Ty1,_Ty2> &,const std::pair<_Uty1,_Uty2> &)' [synthesized expression 'y == x']
C:\DarkAngel\apps\editor\editor_composer.cpp(18): note: 'bool std::operator ==(const std::pair<_Ty1,_Ty2> &,const std::pair<_Uty1,_Uty2> &)': could not deduce template argument for 'const std::pair<_Ty1,_Ty2> &' from 'const nlohmann::json_abi_v3_12_0::basic_json<std::map,std::vector,std::string,bool,int64_t,uint64_t,double,std::allocator,nlohmann::json_abi_v3_12_0::adl_serializer,std::vector<uint8_t,std::allocator<uint8_t>>,void>'
C:\Program Files\Microsoft Visual Studio\18\Community\VC\Tools\MSVC\14.51.36231\include\xutility(2095): note: or 'bool std::operator ==(const std::reverse_iterator<_BidIt> &,const std::reverse_iterator<_BidIt2> &) noexcept(<expr>)' [synthesized expression 'y == x']
C:\DarkAngel\apps\editor\editor_composer.cpp(18): note: 'bool std::operator ==(const std::reverse_iterator<_BidIt> &,const std::reverse_iterator<_BidIt2> &) noexcept(<expr>)': could not deduce template argument for 'const std::reverse_iterator<_BidIt> &' from 'const nlohmann::json_abi_v3_12_0::basic_json<std::map,std::vector,std::string,bool,int64_t,uint64_t,double,std::allocator,nlohmann::json_abi_v3_12_0::adl_serializer,std::vector<uint8_t,std::allocator<uint8_t>>,void>'
C:\Program Files\Microsoft Visual Studio\18\Community\VC\Tools\MSVC\14.51.36231\include\xutility(4641): note: or 'bool std::operator ==(const std::move_iterator<_Iter> &,const std::move_iterator<_Iter2> &) noexcept(<expr>)' [synthesized expression 'y == x']
C:\DarkAngel\apps\editor\editor_composer.cpp(18): note: 'bool std::operator ==(const std::move_iterator<_Iter> &,const std::move_iterator<_Iter2> &) noexcept(<expr>)': could not deduce template argument for 'const std::move_iterator<_Iter> &' from 'const nlohmann::json_abi_v3_12_0::basic_json<std::map,std::vector,std::string,bool,int64_t,uint64_t,double,std::allocator,nlohmann::json_abi_v3_12_0::adl_serializer,std::vector<uint8_t,std::allocator<uint8_t>>,void>'
C:\Program Files\Microsoft Visual Studio\18\Community\VC\Tools\MSVC\14.51.36231\include\array(767): note: or 'bool std::operator ==(const std::array<_Ty,_Size> &,const std::array<_Ty,_Size> &)' [synthesized expression 'y == x']
C:\DarkAngel\apps\editor\editor_composer.cpp(18): note: 'bool std::operator ==(const std::array<_Ty,_Size> &,const std::array<_Ty,_Size> &)': could not deduce template argument for 'const std::array<_Ty,_Size> &' from 'const nlohmann::json_abi_v3_12_0::basic_json<std::map,std::vector,std::string,bool,int64_t,uint64_t,double,std::allocator,nlohmann::json_abi_v3_12_0::adl_serializer,std::vector<uint8_t,std::allocator<uint8_t>>,void>'
C:\Program Files\Microsoft Visual Studio\18\Community\VC\Tools\MSVC\14.51.36231\include\__msvc_string_view.hpp(1966): note: or 'bool std::operator ==(const std::basic_string_view<_Elem,_Traits>,const type_identity<std::basic_string_view<_Elem,_Traits>>::type) noexcept' [synthesized expression 'y == x']
C:\DarkAngel\apps\editor\editor_composer.cpp(18): note: 'bool std::operator ==(const std::basic_string_view<_Elem,_Traits>,const type_identity<std::basic_string_view<_Elem,_Traits>>::type) noexcept': could not deduce template argument for 'const std::basic_string_view<_Elem,_Traits>' from 'const nlohmann::json_abi_v3_12_0::basic_json<std::map,std::vector,std::string,bool,int64_t,uint64_t,double,std::allocator,nlohmann::json_abi_v3_12_0::adl_serializer,std::vector<uint8_t,std::allocator<uint8_t>>,void>'
C:\Program Files\Microsoft Visual Studio\18\Community\VC\Tools\MSVC\14.51.36231\include\tuple(1026): note: or 'bool std::operator ==(const std::tuple<_Types...> &,const std::tuple<_Types...> &)' [synthesized expression 'y == x']
C:\DarkAngel\apps\editor\editor_composer.cpp(18): note: 'bool std::operator ==(const std::tuple<_Types...> &,const std::tuple<_Types...> &)': could not deduce template argument for 'const std::tuple<_Types...> &' from 'const nlohmann::json_abi_v3_12_0::basic_json<std::map,std::vector,std::string,bool,int64_t,uint64_t,double,std::allocator,nlohmann::json_abi_v3_12_0::adl_serializer,std::vector<uint8_t,std::allocator<uint8_t>>,void>'
C:\Program Files\Microsoft Visual Studio\18\Community\VC\Tools\MSVC\14.51.36231\include\xmemory(1054): note: or 'bool std::operator ==(const std::allocator<_Ty> &,const std::allocator<_Other> &) noexcept' [synthesized expression 'y == x']
C:\DarkAngel\apps\editor\editor_composer.cpp(18): note: 'bool std::operator ==(const std::allocator<_Ty> &,const std::allocator<_Other> &) noexcept': could not deduce template argument for 'const std::allocator<_Ty> &' from 'const nlohmann::json_abi_v3_12_0::basic_json<std::map,std::vector,std::string,bool,int64_t,uint64_t,double,std::allocator,nlohmann::json_abi_v3_12_0::adl_serializer,std::vector<uint8_t,std::allocator<uint8_t>>,void>'
C:\Program Files\Microsoft Visual Studio\18\Community\VC\Tools\MSVC\14.51.36231\include\xstring(3390): note: or 'bool std::operator ==(const std::basic_string<_Elem,_Traits,_Alloc> &,const std::basic_string<_Elem,_Traits,_Alloc> &) noexcept' [synthesized expression 'y == x']
C:\DarkAngel\apps\editor\editor_composer.cpp(18): note: 'bool std::operator ==(const std::basic_string<_Elem,_Traits,_Alloc> &,const std::basic_string<_Elem,_Traits,_Alloc> &) noexcept': could not deduce template argument for 'const std::basic_string<_Elem,_Traits,_Alloc> &' from 'const nlohmann::json_abi_v3_12_0::basic_json<std::map,std::vector,std::string,bool,int64_t,uint64_t,double,std::allocator,nlohmann::json_abi_v3_12_0::adl_serializer,std::vector<uint8_t,std::allocator<uint8_t>>,void>'
C:\Program Files\Microsoft Visual Studio\18\Community\VC\Tools\MSVC\14.51.36231\include\xstring(3396): note: or 'bool std::operator ==(const std::basic_string<_Elem,_Traits,_Alloc> &,const _Elem *const ) noexcept' [synthesized expression 'y == x']
C:\DarkAngel\apps\editor\editor_composer.cpp(18): note: 'bool std::operator ==(const std::basic_string<_Elem,_Traits,_Alloc> &,const _Elem *const ) noexcept': could not deduce template argument for 'const std::basic_string<_Elem,_Traits,_Alloc> &' from 'const nlohmann::json_abi_v3_12_0::basic_json<std::map,std::vector,std::string,bool,int64_t,uint64_t,double,std::allocator,nlohmann::json_abi_v3_12_0::adl_serializer,std::vector<uint8_t,std::allocator<uint8_t>>,void>'
C:\Program Files\Microsoft Visual Studio\18\Community\VC\Tools\MSVC\14.51.36231\include\memory(1911): note: or 'bool std::operator ==(const std::shared_ptr<_Ty> &,const std::shared_ptr<_Ty0> &) noexcept' [synthesized expression 'y == x']
C:\DarkAngel\apps\editor\editor_composer.cpp(18): note: 'bool std::operator ==(const std::shared_ptr<_Ty> &,const std::shared_ptr<_Ty0> &) noexcept': could not deduce template argument for 'const std::shared_ptr<_Ty> &' from 'const nlohmann::json_abi_v3_12_0::basic_json<std::map,std::vector,std::string,bool,int64_t,uint64_t,double,std::allocator,nlohmann::json_abi_v3_12_0::adl_serializer,std::vector<uint8_t,std::allocator<uint8_t>>,void>'
C:\Program Files\Microsoft Visual Studio\18\Community\VC\Tools\MSVC\14.51.36231\include\memory(1948): note: or 'bool std::operator ==(const std::shared_ptr<_Ty> &,std::nullptr_t) noexcept' [synthesized expression 'y == x']
C:\DarkAngel\apps\editor\editor_composer.cpp(18): note: 'bool std::operator ==(const std::shared_ptr<_Ty> &,std::nullptr_t) noexcept': could not deduce template argument for 'const std::shared_ptr<_Ty> &' from 'const nlohmann::json_abi_v3_12_0::basic_json<std::map,std::vector,std::string,bool,int64_t,uint64_t,double,std::allocator,nlohmann::json_abi_v3_12_0::adl_serializer,std::vector<uint8_t,std::allocator<uint8_t>>,void>'
C:\Program Files\Microsoft Visual Studio\18\Community\VC\Tools\MSVC\14.51.36231\include\memory(3702): note: or 'bool std::operator ==(const std::unique_ptr<_Ty,_Dx> &,const std::unique_ptr<_Ty2,_Dx2> &)' [synthesized expression 'y == x']
C:\DarkAngel\apps\editor\editor_composer.cpp(18): note: 'bool std::operator ==(const std::unique_ptr<_Ty,_Dx> &,const std::unique_ptr<_Ty2,_Dx2> &)': could not deduce template argument for 'const std::unique_ptr<_Ty,_Dx> &' from 'const nlohmann::json_abi_v3_12_0::basic_json<std::map,std::vector,std::string,bool,int64_t,uint64_t,double,std::allocator,nlohmann::json_abi_v3_12_0::adl_serializer,std::vector<uint8_t,std::allocator<uint8_t>>,void>'
C:\Program Files\Microsoft Visual Studio\18\Community\VC\Tools\MSVC\14.51.36231\include\memory(3748): note: or 'bool std::operator ==(const std::unique_ptr<_Ty,_Dx> &,std::nullptr_t) noexcept' [synthesized expression 'y == x']
C:\DarkAngel\apps\editor\editor_composer.cpp(18): note: 'bool std::operator ==(const std::unique_ptr<_Ty,_Dx> &,std::nullptr_t) noexcept': could not deduce template argument for 'const std::unique_ptr<_Ty,_Dx> &' from 'const nlohmann::json_abi_v3_12_0::basic_json<std::map,std::vector,std::string,bool,int64_t,uint64_t,double,std::allocator,nlohmann::json_abi_v3_12_0::adl_serializer,std::vector<uint8_t,std::allocator<uint8_t>>,void>'
C:\Program Files\Microsoft Visual Studio\18\Community\VC\Tools\MSVC\14.51.36231\include\vector(2274): note: or 'bool std::operator ==(const std::vector<_Ty,_Alloc> &,const std::vector<_Ty,_Alloc> &)' [synthesized expression 'y == x']
C:\DarkAngel\apps\editor\editor_composer.cpp(18): note: 'bool std::operator ==(const std::vector<_Ty,_Alloc> &,const std::vector<_Ty,_Alloc> &)': could not deduce template argument for 'const std::vector<_Ty,_Alloc> &' from 'const nlohmann::json_abi_v3_12_0::basic_json<std::map,std::vector,std::string,bool,int64_t,uint64_t,double,std::allocator,nlohmann::json_abi_v3_12_0::adl_serializer,std::vector<uint8_t,std::allocator<uint8_t>>,void>'
C:\Program Files\Microsoft Visual Studio\18\Community\VC\Tools\MSVC\14.51.36231\include\map(399): note: or 'bool std::operator ==(const std::map<_Kty,_Ty,_Pr,_Alloc> &,const std::map<_Kty,_Ty,_Pr,_Alloc> &)' [synthesized expression 'y == x']
C:\DarkAngel\apps\editor\editor_composer.cpp(18): note: 'bool std::operator ==(const std::map<_Kty,_Ty,_Pr,_Alloc> &,const std::map<_Kty,_Ty,_Pr,_Alloc> &)': could not deduce template argument for 'const std::map<_Kty,_Ty,_Pr,_Alloc> &' from 'const nlohmann::json_abi_v3_12_0::basic_json<std::map,std::vector,std::string,bool,int64_t,uint64_t,double,std::allocator,nlohmann::json_abi_v3_12_0::adl_serializer,std::vector<uint8_t,std::allocator<uint8_t>>,void>'
C:\Program Files\Microsoft Visual Studio\18\Community\VC\Tools\MSVC\14.51.36231\include\map(629): note: or 'bool std::operator ==(const std::multimap<_Kty,_Ty,_Pr,_Alloc> &,const std::multimap<_Kty,_Ty,_Pr,_Alloc> &)' [synthesized expression 'y == x']
C:\DarkAngel\apps\editor\editor_composer.cpp(18): note: 'bool std::operator ==(const std::multimap<_Kty,_Ty,_Pr,_Alloc> &,const std::multimap<_Kty,_Ty,_Pr,_Alloc> &)': could not deduce template argument for 'const std::multimap<_Kty,_Ty,_Pr,_Alloc> &' from 'const nlohmann::json_abi_v3_12_0::basic_json<std::map,std::vector,std::string,bool,int64_t,uint64_t,double,std::allocator,nlohmann::json_abi_v3_12_0::adl_serializer,std::vector<uint8_t,std::allocator<uint8_t>>,void>'
C:\Program Files\Microsoft Visual Studio\18\Community\VC\Tools\MSVC\14.51.36231\include\iterator(304): note: or 'bool std::operator ==(const std::istream_iterator<_Ty,_Elem,_Traits,_Diff> &,const std::istream_iterator<_Ty,_Elem,_Traits,_Diff> &) noexcept' [synthesized expression 'y == x']
C:\DarkAngel\apps\editor\editor_composer.cpp(18): note: 'bool std::operator ==(const std::istream_iterator<_Ty,_Elem,_Traits,_Diff> &,const std::istream_iterator<_Ty,_Elem,_Traits,_Diff> &) noexcept': could not deduce template argument for 'const std::istream_iterator<_Ty,_Elem,_Traits,_Diff> &' from 'const nlohmann::json_abi_v3_12_0::basic_json<std::map,std::vector,std::string,bool,int64_t,uint64_t,double,std::allocator,nlohmann::json_abi_v3_12_0::adl_serializer,std::vector<uint8_t,std::allocator<uint8_t>>,void>'
C:\Program Files\Microsoft Visual Studio\18\Community\VC\Tools\MSVC\14.51.36231\include\iterator(486): note: or 'bool std::operator ==(const std::istreambuf_iterator<_Elem,_Traits> &,const std::istreambuf_iterator<_Elem,_Traits> &)' [synthesized expression 'y == x']
C:\DarkAngel\apps\editor\editor_composer.cpp(18): note: 'bool std::operator ==(const std::istreambuf_iterator<_Elem,_Traits> &,const std::istreambuf_iterator<_Elem,_Traits> &)': could not deduce template argument for 'const std::istreambuf_iterator<_Elem,_Traits> &' from 'const nlohmann::json_abi_v3_12_0::basic_json<std::map,std::vector,std::string,bool,int64_t,uint64_t,double,std::allocator,nlohmann::json_abi_v3_12_0::adl_serializer,std::vector<uint8_t,std::allocator<uint8_t>>,void>'
C:\Program Files\Microsoft Visual Studio\18\Community\VC\Tools\MSVC\14.51.36231\include\forward_list(1588): note: or 'bool std::operator ==(const std::forward_list<_Ty,_Alloc> &,const std::forward_list<_Ty,_Alloc> &)' [synthesized expression 'y == x']
C:\DarkAngel\apps\editor\editor_composer.cpp(18): note: 'bool std::operator ==(const std::forward_list<_Ty,_Alloc> &,const std::forward_list<_Ty,_Alloc> &)': could not deduce template argument for 'const std::forward_list<_Ty,_Alloc> &' from 'const nlohmann::json_abi_v3_12_0::basic_json<std::map,std::vector,std::string,bool,int64_t,uint64_t,double,std::allocator,nlohmann::json_abi_v3_12_0::adl_serializer,std::vector<uint8_t,std::allocator<uint8_t>>,void>'
C:\Program Files\Microsoft Visual Studio\18\Community\VC\Tools\MSVC\14.51.36231\include\optional(682): note: or 'bool std::operator ==(const std::optional<_Ty> &,const std::optional<_Ty2> &) noexcept(<expr>)' [synthesized expression 'y == x']
C:\DarkAngel\apps\editor\editor_composer.cpp(18): note: 'bool std::operator ==(const std::optional<_Ty> &,const std::optional<_Ty2> &) noexcept(<expr>)': could not deduce template argument for 'const std::optional<_Ty> &' from 'const nlohmann::json_abi_v3_12_0::basic_json<std::map,std::vector,std::string,bool,int64_t,uint64_t,double,std::allocator,nlohmann::json_abi_v3_12_0::adl_serializer,std::vector<uint8_t,std::allocator<uint8_t>>,void>'
C:\Program Files\Microsoft Visual Studio\18\Community\VC\Tools\MSVC\14.51.36231\include\optional(798): note: or 'bool std::operator ==(const std::optional<_Ty> &,std::nullopt_t) noexcept' [synthesized expression 'y == x']
C:\DarkAngel\apps\editor\editor_composer.cpp(18): note: 'bool std::operator ==(const std::optional<_Ty> &,std::nullopt_t) noexcept': could not deduce template argument for 'const std::optional<_Ty> &' from 'const nlohmann::json_abi_v3_12_0::basic_json<std::map,std::vector,std::string,bool,int64_t,uint64_t,double,std::allocator,nlohmann::json_abi_v3_12_0::adl_serializer,std::vector<uint8_t,std::allocator<uint8_t>>,void>'
C:\Program Files\Microsoft Visual Studio\18\Community\VC\Tools\MSVC\14.51.36231\include\optional(887): note: or 'bool std::operator ==(const std::optional<_Ty> &,const _Ty2 &) noexcept(<expr>)' [synthesized expression 'y == x']
C:\DarkAngel\apps\editor\editor_composer.cpp(18): note: 'bool std::operator ==(const std::optional<_Ty> &,const _Ty2 &) noexcept(<expr>)': could not deduce template argument for 'const std::optional<_Ty> &' from 'const nlohmann::json_abi_v3_12_0::basic_json<std::map,std::vector,std::string,bool,int64_t,uint64_t,double,std::allocator,nlohmann::json_abi_v3_12_0::adl_serializer,std::vector<uint8_t,std::allocator<uint8_t>>,void>'
C:\Program Files\Microsoft Visual Studio\18\Community\VC\Tools\MSVC\14.51.36231\include\optional(896): note: or 'bool std::operator ==(const _Ty1 &,const std::optional<_Ty2> &) noexcept(<expr>)' [synthesized expression 'y == x']
C:\DarkAngel\apps\editor\editor_composer.cpp(18): note: 'bool std::operator ==(const _Ty1 &,const std::optional<_Ty2> &) noexcept(<expr>)': could not deduce template argument for 'const std::optional<_Ty2> &' from 'std::string'
C:\Program Files\Microsoft Visual Studio\18\Community\VC\Tools\MSVC\14.51.36231\include\list(1890): note: or 'bool std::operator ==(const std::list<_Ty,_Alloc> &,const std::list<_Ty,_Alloc> &)' [synthesized expression 'y == x']
C:\DarkAngel\apps\editor\editor_composer.cpp(18): note: 'bool std::operator ==(const std::list<_Ty,_Alloc> &,const std::list<_Ty,_Alloc> &)': could not deduce template argument for 'const std::list<_Ty,_Alloc> &' from 'const nlohmann::json_abi_v3_12_0::basic_json<std::map,std::vector,std::string,bool,int64_t,uint64_t,double,std::allocator,nlohmann::json_abi_v3_12_0::adl_serializer,std::vector<uint8_t,std::allocator<uint8_t>>,void>'
C:\Program Files\Microsoft Visual Studio\18\Community\VC\Tools\MSVC\14.51.36231\include\unordered_map(532): note: or 'bool std::operator ==(const std::unordered_map<_Kty,_Ty,_Hasher,_Keyeq,_Alloc> &,const std::unordered_map<_Kty,_Ty,_Hasher,_Keyeq,_Alloc> &)' [synthesized expression 'y == x']
C:\DarkAngel\apps\editor\editor_composer.cpp(18): note: 'bool std::operator ==(const std::unordered_map<_Kty,_Ty,_Hasher,_Keyeq,_Alloc> &,const std::unordered_map<_Kty,_Ty,_Hasher,_Keyeq,_Alloc> &)': could not deduce template argument for 'const std::unordered_map<_Kty,_Ty,_Hasher,_Keyeq,_Alloc> &' from 'const nlohmann::json_abi_v3_12_0::basic_json<std::map,std::vector,std::string,bool,int64_t,uint64_t,double,std::allocator,nlohmann::json_abi_v3_12_0::adl_serializer,std::vector<uint8_t,std::allocator<uint8_t>>,void>'
C:\Program Files\Microsoft Visual Studio\18\Community\VC\Tools\MSVC\14.51.36231\include\unordered_map(903): note: or 'bool std::operator ==(const std::unordered_multimap<_Kty,_Ty,_Hasher,_Keyeq,_Alloc> &,const std::unordered_multimap<_Kty,_Ty,_Hasher,_Keyeq,_Alloc> &)' [synthesized expression 'y == x']
C:\DarkAngel\apps\editor\editor_composer.cpp(18): note: 'bool std::operator ==(const std::unordered_multimap<_Kty,_Ty,_Hasher,_Keyeq,_Alloc> &,const std::unordered_multimap<_Kty,_Ty,_Hasher,_Keyeq,_Alloc> &)': could not deduce template argument for 'const std::unordered_multimap<_Kty,_Ty,_Hasher,_Keyeq,_Alloc> &' from 'const nlohmann::json_abi_v3_12_0::basic_json<std::map,std::vector,std::string,bool,int64_t,uint64_t,double,std::allocator,nlohmann::json_abi_v3_12_0::adl_serializer,std::vector<uint8_t,std::allocator<uint8_t>>,void>'
C:\Program Files\Microsoft Visual Studio\18\Community\VC\Tools\MSVC\14.51.36231\include\functional(1421): note: or 'bool std::operator ==(const std::function<_Fty> &,std::nullptr_t) noexcept' [synthesized expression 'y == x']
C:\DarkAngel\apps\editor\editor_composer.cpp(18): note: 'bool std::operator ==(const std::function<_Fty> &,std::nullptr_t) noexcept': could not deduce template argument for 'const std::function<_Fty> &' from 'const nlohmann::json_abi_v3_12_0::basic_json<std::map,std::vector,std::string,bool,int64_t,uint64_t,double,std::allocator,nlohmann::json_abi_v3_12_0::adl_serializer,std::vector<uint8_t,std::allocator<uint8_t>>,void>'
C:\Program Files\Microsoft Visual Studio\18\Community\VC\Tools\MSVC\14.51.36231\include\valarray(1018): note: or 'std::_Boolarray std::operator ==(const std::valarray<_Ty> &,const valarray<_Ty>::value_type &)' [synthesized expression 'y == x']
C:\DarkAngel\apps\editor\editor_composer.cpp(18): note: 'std::_Boolarray std::operator ==(const std::valarray<_Ty> &,const valarray<_Ty>::value_type &)': could not deduce template argument for 'const std::valarray<_Ty> &' from 'const nlohmann::json_abi_v3_12_0::basic_json<std::map,std::vector,std::string,bool,int64_t,uint64_t,double,std::allocator,nlohmann::json_abi_v3_12_0::adl_serializer,std::vector<uint8_t,std::allocator<uint8_t>>,void>'
C:\Program Files\Microsoft Visual Studio\18\Community\VC\Tools\MSVC\14.51.36231\include\valarray(1028): note: or 'std::_Boolarray std::operator ==(const valarray<_Ty>::value_type &,const std::valarray<_Ty> &)' [synthesized expression 'y == x']
C:\DarkAngel\apps\editor\editor_composer.cpp(18): note: 'std::_Boolarray std::operator ==(const valarray<_Ty>::value_type &,const std::valarray<_Ty> &)': could not deduce template argument for 'const std::valarray<_Ty> &' from 'std::string'
C:\Program Files\Microsoft Visual Studio\18\Community\VC\Tools\MSVC\14.51.36231\include\valarray(1038): note: or 'std::_Boolarray std::operator ==(const std::valarray<_Ty> &,const std::valarray<_Ty> &)' [synthesized expression 'y == x']
C:\DarkAngel\apps\editor\editor_composer.cpp(18): note: 'std::_Boolarray std::operator ==(const std::valarray<_Ty> &,const std::valarray<_Ty> &)': could not deduce template argument for 'const std::valarray<_Ty> &' from 'const nlohmann::json_abi_v3_12_0::basic_json<std::map,std::vector,std::string,bool,int64_t,uint64_t,double,std::allocator,nlohmann::json_abi_v3_12_0::adl_serializer,std::vector<uint8_t,std::allocator<uint8_t>>,void>'
C:\DarkAngel\apps\editor\editor_composer.cpp(18): note: while trying to match the argument list '(std::string, const nlohmann::json_abi_v3_12_0::basic_json<std::map,std::vector,std::string,bool,int64_t,uint64_t,double,std::allocator,nlohmann::json_abi_v3_12_0::adl_serializer,std::vector<uint8_t,std::allocator<uint8_t>>,void>)'
[12/14] Building CXX object CMakeFiles\DarkAngelEditor.dir\apps\editor\editor_authoring.cpp.obj
ninja: build stopped: subcommand failed.
