[1/20] Scanning C:\DarkAngel\apps\editor\editor_ui.cpp for CXX dependencies
[2/20] Scanning C:\DarkAngel\apps\editor\main.cpp for CXX dependencies
[3/20] Scanning C:\DarkAngel\apps\editor\editor_authoring.cpp for CXX dependencies
[4/20] Scanning C:\DarkAngel\apps\editor\editor_assets.cpp for CXX dependencies
[5/20] Scanning C:\DarkAngel\apps\editor\editor_composer.cpp for CXX dependencies
[6/20] Scanning C:\DarkAngel\apps\editor\editor_workspaces.cpp for CXX dependencies
[7/20] Generating CXX dyndep file CMakeFiles\DarkAngelEditor.dir\CXX.dd
[8/14] Building CXX object CMakeFiles\DarkAngelEditor.dir\apps\editor\editor_ui.cpp.obj
C:\DarkAngel\apps\editor\editor_ui.cpp(50): warning C4244: 'argument': conversion from 'double' to 'float', possible loss of data
C:\DarkAngel\apps\editor\editor_ui.cpp(50): warning C4244: 'argument': conversion from 'double' to 'float', possible loss of data
C:\DarkAngel\apps\editor\editor_ui.cpp(50): warning C4244: 'argument': conversion from 'double' to 'float', possible loss of data
C:\DarkAngel\apps\editor\editor_ui.cpp(50): warning C4244: 'argument': conversion from 'double' to 'float', possible loss of data
C:\DarkAngel\apps\editor\editor_ui.cpp(50): warning C4244: 'argument': conversion from 'double' to 'float', possible loss of data
C:\DarkAngel\apps\editor\editor_ui.cpp(50): warning C4244: 'argument': conversion from 'double' to 'float', possible loss of data
C:\DarkAngel\apps\editor\editor_ui.cpp(50): warning C4244: 'argument': conversion from 'double' to 'float', possible loss of data
C:\DarkAngel\apps\editor\editor_ui.cpp(50): warning C4244: 'argument': conversion from 'double' to 'float', possible loss of data
C:\DarkAngel\apps\editor\editor_ui.cpp(50): warning C4244: 'argument': conversion from 'double' to 'float', possible loss of data
[9/14] Building CXX object CMakeFiles\DarkAngelEditor.dir\apps\editor\editor_assets.cpp.obj
C:\DarkAngel\apps\editor\editor_assets.cpp(58): warning C4458: declaration of 'draft' hides class member
C:\DarkAngel\apps\editor\editor_ui.hpp(64): note: see declaration of 'darkangel::editor_app::Shell::draft'
[10/14] Building CXX object CMakeFiles\DarkAngelEditor.dir\apps\editor\main.cpp.obj
C:\DarkAngel\apps\editor\main.cpp(308): warning C4456: declaration of 'id' hides previous local declaration
C:\DarkAngel\apps\editor\main.cpp(154): note: see declaration of 'id'
C:\DarkAngel\apps\editor\main.cpp(318): warning C4456: declaration of 'source' hides previous local declaration
C:\DarkAngel\apps\editor\main.cpp(165): note: see declaration of 'source'
C:\DarkAngel\apps\editor\main.cpp(387): warning C4244: 'argument': conversion from 'double' to 'float', possible loss of data
C:\DarkAngel\apps\editor\main.cpp(387): warning C4244: 'argument': conversion from 'double' to 'float', possible loss of data
C:\DarkAngel\apps\editor\main.cpp(387): warning C4244: 'argument': conversion from 'double' to 'float', possible loss of data
C:\DarkAngel\apps\editor\main.cpp(387): warning C4244: 'argument': conversion from 'double' to 'float', possible loss of data
C:\DarkAngel\apps\editor\main.cpp(387): warning C4244: 'argument': conversion from 'double' to 'float', possible loss of data
C:\DarkAngel\apps\editor\main.cpp(387): warning C4244: 'argument': conversion from 'double' to 'float', possible loss of data
C:\DarkAngel\apps\editor\main.cpp(387): warning C4244: 'argument': conversion from 'double' to 'float', possible loss of data
C:\DarkAngel\apps\editor\main.cpp(387): warning C4244: 'argument': conversion from 'double' to 'float', possible loss of data
C:\DarkAngel\apps\editor\main.cpp(387): warning C4244: 'argument': conversion from 'double' to 'float', possible loss of data
C:\DarkAngel\apps\editor\main.cpp(406): warning C4456: declaration of 'id' hides previous local declaration
C:\DarkAngel\apps\editor\main.cpp(154): note: see declaration of 'id'
C:\DarkAngel\apps\editor\main.cpp(406): warning C4456: declaration of 'id' hides previous local declaration
C:\DarkAngel\apps\editor\main.cpp(154): note: see declaration of 'id'
[11/14] Building CXX object CMakeFiles\DarkAngelEditor.dir\apps\editor\editor_composer.cpp.obj
[12/14] Building CXX object CMakeFiles\DarkAngelEditor.dir\apps\editor\editor_authoring.cpp.obj
C:\DarkAngel\apps\editor\editor_authoring.cpp(189): warning C4458: declaration of 'draft' hides class member
C:\DarkAngel\apps\editor\editor_ui.hpp(64): note: see declaration of 'darkangel::editor_app::Shell::draft'
[13/14] Building CXX object CMakeFiles\DarkAngelEditor.dir\apps\editor\editor_workspaces.cpp.obj
C:\DarkAngel\apps\editor\editor_workspaces.cpp(47): warning C4458: declaration of 'draft' hides class member
C:\DarkAngel\apps\editor\editor_ui.hpp(64): note: see declaration of 'darkangel::editor_app::Shell::draft'
[14/14] Linking CXX executable DarkAngelEditor.exe
[1/15] Scanning C:\DarkAngel\apps\editor\editor_authoring.cpp for CXX dependencies
[2/15] Generating CXX dyndep file CMakeFiles\DarkAngelEditor.dir\CXX.dd
[3/4] Building CXX object CMakeFiles\DarkAngelEditor.dir\apps\editor\editor_authoring.cpp.obj
C:\DarkAngel\apps\editor\editor_authoring.cpp(189): warning C4458: declaration of 'draft' hides class member
C:\DarkAngel\apps\editor\editor_ui.hpp(64): note: see declaration of 'darkangel::editor_app::Shell::draft'
[4/4] Linking CXX executable DarkAngelEditor.exe
[1/20] Scanning C:\DarkAngel\apps\editor\editor_ui.cpp for CXX dependencies
[2/20] Scanning C:\DarkAngel\apps\editor\main.cpp for CXX dependencies
[3/20] Scanning C:\DarkAngel\apps\editor\editor_authoring.cpp for CXX dependencies
[4/20] Scanning C:\DarkAngel\apps\editor\editor_assets.cpp for CXX dependencies
[5/20] Scanning C:\DarkAngel\apps\editor\editor_composer.cpp for CXX dependencies
[6/20] Scanning C:\DarkAngel\apps\editor\editor_workspaces.cpp for CXX dependencies
[7/20] Generating CXX dyndep file CMakeFiles\DarkAngelEditor.dir\CXX.dd
[8/14] Building CXX object CMakeFiles\DarkAngelEditor.dir\apps\editor\editor_ui.cpp.obj
C:\DarkAngel\apps\editor\editor_ui.cpp(50): warning C4244: 'argument': conversion from 'double' to 'float', possible loss of data
C:\DarkAngel\apps\editor\editor_ui.cpp(50): warning C4244: 'argument': conversion from 'double' to 'float', possible loss of data
C:\DarkAngel\apps\editor\editor_ui.cpp(50): warning C4244: 'argument': conversion from 'double' to 'float', possible loss of data
C:\DarkAngel\apps\editor\editor_ui.cpp(50): warning C4244: 'argument': conversion from 'double' to 'float', possible loss of data
C:\DarkAngel\apps\editor\editor_ui.cpp(50): warning C4244: 'argument': conversion from 'double' to 'float', possible loss of data
C:\DarkAngel\apps\editor\editor_ui.cpp(50): warning C4244: 'argument': conversion from 'double' to 'float', possible loss of data
C:\DarkAngel\apps\editor\editor_ui.cpp(50): warning C4244: 'argument': conversion from 'double' to 'float', possible loss of data
C:\DarkAngel\apps\editor\editor_ui.cpp(50): warning C4244: 'argument': conversion from 'double' to 'float', possible loss of data
C:\DarkAngel\apps\editor\editor_ui.cpp(50): warning C4244: 'argument': conversion from 'double' to 'float', possible loss of data
[9/14] Building CXX object CMakeFiles\DarkAngelEditor.dir\apps\editor\editor_assets.cpp.obj
C:\DarkAngel\apps\editor\editor_assets.cpp(58): warning C4458: declaration of 'draft' hides class member
C:\DarkAngel\apps\editor\editor_ui.hpp(64): note: see declaration of 'darkangel::editor_app::Shell::draft'
[10/14] Building CXX object CMakeFiles\DarkAngelEditor.dir\apps\editor\main.cpp.obj
C:\DarkAngel\apps\editor\main.cpp(308): warning C4456: declaration of 'id' hides previous local declaration
C:\DarkAngel\apps\editor\main.cpp(154): note: see declaration of 'id'
C:\DarkAngel\apps\editor\main.cpp(318): warning C4456: declaration of 'source' hides previous local declaration
C:\DarkAngel\apps\editor\main.cpp(165): note: see declaration of 'source'
C:\DarkAngel\apps\editor\main.cpp(387): warning C4244: 'argument': conversion from 'double' to 'float', possible loss of data
C:\DarkAngel\apps\editor\main.cpp(387): warning C4244: 'argument': conversion from 'double' to 'float', possible loss of data
C:\DarkAngel\apps\editor\main.cpp(387): warning C4244: 'argument': conversion from 'double' to 'float', possible loss of data
C:\DarkAngel\apps\editor\main.cpp(387): warning C4244: 'argument': conversion from 'double' to 'float', possible loss of data
C:\DarkAngel\apps\editor\main.cpp(387): warning C4244: 'argument': conversion from 'double' to 'float', possible loss of data
C:\DarkAngel\apps\editor\main.cpp(387): warning C4244: 'argument': conversion from 'double' to 'float', possible loss of data
C:\DarkAngel\apps\editor\main.cpp(387): warning C4244: 'argument': conversion from 'double' to 'float', possible loss of data
C:\DarkAngel\apps\editor\main.cpp(387): warning C4244: 'argument': conversion from 'double' to 'float', possible loss of data
C:\DarkAngel\apps\editor\main.cpp(387): warning C4244: 'argument': conversion from 'double' to 'float', possible loss of data
C:\DarkAngel\apps\editor\main.cpp(406): warning C4456: declaration of 'id' hides previous local declaration
C:\DarkAngel\apps\editor\main.cpp(154): note: see declaration of 'id'
C:\DarkAngel\apps\editor\main.cpp(406): warning C4456: declaration of 'id' hides previous local declaration
C:\DarkAngel\apps\editor\main.cpp(154): note: see declaration of 'id'
[11/14] Building CXX object CMakeFiles\DarkAngelEditor.dir\apps\editor\editor_composer.cpp.obj
[12/14] Building CXX object CMakeFiles\DarkAngelEditor.dir\apps\editor\editor_authoring.cpp.obj
C:\DarkAngel\apps\editor\editor_authoring.cpp(189): warning C4458: declaration of 'draft' hides class member
C:\DarkAngel\apps\editor\editor_ui.hpp(64): note: see declaration of 'darkangel::editor_app::Shell::draft'
[13/14] Building CXX object CMakeFiles\DarkAngelEditor.dir\apps\editor\editor_workspaces.cpp.obj
C:\DarkAngel\apps\editor\editor_workspaces.cpp(47): warning C4458: declaration of 'draft' hides class member
C:\DarkAngel\apps\editor\editor_ui.hpp(64): note: see declaration of 'darkangel::editor_app::Shell::draft'
[14/14] Linking CXX executable DarkAngelEditor.exe
