Player Kit assignment: typed rejection, paired source identity/locator, retained Character, Undo/Redo and private three-source closure passed
Effect source preview: nonzero source fence, refresh identity, independent grants/modifiers, selected/source/death cleanup and expiry passed
Source disk comparison: exact baseline/external edit, pending absence/collision, bounded read and unchanged revision/history passed
Native graph authoring history, frozen consumer publication, old plan retention and cyclic draft rollback passed
Graph topology commands: monotonic node IDs, duplicate/create/remove history, root/input fences, point-face repair, incomplete Save retention and completed frozen closure passed
Newest history: Remove graph triangle sources=1
Native history snapshots: command/source identity, typed source diff paths, immutable copies, redo ordering and read-only inspection passed
Authored action-window tags: history, removal, duplicate/type rejection, Save/frozen closure/fresh Play, authority/owner/public interval expiry and cancellation passed
Authored tag graph: selector history, branch/cycle/type fences, frozen tag closure, preview retention, Save/fresh authoritative Play and registry mismatch rejection passed
Masked tick150 health=39 stamina=80 active=0 pending=0 scene=1
Upper-body authored mask: Undo/Redo, root policy/root mask rejection, complete Save/source-free frozen closure/fresh Play, lower-body retention, upper replacement, public duplicate/stale retention, unchanged authority and completion passed
Reaction tick150 health=39 stamina=80 active=0 pending=0 onset=18 length=40
Authored effect reaction: creation/binding Undo/Redo, gameplay-block/root/loop/private rejection without publication, private validation, coordinated Save, frozen action/clip closure, fresh Play public flinch on the effect clock, attacker untouched, Burn coexistence, one-shot completion with status retained, expiry with unrelated source retained, unchanged authority and failed-Save retention passed
Death tick=253 onset=118 health=0 pending=0 player_active=0
Authored kit death timeline: creation/binding Undo/Redo/clear, gameplay-block/root rejection without publication, private validation, coordinated Save, frozen closure, fresh Play lethal hits, death clock from the observed transition, terminal precedence, held final pose, late-join hold, attacker untouched and unchanged scene passed
Dodge lateral=1 travelled=5 across=3.06162e-16 predicted_error=0 resync_delta=0
Dodge lateral=0 travelled=5 across=6.10492e-16 predicted_error=0 resync_delta=0
Authored dodge ability: kit utility ingress clear/assign Undo/Redo, dash edit history, speed/window rejection without publication, coordinated Save, frozen closure, fresh Play activation through authority/prediction/public state, Stamina 15, movement-direction facing lock, invulnerability window, 5 m dash with exact prediction agreement, facing restored and other actor untouched passed
Mask switch: loadout=2 grant_generation=4 stamina=85 pending=0
Authored masks: creation, four-slot equip/select/unequip Undo/Redo, Player camera rig authoring/rejection/frozen conditions, duplicate/empty/out-of-range rejection, tint and socket rejection without publication, private validation, coordinated Save, frozen Player resolving the active mask's kit and worn visual on the head socket joint, starting-mask change with previous package retained, fresh Play, and in-Play mask switching (accepted, empty slot, re-select, kit-specific dodge, switch back, mid-action cancel) through authority/prediction/public state passed
Native authoring: edit/Undo/Redo/coordinated Save, grouped kit/action history, multi-source failure/catalog rollback/stale-writer conflict, cost20/damage40/Burn7, kit closure, fresh Play Health60->39, Stamina80, public status/expiry, immutable prior Play and failed candidate preservation passed
