[1/26] Scanning C:\DarkAngel\tests\native_authoring_tests.cpp for CXX dependencies
[2/26] Scanning C:\DarkAngel\apps\editor\main.cpp for CXX dependencies
[3/26] Scanning C:\DarkAngel\apps\editor\editor_ui.cpp for CXX dependencies
[4/26] Scanning C:\DarkAngel\apps\editor\editor_assets.cpp for CXX dependencies
[5/26] Scanning C:\DarkAngel\apps\editor\editor_authoring.cpp for CXX dependencies
[6/26] Scanning C:\DarkAngel\apps\editor\editor_composer.cpp for CXX dependencies
[7/26] Generating CXX dyndep file CMakeFiles\NativeAuthoringTests.dir\CXX.dd
[8/24] Scanning C:\DarkAngel\apps\editor\editor_workspaces.cpp for CXX dependencies
[9/24] Generating CXX dyndep file CMakeFiles\DarkAngelEditor.dir\CXX.dd
[10/18] Building CXX object CMakeFiles\NativeAuthoringTests.dir\tests\native_authoring_tests.cpp.obj
[11/18] Building CXX object CMakeFiles\DarkAngelEditor.dir\apps\editor\main.cpp.obj
C:\DarkAngel\apps\editor\main.cpp(310): warning C4456: declaration of 'id' hides previous local declaration
C:\DarkAngel\apps\editor\main.cpp(154): note: see declaration of 'id'
C:\DarkAngel\apps\editor\main.cpp(312): warning C4244: 'argument': conversion from 'uint64_t' to 'unsigned int', possible loss of data
C:\DarkAngel\apps\editor\main.cpp(321): warning C4456: declaration of 'source' hides previous local declaration
C:\DarkAngel\apps\editor\main.cpp(165): note: see declaration of 'source'
C:\DarkAngel\apps\editor\main.cpp(390): warning C4244: 'argument': conversion from 'double' to 'float', possible loss of data
C:\DarkAngel\apps\editor\main.cpp(390): warning C4244: 'argument': conversion from 'double' to 'float', possible loss of data
C:\DarkAngel\apps\editor\main.cpp(390): warning C4244: 'argument': conversion from 'double' to 'float', possible loss of data
C:\DarkAngel\apps\editor\main.cpp(390): warning C4244: 'argument': conversion from 'double' to 'float', possible loss of data
C:\DarkAngel\apps\editor\main.cpp(390): warning C4244: 'argument': conversion from 'double' to 'float', possible loss of data
C:\DarkAngel\apps\editor\main.cpp(390): warning C4244: 'argument': conversion from 'double' to 'float', possible loss of data
C:\DarkAngel\apps\editor\main.cpp(390): warning C4244: 'argument': conversion from 'double' to 'float', possible loss of data
C:\DarkAngel\apps\editor\main.cpp(390): warning C4244: 'argument': conversion from 'double' to 'float', possible loss of data
C:\DarkAngel\apps\editor\main.cpp(390): warning C4244: 'argument': conversion from 'double' to 'float', possible loss of data
C:\DarkAngel\apps\editor\main.cpp(412): warning C4456: declaration of 'id' hides previous local declaration
C:\DarkAngel\apps\editor\main.cpp(154): note: see declaration of 'id'
C:\DarkAngel\apps\editor\main.cpp(412): warning C4456: declaration of 'id' hides previous local declaration
C:\DarkAngel\apps\editor\main.cpp(154): note: see declaration of 'id'
[12/18] Building CXX object CMakeFiles\DarkAngelEditor.dir\apps\editor\editor_ui.cpp.obj
C:\DarkAngel\apps\editor\editor_ui.cpp(50): warning C4244: 'argument': conversion from 'double' to 'float', possible loss of data
C:\DarkAngel\apps\editor\editor_ui.cpp(50): warning C4244: 'argument': conversion from 'double' to 'float', possible loss of data
C:\DarkAngel\apps\editor\editor_ui.cpp(50): warning C4244: 'argument': conversion from 'double' to 'float', possible loss of data
C:\DarkAngel\apps\editor\editor_ui.cpp(50): warning C4244: 'argument': conversion from 'double' to 'float', possible loss of data
C:\DarkAngel\apps\editor\editor_ui.cpp(50): warning C4244: 'argument': conversion from 'double' to 'float', possible loss of data
C:\DarkAngel\apps\editor\editor_ui.cpp(50): warning C4244: 'argument': conversion from 'double' to 'float', possible loss of data
C:\DarkAngel\apps\editor\editor_ui.cpp(50): warning C4244: 'argument': conversion from 'double' to 'float', possible loss of data
C:\DarkAngel\apps\editor\editor_ui.cpp(50): warning C4244: 'argument': conversion from 'double' to 'float', possible loss of data
C:\DarkAngel\apps\editor\editor_ui.cpp(50): warning C4244: 'argument': conversion from 'double' to 'float', possible loss of data
[13/18] Building CXX object CMakeFiles\DarkAngelEditor.dir\apps\editor\editor_assets.cpp.obj
C:\DarkAngel\apps\editor\editor_assets.cpp(61): warning C4458: declaration of 'draft' hides class member
C:\DarkAngel\apps\editor\editor_ui.hpp(66): note: see declaration of 'darkangel::editor_app::Shell::draft'
[14/18] Building CXX object CMakeFiles\DarkAngelEditor.dir\apps\editor\editor_composer.cpp.obj
[15/18] Building CXX object CMakeFiles\DarkAngelEditor.dir\apps\editor\editor_authoring.cpp.obj
C:\DarkAngel\apps\editor\editor_authoring.cpp(191): warning C4458: declaration of 'draft' hides class member
C:\DarkAngel\apps\editor\editor_ui.hpp(66): note: see declaration of 'darkangel::editor_app::Shell::draft'
[16/18] Linking CXX executable NativeAuthoringTests.exe
[17/18] Building CXX object CMakeFiles\DarkAngelEditor.dir\apps\editor\editor_workspaces.cpp.obj
C:\DarkAngel\apps\editor\editor_workspaces.cpp(13): warning C4458: declaration of 'draft' hides class member
C:\DarkAngel\apps\editor\editor_ui.hpp(66): note: see declaration of 'darkangel::editor_app::Shell::draft'
C:\DarkAngel\apps\editor\editor_workspaces.cpp(52): warning C4458: declaration of 'draft' hides class member
C:\DarkAngel\apps\editor\editor_ui.hpp(66): note: see declaration of 'darkangel::editor_app::Shell::draft'
[18/18] Linking CXX executable DarkAngelEditor.exe
