Test project C:/DarkAngel/build/m5-relwithdebinfo
    Start 11: M5.clips
1/7 Test #11: M5.clips .........................   Passed    1.18 sec
    Start 12: M5.omni_clips
2/7 Test #12: M5.omni_clips ....................   Passed    0.99 sec
    Start 13: M5.graph_assets
3/7 Test #13: M5.graph_assets ..................   Passed    0.79 sec
    Start 14: M5.graph_runtime
4/7 Test #14: M5.graph_runtime .................   Passed    0.50 sec
    Start 15: M5.character_scene
5/7 Test #15: M5.character_scene ...............   Passed    0.76 sec
    Start 18: M5.ability_assets
6/7 Test #18: M5.ability_assets ................   Passed    0.34 sec
    Start 24: M2.asset_pipeline
7/7 Test #24: M2.asset_pipeline ................   Passed    0.23 sec

100% tests passed out of 7

Label Time Summary:
M2           =   0.23 sec*proc (1 test)
M5           =   2.25 sec*proc (3 tests)
animation    =   2.25 sec*proc (3 tests)
asset        =   1.22 sec*proc (2 tests)
network      =   0.76 sec*proc (1 test)
physics      =   0.76 sec*proc (1 test)

Total Test time (real) =   4.81 sec
