Microsoft (R) COFF/PE Dumper Version 14.51.36260.0
Copyright (C) Microsoft Corporation.  All rights reserved.


Dump of file ${PROJECT_ROOT}\build\m0-release\DarkAngelHeadless.exe

File Type: EXECUTABLE IMAGE

  Image has the following dependencies:

    MSVCP140.dll
    VCRUNTIME140.dll
    VCRUNTIME140_1.dll
    api-ms-win-crt-string-l1-1-0.dll
    api-ms-win-crt-runtime-l1-1-0.dll
    api-ms-win-crt-math-l1-1-0.dll
    api-ms-win-crt-stdio-l1-1-0.dll
    api-ms-win-crt-locale-l1-1-0.dll
    api-ms-win-crt-heap-l1-1-0.dll
    KERNEL32.dll

  Summary

        1000 .data
        1000 .pdata
        2000 .rdata
        1000 .reloc
        1000 .rsrc
        2000 .text
