-- Running vcpkg install
Detecting compiler hash for triplet x64-windows-darkangel...
Compiler found: C:/Program Files/Microsoft Visual Studio/18/Community/VC/Tools/MSVC/14.51.36231/bin/Hostx64/x64/cl.exe
The following packages will be built and installed:
    flecs:x64-windows-darkangel@4.1.6
    luau:x64-windows-darkangel@0.729
    sqlite3[core,omit-load-extension]:x64-windows-darkangel@3.53.4
  * vcpkg-cmake:x64-windows-darkangel@2024-04-23
  * vcpkg-cmake-config:x64-windows-darkangel@2026-07-21
Additional packages (*) will be modified to complete this operation.
Restored 5 package(s) from ${USERPROFILE}\AppData\Local\vcpkg\archives in 3.5 s. Use --debug to see more details.
Installing 1/5 vcpkg-cmake-config:x64-windows-darkangel@2026-07-21...
vcpkg-cmake-config:x64-windows-darkangel@2026-07-21 package ABI: 81f89e659d69989b9f4a3e357988ccb5d06a8ec42ec45d19d3735b73f2289f3b
Elapsed time to handle vcpkg-cmake-config:x64-windows-darkangel: 31.7 ms
Installing 2/5 vcpkg-cmake:x64-windows-darkangel@2024-04-23...
vcpkg-cmake:x64-windows-darkangel@2024-04-23 package ABI: 30834624125ba6d0ae31555300e5787a1057491ea620c19643784b288f7b96dd
Elapsed time to handle vcpkg-cmake:x64-windows-darkangel: 9.33 ms
Installing 3/5 flecs:x64-windows-darkangel@4.1.6...
flecs:x64-windows-darkangel@4.1.6 package ABI: 210b0e0fe21594e94c10aaa7e3b42c13691b47fae3e9e0c9399aff77c80d06f7
Elapsed time to handle flecs:x64-windows-darkangel: 150 ms
Installing 4/5 luau:x64-windows-darkangel@0.729...
luau:x64-windows-darkangel@0.729 package ABI: ff77cf90d169bbefef66ccc42b579ea8c18ec063898d826a6cbfb85e2ad7e81f
Elapsed time to handle luau:x64-windows-darkangel: 191 ms
Installing 5/5 sqlite3[core,omit-load-extension]:x64-windows-darkangel@3.53.4...
sqlite3[core,omit-load-extension]:x64-windows-darkangel@3.53.4 package ABI: f3f00e7e2a4b6a9740c353f6d48ebd92478215cecdcf504bcc08c2b5141fd921
Elapsed time to handle sqlite3:x64-windows-darkangel: 46.7 ms
Installed contents are licensed to you by owners. Microsoft is not responsible for, nor does it grant any licenses to, third-party packages.
Some packages did not declare an SPDX license. Check the `copyright` file for each package for more information about their licensing.
Packages installed in this vcpkg installation declare the following licenses:
MIT
blessing
The package flecs provides CMake targets:

    find_package(flecs CONFIG REQUIRED)
    target_link_libraries(main PRIVATE $<IF:$<TARGET_EXISTS:flecs::flecs>,flecs::flecs,flecs::flecs_static>)

luau provides CMake targets:

  # this is heuristically generated, and may not be correct
  find_package(unofficial-luau CONFIG REQUIRED)
  # note: 6 additional targets are not displayed.
  target_link_libraries(main PRIVATE unofficial::luau::Luau.VM unofficial::luau::Luau.Ast unofficial::luau::Luau.Common unofficial::luau::Luau.Config)

sqlite3 provides pkgconfig bindings.
sqlite3 provides CMake targets:

    find_package(unofficial-sqlite3 CONFIG REQUIRED)
    target_link_libraries(main PRIVATE unofficial::sqlite3::sqlite3)

All requested installations completed successfully in: 433 ms
-- Running vcpkg install - done
-- The C compiler identification is MSVC 19.51.36260.0
-- The CXX compiler identification is MSVC 19.51.36260.0
-- Detecting C compiler ABI info
-- Detecting C compiler ABI info - done
-- Check for working C compiler: C:/Program Files/Microsoft Visual Studio/18/Community/VC/Tools/MSVC/14.51.36231/bin/Hostx64/x64/cl.exe - skipped
-- Detecting C compile features
-- Detecting C compile features - done
-- Detecting CXX compiler ABI info
-- Detecting CXX compiler ABI info - done
-- Check for working CXX compiler: C:/Program Files/Microsoft Visual Studio/18/Community/VC/Tools/MSVC/14.51.36231/bin/Hostx64/x64/cl.exe - skipped
-- Detecting CXX compile features
-- Detecting CXX compile features - done
-- Found Git: C:/Program Files/Git/cmd/git.exe (found version "2.49.0.windows.1")
-- Configuring done (12.2s)
-- Generating done (0.1s)
-- Build files have been written to: ${PROJECT_ROOT}/build/m0-release
