-- Running vcpkg install
Detecting compiler hash for triplet x64-windows-darkangel...
Compiler found: C:/Program Files/Microsoft Visual Studio/18/Community/VC/Tools/MSVC/14.51.36231/bin/Hostx64/x64/cl.exe
The following packages are already installed:
    flecs:x64-windows-darkangel@4.1.6
    luau:x64-windows-darkangel@0.729
    sqlite3[core,omit-load-extension]:x64-windows-darkangel@3.53.4
  * vcpkg-cmake:x64-windows-darkangel@2024-04-23
  * vcpkg-cmake-config:x64-windows-darkangel@2026-07-21
The package flecs provides CMake targets:

    find_package(flecs CONFIG REQUIRED)
    target_link_libraries(main PRIVATE $<IF:$<TARGET_EXISTS:flecs::flecs>,flecs::flecs,flecs::flecs_static>)

luau provides CMake targets:

  # this is heuristically generated, and may not be correct
  find_package(unofficial-luau CONFIG REQUIRED)
  # note: 6 additional targets are not displayed.
  target_link_libraries(main PRIVATE unofficial::luau::Luau.VM unofficial::luau::Luau.Ast unofficial::luau::Luau.Common unofficial::luau::Luau.Config)

sqlite3 provides pkgconfig bindings.
sqlite3 provides CMake targets:

    find_package(unofficial-sqlite3 CONFIG REQUIRED)
    target_link_libraries(main PRIVATE unofficial::sqlite3::sqlite3)

All requested installations completed successfully in: 274 us
-- Running vcpkg install - done
-- The C compiler identification is MSVC 19.51.36260.0
-- The CXX compiler identification is MSVC 19.51.36260.0
-- Detecting C compiler ABI info
-- Detecting C compiler ABI info - done
-- Check for working C compiler: C:/Program Files/Microsoft Visual Studio/18/Community/VC/Tools/MSVC/14.51.36231/bin/Hostx64/x64/cl.exe - skipped
-- Detecting C compile features
-- Detecting C compile features - done
-- Detecting CXX compiler ABI info
-- Detecting CXX compiler ABI info - done
-- Check for working CXX compiler: C:/Program Files/Microsoft Visual Studio/18/Community/VC/Tools/MSVC/14.51.36231/bin/Hostx64/x64/cl.exe - skipped
-- Detecting CXX compile features
-- Detecting CXX compile features - done
-- Found Git: C:/Program Files/Git/cmd/git.exe (found version "2.49.0.windows.1")
-- Configuring done (5.7s)
-- Generating done (0.1s)
-- Build files have been written to: ${PROJECT_ROOT}/build/m0-relwithdebinfo
