[1/40] Generating CXX dyndep file CMakeFiles\DarkAngelFoundation.dir\CXX.dd
[2/35] Scanning C:\DarkAngel\engine\runtime\script_runtime.cpp for CXX dependencies
[3/35] Scanning C:\DarkAngel\engine\runtime\script_package.cpp for CXX dependencies
[4/35] Generating CXX dyndep file CMakeFiles\DarkAngelEditorService.dir\CXX.dd
[5/33] Scanning C:\DarkAngel\engine\runtime\script_state.cpp for CXX dependencies
[6/33] Scanning C:\DarkAngel\tests\script_package_tests.cpp for CXX dependencies
[7/33] Generating CXX dyndep file CMakeFiles\DarkAngelRuntime.dir\CXX.dd
[8/32] Generating CXX dyndep file CMakeFiles\DarkAngelHeadless.dir\CXX.dd
[9/31] Building CXX object CMakeFiles\DarkAngelRuntime.dir\engine\runtime\script_runtime.cpp.obj
[10/31] Building CXX object CMakeFiles\DarkAngelRuntime.dir\engine\runtime\script_package.cpp.obj
[11/31] Generating CXX dyndep file CMakeFiles\EditorTests.dir\CXX.dd
[12/29] Generating CXX dyndep file CMakeFiles\FlecsProbe.dir\CXX.dd
[13/27] Generating CXX dyndep file CMakeFiles\LuauProbe.dir\CXX.dd
[14/25] Generating CXX dyndep file CMakeFiles\SQLiteProbe.dir\CXX.dd
[15/23] Generating CXX dyndep file CMakeFiles\FoundationTests.dir\CXX.dd
[16/22] Generating CXX dyndep file CMakeFiles\ScriptPackageTests.dir\CXX.dd
[17/22] Building CXX object CMakeFiles\DarkAngelRuntime.dir\engine\runtime\script_state.cpp.obj
[18/22] Building CXX object CMakeFiles\ScriptPackageTests.dir\tests\script_package_tests.cpp.obj
[19/22] Linking CXX static library DarkAngelRuntime.lib
[20/22] Linking CXX executable DarkAngelHeadless.exe
[21/22] Linking CXX executable FoundationTests.exe
[22/22] Linking CXX executable ScriptPackageTests.exe
