[1/45] Scanning C:\DarkAngel\engine\foundation\metadata.cpp for CXX dependencies
[2/45] Scanning C:\DarkAngel\engine\runtime\bootstrap.cpp for CXX dependencies
[3/45] Scanning C:\DarkAngel\engine\foundation\hash.cpp for CXX dependencies
[4/45] Generating CXX dyndep file CMakeFiles\DarkAngelFoundation.dir\CXX.dd
[5/43] Scanning C:\DarkAngel\engine\runtime\script_runtime.cpp for CXX dependencies
[6/43] Scanning C:\DarkAngel\engine\runtime\script_package.cpp for CXX dependencies
[7/43] Scanning C:\DarkAngel\engine\runtime\script_state.cpp for CXX dependencies
[8/43] Building CXX object CMakeFiles\DarkAngelFoundation.dir\engine\foundation\metadata.cpp.obj
[9/43] Generating CXX dyndep file CMakeFiles\DarkAngelRuntime.dir\CXX.dd
[10/43] Scanning C:\DarkAngel\apps\headless\main.cpp for CXX dependencies
[11/43] Generating CXX dyndep file CMakeFiles\DarkAngelEditorService.dir\CXX.dd
[12/41] Scanning C:\DarkAngel\tests\foundation_tests.cpp for CXX dependencies
[13/41] Scanning C:\DarkAngel\tests\script_package_tests.cpp for CXX dependencies
[14/41] Building CXX object CMakeFiles\DarkAngelFoundation.dir\engine\foundation\hash.cpp.obj
[15/41] Building CXX object CMakeFiles\DarkAngelRuntime.dir\engine\runtime\bootstrap.cpp.obj
[16/41] Linking CXX static library DarkAngelFoundation.lib
[17/41] Building CXX object CMakeFiles\DarkAngelRuntime.dir\engine\runtime\script_runtime.cpp.obj
[18/41] Building CXX object CMakeFiles\DarkAngelRuntime.dir\engine\runtime\script_package.cpp.obj
[19/41] Generating CXX dyndep file CMakeFiles\DarkAngelHeadless.dir\CXX.dd
[20/41] Generating CXX dyndep file CMakeFiles\EditorTests.dir\CXX.dd
[21/40] Generating CXX dyndep file CMakeFiles\FlecsProbe.dir\CXX.dd
[22/38] Generating CXX dyndep file CMakeFiles\LuauProbe.dir\CXX.dd
[23/36] Generating CXX dyndep file CMakeFiles\SQLiteProbe.dir\CXX.dd
[24/34] Generating CXX dyndep file CMakeFiles\FoundationTests.dir\CXX.dd
[25/34] Generating CXX dyndep file CMakeFiles\ScriptPackageTests.dir\CXX.dd
[26/34] Building CXX object CMakeFiles\DarkAngelRuntime.dir\engine\runtime\script_state.cpp.obj
[27/34] Linking CXX static library DarkAngelRuntime.lib
[28/34] Building CXX object CMakeFiles\DarkAngelHeadless.dir\apps\headless\main.cpp.obj
[29/34] Building CXX object CMakeFiles\FoundationTests.dir\tests\foundation_tests.cpp.obj
[30/34] Building CXX object CMakeFiles\ScriptPackageTests.dir\tests\script_package_tests.cpp.obj
[31/34] Linking CXX executable EditorTests.exe
[32/34] Linking CXX executable DarkAngelHeadless.exe
[33/34] Linking CXX executable FoundationTests.exe
[34/34] Linking CXX executable ScriptPackageTests.exe
