[1/99] Generating CXX dyndep file CMakeFiles\DarkAngelFoundation.dir\CXX.dd
[2/93] Scanning C:\DarkAngel\engine\runtime\transport.cpp for CXX dependencies
[3/93] Scanning C:\DarkAngel\engine\runtime\world_session.cpp for CXX dependencies
[4/93] Generating CXX dyndep file CMakeFiles\DarkAngelRuntime.dir\CXX.dd
[5/88] Scanning C:\DarkAngel\tools\editor\editor_document.cpp for CXX dependencies
[6/88] Building CXX object CMakeFiles\DarkAngelRuntime.dir\engine\runtime\transport.cpp.obj
[7/88] Generating CXX dyndep file CMakeFiles\DarkAngelEditorService.dir\CXX.dd
[8/87] Scanning C:\DarkAngel\tools\editor\editor_rpc.cpp for CXX dependencies
[9/87] Scanning C:\DarkAngel\tools\editor\agent_endpoint.cpp for CXX dependencies
[10/87] Building CXX object CMakeFiles\DarkAngelRuntime.dir\engine\runtime\world_session.cpp.obj
[11/87] Scanning C:\DarkAngel\apps\headless\main.cpp for CXX dependencies
[12/87] Linking CXX static library DarkAngelRuntime.lib
[13/87] Scanning C:\DarkAngel\tools\editor\main.cpp for CXX dependencies
[14/87] Generating CXX dyndep file CMakeFiles\DarkAngelAgent.dir\CXX.dd
[15/87] Scanning C:\DarkAngel\tools\editor\agent_host.cpp for CXX dependencies
[16/87] Scanning C:\DarkAngel\tests\agent_tests.cpp for CXX dependencies
[17/87] Generating CXX dyndep file CMakeFiles\DarkAngelAssets.dir\CXX.dd
[18/83] Scanning C:\DarkAngel\apps\editor\main.cpp for CXX dependencies
[19/83] Scanning C:\DarkAngel\apps\editor\editor_controller.cpp for CXX dependencies
[20/83] Scanning C:\DarkAngel\apps\editor\editor_ui.cpp for CXX dependencies
[21/83] Scanning C:\DarkAngel\tests\editor_tests.cpp for CXX dependencies
[22/83] Scanning C:\DarkAngel\tests\sqlite_probe.cpp for CXX dependencies
[23/83] Scanning C:\DarkAngel\tests\foundation_tests.cpp for CXX dependencies
[24/83] Scanning C:\DarkAngel\tests\script_package_tests.cpp for CXX dependencies
[25/83] Scanning C:\DarkAngel\tests\assembly_tests.cpp for CXX dependencies
[26/83] Scanning C:\DarkAngel\tests\session_tests.cpp for CXX dependencies
[27/83] Generating CXX dyndep file CMakeFiles\DarkAngelHeadless.dir\CXX.dd
[28/83] Generating CXX dyndep file CMakeFiles\EditorCli.dir\CXX.dd
[29/83] Building CXX object CMakeFiles\DarkAngelEditorService.dir\tools\editor\editor_document.cpp.obj
[30/83] Linking CXX static library DarkAngelEditorService.lib
[31/83] Building CXX object CMakeFiles\DarkAngelAgent.dir\tools\editor\editor_rpc.cpp.obj
[32/83] Generating CXX dyndep file CMakeFiles\AgentHost.dir\CXX.dd
[33/83] Generating CXX dyndep file CMakeFiles\AgentTests.dir\CXX.dd
[34/83] Generating CXX dyndep file CMakeFiles\AssetTool.dir\CXX.dd
[35/82] Generating CXX dyndep file CMakeFiles\AssetTests.dir\CXX.dd
[36/81] Generating CXX dyndep file CMakeFiles\RendererProbe.dir\CXX.dd
[37/79] Generating CXX dyndep file CMakeFiles\DarkAngelEditor.dir\CXX.dd
[38/77] Generating CXX dyndep file CMakeFiles\EditorTests.dir\CXX.dd
[39/77] Generating CXX dyndep file CMakeFiles\FlecsProbe.dir\CXX.dd
[40/75] Generating CXX dyndep file CMakeFiles\LuauProbe.dir\CXX.dd
[41/73] Generating CXX dyndep file CMakeFiles\SQLiteProbe.dir\CXX.dd
[42/73] Generating CXX dyndep file CMakeFiles\FoundationTests.dir\CXX.dd
[43/73] Generating CXX dyndep file CMakeFiles\ScriptPackageTests.dir\CXX.dd
[44/73] Generating CXX dyndep file CMakeFiles\AssemblyTests.dir\CXX.dd
[45/73] Generating CXX dyndep file CMakeFiles\SessionTests.dir\CXX.dd
[46/73] Building CXX object CMakeFiles\DarkAngelAgent.dir\tools\editor\agent_endpoint.cpp.obj
[47/73] Building CXX object CMakeFiles\DarkAngelHeadless.dir\apps\headless\main.cpp.obj
[48/73] Linking CXX static library DarkAngelAgent.lib
[49/73] Building CXX object CMakeFiles\EditorCli.dir\tools\editor\main.cpp.obj
[50/73] Building CXX object CMakeFiles\AgentHost.dir\tools\editor\agent_host.cpp.obj
[51/73] Building CXX object CMakeFiles\AgentTests.dir\tests\agent_tests.cpp.obj
[52/73] Building CXX object CMakeFiles\DarkAngelEditor.dir\apps\editor\main.cpp.obj
C:\DarkAngel\apps\editor\main.cpp(151): warning C4244: 'argument': conversion from 'double' to 'float', possible loss of data
C:\DarkAngel\apps\editor\main.cpp(151): warning C4244: 'argument': conversion from 'double' to 'float', possible loss of data
C:\DarkAngel\apps\editor\main.cpp(151): warning C4244: 'argument': conversion from 'double' to 'float', possible loss of data
C:\DarkAngel\apps\editor\main.cpp(151): warning C4244: 'argument': conversion from 'double' to 'float', possible loss of data
C:\DarkAngel\apps\editor\main.cpp(151): warning C4244: 'argument': conversion from 'double' to 'float', possible loss of data
C:\DarkAngel\apps\editor\main.cpp(151): warning C4244: 'argument': conversion from 'double' to 'float', possible loss of data
C:\DarkAngel\apps\editor\main.cpp(151): warning C4244: 'argument': conversion from 'double' to 'float', possible loss of data
C:\DarkAngel\apps\editor\main.cpp(151): warning C4244: 'argument': conversion from 'double' to 'float', possible loss of data
C:\DarkAngel\apps\editor\main.cpp(151): warning C4244: 'argument': conversion from 'double' to 'float', possible loss of data
[53/73] Building CXX object CMakeFiles\DarkAngelEditor.dir\apps\editor\editor_controller.cpp.obj
[54/73] Building CXX object CMakeFiles\DarkAngelEditor.dir\apps\editor\editor_ui.cpp.obj
C:\DarkAngel\apps\editor\editor_ui.cpp(36): warning C4244: 'argument': conversion from 'double' to 'float', possible loss of data
C:\DarkAngel\apps\editor\editor_ui.cpp(36): warning C4244: 'argument': conversion from 'double' to 'float', possible loss of data
C:\DarkAngel\apps\editor\editor_ui.cpp(36): warning C4244: 'argument': conversion from 'double' to 'float', possible loss of data
C:\DarkAngel\apps\editor\editor_ui.cpp(36): warning C4244: 'argument': conversion from 'double' to 'float', possible loss of data
C:\DarkAngel\apps\editor\editor_ui.cpp(36): warning C4244: 'argument': conversion from 'double' to 'float', possible loss of data
C:\DarkAngel\apps\editor\editor_ui.cpp(36): warning C4244: 'argument': conversion from 'double' to 'float', possible loss of data
C:\DarkAngel\apps\editor\editor_ui.cpp(36): warning C4244: 'argument': conversion from 'double' to 'float', possible loss of data
C:\DarkAngel\apps\editor\editor_ui.cpp(36): warning C4244: 'argument': conversion from 'double' to 'float', possible loss of data
C:\DarkAngel\apps\editor\editor_ui.cpp(36): warning C4244: 'argument': conversion from 'double' to 'float', possible loss of data
[55/73] Building CXX object CMakeFiles\EditorTests.dir\tests\editor_tests.cpp.obj
[56/73] Building CXX object CMakeFiles\SQLiteProbe.dir\tests\sqlite_probe.cpp.obj
[57/73] Building CXX object CMakeFiles\FoundationTests.dir\tests\foundation_tests.cpp.obj
[58/73] Building CXX object CMakeFiles\ScriptPackageTests.dir\tests\script_package_tests.cpp.obj
[59/73] Building CXX object CMakeFiles\AssemblyTests.dir\tests\assembly_tests.cpp.obj
[60/73] Building CXX object CMakeFiles\SessionTests.dir\tests\session_tests.cpp.obj
[61/73] Linking CXX executable EditorCli.exe
[62/73] Linking CXX executable DarkAngelHeadless.exe
[63/73] Linking CXX executable AgentHost.exe
[64/73] Linking CXX executable AgentTests.exe
[65/73] Linking CXX executable AssetTool.exe
[66/73] Linking CXX executable AssetTests.exe
[67/73] Linking CXX executable EditorTests.exe
[68/73] Linking CXX executable SQLiteProbe.exe
[69/73] Linking CXX executable FoundationTests.exe
[70/73] Linking CXX executable ScriptPackageTests.exe
[71/73] Linking CXX executable AssemblyTests.exe
[72/73] Linking CXX executable SessionTests.exe
[73/73] Linking CXX executable DarkAngelEditor.exe
