[1/102] Scanning C:\DarkAngel\engine\assets\assets_common.cpp for CXX dependencies
[2/102] Scanning C:\DarkAngel\engine\assets\asset_service.cpp for CXX dependencies
[3/102] Scanning C:\DarkAngel\engine\assets\collision_cooker.cpp for CXX dependencies
[4/102] Scanning C:\DarkAngel\engine\assets\gltf_cooker.cpp for CXX dependencies
[5/102] Scanning C:\DarkAngel\engine\assets\action_cooker.cpp for CXX dependencies
[6/102] Generating CXX dyndep file CMakeFiles\DarkAngelNetwork.dir\CXX.dd
[7/100] Generating CXX dyndep file CMakeFiles\DarkAngelAnimation.dir\CXX.dd
[8/98] Generating CXX dyndep file CMakeFiles\DarkAngelEditorService.dir\CXX.dd
[9/95] Generating CXX dyndep file CMakeFiles\MotorTests.dir\CXX.dd
[10/94] Generating CXX dyndep file CMakeFiles\MotorSessionTests.dir\CXX.dd
[11/93] Generating CXX dyndep file CMakeFiles\MotorFaultTests.dir\CXX.dd
[12/92] Generating CXX dyndep file CMakeFiles\MotorActorHistoryTests.dir\CXX.dd
[13/91] Scanning C:\DarkAngel\engine\assets\animation_cooker.cpp for CXX dependencies
[14/91] Generating CXX dyndep file CMakeFiles\MotorDynamicTests.dir\CXX.dd
[15/90] Generating CXX dyndep file CMakeFiles\DarkAngelAssets.dir\CXX.dd
[16/90] Generating CXX dyndep file CMakeFiles\PhysicsQuerySensorTests.dir\CXX.dd
[17/89] Generating CXX dyndep file CMakeFiles\MotorBudgetTests.dir\CXX.dd
[18/88] Generating CXX dyndep file CMakeFiles\DarkAngelHeadless.dir\CXX.dd
[19/87] Building CXX object CMakeFiles\DarkAngelAssets.dir\engine\assets\assets_common.cpp.obj
[20/87] Building CXX object CMakeFiles\DarkAngelAssets.dir\engine\assets\asset_service.cpp.obj
[21/87] Building CXX object CMakeFiles\DarkAngelAssets.dir\engine\assets\gltf_cooker.cpp.obj
[22/87] Building CXX object CMakeFiles\DarkAngelAssets.dir\engine\assets\collision_cooker.cpp.obj
[23/87] Building CXX object CMakeFiles\DarkAngelAssets.dir\engine\assets\action_cooker.cpp.obj
[24/87] Generating CXX dyndep file CMakeFiles\AssetTool.dir\CXX.dd
[25/86] Generating CXX dyndep file CMakeFiles\AnimationTests.dir\CXX.dd
[26/85] Generating CXX dyndep file CMakeFiles\AnimationClipTests.dir\CXX.dd
[27/84] Generating CXX dyndep file CMakeFiles\CollisionAssetTests.dir\CXX.dd
[28/83] Generating CXX dyndep file CMakeFiles\ActionTimelineTests.dir\CXX.dd
[29/82] Generating CXX dyndep file CMakeFiles\CollisionMeshTests.dir\CXX.dd
[30/81] Generating CXX dyndep file CMakeFiles\CollisionStreamTests.dir\CXX.dd
[31/80] Generating CXX dyndep file CMakeFiles\CollisionObserverTests.dir\CXX.dd
[32/79] Generating CXX dyndep file CMakeFiles\AssetTests.dir\CXX.dd
[33/78] Generating CXX dyndep file CMakeFiles\EditorTests.dir\CXX.dd
[34/77] Generating CXX dyndep file CMakeFiles\FlecsProbe.dir\CXX.dd
[35/75] Generating CXX dyndep file CMakeFiles\LuauProbe.dir\CXX.dd
[36/73] Generating CXX dyndep file CMakeFiles\SQLiteProbe.dir\CXX.dd
[37/71] Generating CXX dyndep file CMakeFiles\FoundationTests.dir\CXX.dd
[38/70] Generating CXX dyndep file CMakeFiles\ScriptPackageTests.dir\CXX.dd
[39/69] Generating CXX dyndep file CMakeFiles\AssemblyTests.dir\CXX.dd
[40/68] Generating CXX dyndep file CMakeFiles\SessionTests.dir\CXX.dd
[41/67] Generating CXX dyndep file CMakeFiles\GnsTests.dir\CXX.dd
[42/66] Linking CXX executable MotorTests.exe
[43/66] Linking CXX executable MotorSessionTests.exe
[44/66] Linking CXX executable MotorFaultTests.exe
[45/66] Building CXX object CMakeFiles\DarkAngelAssets.dir\engine\assets\animation_cooker.cpp.obj
[46/66] Linking CXX executable MotorActorHistoryTests.exe
[47/66] Linking CXX static library DarkAngelAssets.lib
[48/66] Linking CXX executable MotorDynamicTests.exe
[49/66] Linking CXX executable PhysicsQuerySensorTests.exe
[50/66] Linking CXX executable MotorBudgetTests.exe
[51/66] Linking CXX executable DarkAngelHeadless.exe
[52/66] Linking CXX executable AssetTool.exe
[53/66] Linking CXX executable AnimationTests.exe
[54/66] Linking CXX executable AnimationClipTests.exe
[55/66] Linking CXX executable CollisionAssetTests.exe
[56/66] Linking CXX executable ActionTimelineTests.exe
[57/66] Linking CXX executable CollisionStreamTests.exe
[58/66] Linking CXX executable CollisionObserverTests.exe
[59/66] Linking CXX executable AssetTests.exe
[60/66] Linking CXX executable CollisionMeshTests.exe
[61/66] Linking CXX executable FoundationTests.exe
[62/66] Linking CXX executable EditorTests.exe
[63/66] Linking CXX executable ScriptPackageTests.exe
[64/66] Linking CXX executable AssemblyTests.exe
[65/66] Linking CXX executable SessionTests.exe
[66/66] Linking CXX executable GnsTests.exe
