[1/113] Scanning C:\DarkAngel\tools\editor\editor_document.cpp for CXX dependencies
[2/113] Scanning C:\DarkAngel\engine\assets\asset_service.cpp for CXX dependencies
[3/113] Scanning C:\DarkAngel\engine\assets\assets_common.cpp for CXX dependencies
[4/113] Scanning C:\DarkAngel\engine\assets\gltf_cooker.cpp for CXX dependencies
[5/113] Scanning C:\DarkAngel\engine\assets\collision_cooker.cpp for CXX dependencies
[6/113] Scanning C:\DarkAngel\engine\assets\action_cooker.cpp for CXX dependencies
[7/113] Generating CXX dyndep file CMakeFiles\DarkAngelNetwork.dir\CXX.dd
[8/111] Generating CXX dyndep file CMakeFiles\DarkAngelAnimation.dir\CXX.dd
[9/109] Scanning C:\DarkAngel\engine\assets\animation_cooker.cpp for CXX dependencies
[10/109] Scanning C:\DarkAngel\tests\motor_tests.cpp for CXX dependencies
[11/109] Scanning C:\DarkAngel\tests\motor_session_tests.cpp for CXX dependencies
[12/109] Scanning C:\DarkAngel\tests\motor_fault_tests.cpp for CXX dependencies
[13/109] Scanning C:\DarkAngel\tests\motor_actor_history_tests.cpp for CXX dependencies
[14/109] Scanning C:\DarkAngel\tests\motor_dynamic_tests.cpp for CXX dependencies
[15/109] Generating CXX dyndep file CMakeFiles\DarkAngelEditorService.dir\CXX.dd
[16/108] Generating CXX dyndep file CMakeFiles\DarkAngelAssets.dir\CXX.dd
[17/108] Scanning C:\DarkAngel\tests\physics_query_sensor_tests.cpp for CXX dependencies
[18/108] Scanning C:\DarkAngel\tests\collision_asset_tests.cpp for CXX dependencies
[19/108] Scanning C:\DarkAngel\tests\action_timeline_tests.cpp for CXX dependencies
[20/108] Scanning C:\DarkAngel\tests\collision_stream_tests.cpp for CXX dependencies
[21/108] Scanning C:\DarkAngel\tests\collision_mesh_tests.cpp for CXX dependencies
[22/108] Scanning C:\DarkAngel\tests\collision_observer_tests.cpp for CXX dependencies
[23/108] Scanning C:\DarkAngel\tests\session_tests.cpp for CXX dependencies
[24/108] Generating CXX dyndep file CMakeFiles\MotorTests.dir\CXX.dd
[25/108] Generating CXX dyndep file CMakeFiles\MotorSessionTests.dir\CXX.dd
[26/108] Generating CXX dyndep file CMakeFiles\MotorFaultTests.dir\CXX.dd
[27/108] Generating CXX dyndep file CMakeFiles\MotorActorHistoryTests.dir\CXX.dd
[28/108] Scanning C:\DarkAngel\tests\gns_tests.cpp for CXX dependencies
[29/108] Generating CXX dyndep file CMakeFiles\MotorDynamicTests.dir\CXX.dd
[30/108] Generating CXX dyndep file CMakeFiles\PhysicsQuerySensorTests.dir\CXX.dd
[31/108] Generating CXX dyndep file CMakeFiles\DarkAngelHeadless.dir\CXX.dd
[32/107] Building CXX object CMakeFiles\DarkAngelEditorService.dir\tools\editor\editor_document.cpp.obj
[33/107] Building CXX object CMakeFiles\DarkAngelAssets.dir\engine\assets\asset_service.cpp.obj
[34/107] Building CXX object CMakeFiles\DarkAngelAssets.dir\engine\assets\assets_common.cpp.obj
[35/107] Building CXX object CMakeFiles\DarkAngelAssets.dir\engine\assets\gltf_cooker.cpp.obj
[36/107] Building CXX object CMakeFiles\DarkAngelAssets.dir\engine\assets\collision_cooker.cpp.obj
[37/107] Building CXX object CMakeFiles\DarkAngelAssets.dir\engine\assets\action_cooker.cpp.obj
[38/107] Generating CXX dyndep file CMakeFiles\AssetTool.dir\CXX.dd
[39/106] Generating CXX dyndep file CMakeFiles\AnimationTests.dir\CXX.dd
[40/105] Generating CXX dyndep file CMakeFiles\AnimationClipTests.dir\CXX.dd
[41/104] Generating CXX dyndep file CMakeFiles\CollisionAssetTests.dir\CXX.dd
[42/104] Generating CXX dyndep file CMakeFiles\ActionTimelineTests.dir\CXX.dd
[43/104] Generating CXX dyndep file CMakeFiles\CollisionMeshTests.dir\CXX.dd
[44/104] Generating CXX dyndep file CMakeFiles\CollisionStreamTests.dir\CXX.dd
[45/104] Generating CXX dyndep file CMakeFiles\CollisionObserverTests.dir\CXX.dd
[46/104] Generating CXX dyndep file CMakeFiles\AssetTests.dir\CXX.dd
[47/103] Generating CXX dyndep file CMakeFiles\EditorTests.dir\CXX.dd
[48/102] Generating CXX dyndep file CMakeFiles\FlecsProbe.dir\CXX.dd
[49/100] Generating CXX dyndep file CMakeFiles\LuauProbe.dir\CXX.dd
[50/98] Generating CXX dyndep file CMakeFiles\SQLiteProbe.dir\CXX.dd
[51/96] Generating CXX dyndep file CMakeFiles\FoundationTests.dir\CXX.dd
[52/95] Generating CXX dyndep file CMakeFiles\ScriptPackageTests.dir\CXX.dd
[53/94] Generating CXX dyndep file CMakeFiles\AssemblyTests.dir\CXX.dd
[54/93] Generating CXX dyndep file CMakeFiles\SessionTests.dir\CXX.dd
[55/93] Generating CXX dyndep file CMakeFiles\GnsTests.dir\CXX.dd
[56/93] Building CXX object CMakeFiles\MotorTests.dir\tests\motor_tests.cpp.obj
[57/93] Building CXX object CMakeFiles\MotorSessionTests.dir\tests\motor_session_tests.cpp.obj
[58/93] Building CXX object CMakeFiles\DarkAngelAssets.dir\engine\assets\animation_cooker.cpp.obj
[59/93] Building CXX object CMakeFiles\MotorFaultTests.dir\tests\motor_fault_tests.cpp.obj
[60/93] Building CXX object CMakeFiles\MotorActorHistoryTests.dir\tests\motor_actor_history_tests.cpp.obj
[61/93] Building CXX object CMakeFiles\MotorDynamicTests.dir\tests\motor_dynamic_tests.cpp.obj
[62/93] Linking CXX static library DarkAngelEditorService.lib
[63/93] Linking CXX static library DarkAngelAssets.lib
[64/93] Building CXX object CMakeFiles\PhysicsQuerySensorTests.dir\tests\physics_query_sensor_tests.cpp.obj
[65/93] Building CXX object CMakeFiles\ActionTimelineTests.dir\tests\action_timeline_tests.cpp.obj
[66/93] Building CXX object CMakeFiles\CollisionAssetTests.dir\tests\collision_asset_tests.cpp.obj
[67/93] Building CXX object CMakeFiles\CollisionStreamTests.dir\tests\collision_stream_tests.cpp.obj
[68/93] Building CXX object CMakeFiles\CollisionObserverTests.dir\tests\collision_observer_tests.cpp.obj
[69/93] Building CXX object CMakeFiles\SessionTests.dir\tests\session_tests.cpp.obj
[70/93] Building CXX object CMakeFiles\CollisionMeshTests.dir\tests\collision_mesh_tests.cpp.obj
[71/93] Linking CXX executable MotorTests.exe
[72/93] Linking CXX executable MotorSessionTests.exe
[73/93] Building CXX object CMakeFiles\GnsTests.dir\tests\gns_tests.cpp.obj
[74/93] Linking CXX executable MotorActorHistoryTests.exe
[75/93] Linking CXX executable MotorFaultTests.exe
[76/93] Linking CXX executable MotorDynamicTests.exe
[77/93] Linking CXX executable PhysicsQuerySensorTests.exe
[78/93] Linking CXX executable DarkAngelHeadless.exe
[79/93] Linking CXX executable AssetTool.exe
[80/93] Linking CXX executable AnimationClipTests.exe
[81/93] Linking CXX executable AnimationTests.exe
[82/93] Linking CXX executable CollisionAssetTests.exe
[83/93] Linking CXX executable ActionTimelineTests.exe
[84/93] Linking CXX executable CollisionStreamTests.exe
[85/93] Linking CXX executable CollisionObserverTests.exe
[86/93] Linking CXX executable CollisionMeshTests.exe
[87/93] Linking CXX executable AssetTests.exe
[88/93] Linking CXX executable FoundationTests.exe
[89/93] Linking CXX executable EditorTests.exe
[90/93] Linking CXX executable ScriptPackageTests.exe
[91/93] Linking CXX executable AssemblyTests.exe
[92/93] Linking CXX executable SessionTests.exe
[93/93] Linking CXX executable GnsTests.exe
