[1/87] Scanning C:\DarkAngel\engine\runtime\character_motor.cpp for CXX dependencies
[2/87] Scanning C:\DarkAngel\tools\editor\editor_document.cpp for CXX dependencies
[3/87] Scanning C:\DarkAngel\engine\assets\asset_service.cpp for CXX dependencies
[4/87] Scanning C:\DarkAngel\engine\assets\assets_common.cpp for CXX dependencies
[5/87] Scanning C:\DarkAngel\engine\assets\collision_cooker.cpp for CXX dependencies
[6/87] Scanning C:\DarkAngel\engine\assets\gltf_cooker.cpp for CXX dependencies
[7/87] Generating CXX dyndep file CMakeFiles\DarkAngelNetwork.dir\CXX.dd
[8/85] Scanning C:\DarkAngel\engine\assets\animation_cooker.cpp for CXX dependencies
[9/85] Generating CXX dyndep file CMakeFiles\DarkAngelAnimation.dir\CXX.dd
[10/83] Generating CXX dyndep file CMakeFiles\DarkAngelPhysics.dir\CXX.dd
[11/83] Scanning C:\DarkAngel\tests\physics_query_sensor_tests.cpp for CXX dependencies
[12/83] Scanning C:\DarkAngel\tests\motor_session_tests.cpp for CXX dependencies
[13/83] Generating CXX dyndep file CMakeFiles\DarkAngelAssets.dir\CXX.dd
[14/83] Generating CXX dyndep file CMakeFiles\DarkAngelEditorService.dir\CXX.dd
[15/82] Scanning C:\DarkAngel\tests\session_tests.cpp for CXX dependencies
[16/82] Scanning C:\DarkAngel\tests\collision_asset_tests.cpp for CXX dependencies
[17/82] Scanning C:\DarkAngel\tests\gns_tests.cpp for CXX dependencies
[18/82] Generating CXX dyndep file CMakeFiles\MotorSessionTests.dir\CXX.dd
[19/82] Generating CXX dyndep file CMakeFiles\PhysicsQuerySensorTests.dir\CXX.dd
[20/82] Generating CXX dyndep file CMakeFiles\DarkAngelHeadless.dir\CXX.dd
[21/81] Building CXX object CMakeFiles\DarkAngelEditorService.dir\tools\editor\editor_document.cpp.obj
[22/81] Building CXX object CMakeFiles\DarkAngelPhysics.dir\engine\runtime\character_motor.cpp.obj
[23/81] Building CXX object CMakeFiles\DarkAngelAssets.dir\engine\assets\assets_common.cpp.obj
[24/81] Building CXX object CMakeFiles\DarkAngelAssets.dir\engine\assets\asset_service.cpp.obj
[25/81] Building CXX object CMakeFiles\DarkAngelAssets.dir\engine\assets\gltf_cooker.cpp.obj
[26/81] Building CXX object CMakeFiles\DarkAngelAssets.dir\engine\assets\collision_cooker.cpp.obj
[27/81] Generating CXX dyndep file CMakeFiles\AssetTool.dir\CXX.dd
[28/80] Generating CXX dyndep file CMakeFiles\AnimationTests.dir\CXX.dd
[29/79] Generating CXX dyndep file CMakeFiles\AnimationClipTests.dir\CXX.dd
[30/78] Generating CXX dyndep file CMakeFiles\CollisionAssetTests.dir\CXX.dd
[31/78] Generating CXX dyndep file CMakeFiles\AssetTests.dir\CXX.dd
[32/77] Generating CXX dyndep file CMakeFiles\EditorTests.dir\CXX.dd
[33/76] Generating CXX dyndep file CMakeFiles\FlecsProbe.dir\CXX.dd
[34/74] Generating CXX dyndep file CMakeFiles\LuauProbe.dir\CXX.dd
[35/72] Generating CXX dyndep file CMakeFiles\SQLiteProbe.dir\CXX.dd
[36/70] Generating CXX dyndep file CMakeFiles\FoundationTests.dir\CXX.dd
[37/69] Generating CXX dyndep file CMakeFiles\ScriptPackageTests.dir\CXX.dd
[38/68] Generating CXX dyndep file CMakeFiles\AssemblyTests.dir\CXX.dd
[39/67] Generating CXX dyndep file CMakeFiles\SessionTests.dir\CXX.dd
[40/67] Generating CXX dyndep file CMakeFiles\GnsTests.dir\CXX.dd
[41/67] Linking CXX static library DarkAngelPhysics.lib
[42/67] Building CXX object CMakeFiles\MotorSessionTests.dir\tests\motor_session_tests.cpp.obj
[43/67] Building CXX object CMakeFiles\PhysicsQuerySensorTests.dir\tests\physics_query_sensor_tests.cpp.obj
[44/67] Linking CXX static library DarkAngelEditorService.lib
[45/67] Building CXX object CMakeFiles\DarkAngelAssets.dir\engine\assets\animation_cooker.cpp.obj
[46/67] Linking CXX static library DarkAngelAssets.lib
[47/67] Building CXX object CMakeFiles\SessionTests.dir\tests\session_tests.cpp.obj
[48/67] Building CXX object CMakeFiles\GnsTests.dir\tests\gns_tests.cpp.obj
[49/67] Linking CXX executable MotorTests.exe
[50/67] Building CXX object CMakeFiles\CollisionAssetTests.dir\tests\collision_asset_tests.cpp.obj
[51/67] Linking CXX executable MotorFaultTests.exe
[52/67] Linking CXX executable MotorSessionTests.exe
[53/67] Linking CXX executable MotorActorHistoryTests.exe
[54/67] Linking CXX executable MotorDynamicTests.exe
[55/67] Linking CXX executable PhysicsQuerySensorTests.exe
[56/67] Linking CXX executable DarkAngelHeadless.exe
[57/67] Linking CXX executable AssetTool.exe
[58/67] Linking CXX executable AnimationClipTests.exe
[59/67] Linking CXX executable AnimationTests.exe
[60/67] Linking CXX executable AssetTests.exe
[61/67] Linking CXX executable EditorTests.exe
[62/67] Linking CXX executable CollisionAssetTests.exe
[63/67] Linking CXX executable FoundationTests.exe
[64/67] Linking CXX executable ScriptPackageTests.exe
[65/67] Linking CXX executable AssemblyTests.exe
[66/67] Linking CXX executable SessionTests.exe
[67/67] Linking CXX executable GnsTests.exe
