[1/78] Generating CXX dyndep file CMakeFiles\DarkAngelNetwork.dir\CXX.dd
[2/76] Generating CXX dyndep file CMakeFiles\DarkAngelAnimation.dir\CXX.dd
[3/74] Scanning C:\DarkAngel\tools\cooker\main.cpp for CXX dependencies
[4/74] Scanning C:\DarkAngel\tests\animation_tests.cpp for CXX dependencies
[5/74] Scanning C:\DarkAngel\tests\animation_clip_tests.cpp for CXX dependencies
[6/74] Scanning C:\DarkAngel\tests\collision_asset_tests.cpp for CXX dependencies
[7/74] Scanning C:\DarkAngel\tests\collision_mesh_tests.cpp for CXX dependencies
[8/74] Scanning C:\DarkAngel\tests\asset_tests.cpp for CXX dependencies
[9/74] Generating CXX dyndep file CMakeFiles\MotorTests.dir\CXX.dd
[10/73] Generating CXX dyndep file CMakeFiles\MotorSessionTests.dir\CXX.dd
[11/72] Generating CXX dyndep file CMakeFiles\MotorFaultTests.dir\CXX.dd
[12/71] Generating CXX dyndep file CMakeFiles\MotorActorHistoryTests.dir\CXX.dd
[13/70] Generating CXX dyndep file CMakeFiles\MotorDynamicTests.dir\CXX.dd
[14/69] Generating CXX dyndep file CMakeFiles\PhysicsQuerySensorTests.dir\CXX.dd
[15/68] Generating CXX dyndep file CMakeFiles\DarkAngelHeadless.dir\CXX.dd
[16/67] Generating CXX dyndep file CMakeFiles\AssetTool.dir\CXX.dd
[17/67] Generating CXX dyndep file CMakeFiles\AnimationTests.dir\CXX.dd
[18/67] Generating CXX dyndep file CMakeFiles\AnimationClipTests.dir\CXX.dd
[19/67] Generating CXX dyndep file CMakeFiles\CollisionAssetTests.dir\CXX.dd
[20/67] Generating CXX dyndep file CMakeFiles\CollisionMeshTests.dir\CXX.dd
[21/67] Generating CXX dyndep file CMakeFiles\AssetTests.dir\CXX.dd
[22/67] Generating CXX dyndep file CMakeFiles\EditorTests.dir\CXX.dd
[23/66] Generating CXX dyndep file CMakeFiles\FlecsProbe.dir\CXX.dd
[24/64] Generating CXX dyndep file CMakeFiles\LuauProbe.dir\CXX.dd
[25/62] Generating CXX dyndep file CMakeFiles\SQLiteProbe.dir\CXX.dd
[26/60] Generating CXX dyndep file CMakeFiles\FoundationTests.dir\CXX.dd
[27/59] Generating CXX dyndep file CMakeFiles\ScriptPackageTests.dir\CXX.dd
[28/58] Generating CXX dyndep file CMakeFiles\AssemblyTests.dir\CXX.dd
[29/57] Generating CXX dyndep file CMakeFiles\SessionTests.dir\CXX.dd
[30/56] Generating CXX dyndep file CMakeFiles\GnsTests.dir\CXX.dd
[31/55] Building CXX object CMakeFiles\AssetTool.dir\tools\cooker\main.cpp.obj
[32/55] Building CXX object CMakeFiles\AnimationTests.dir\tests\animation_tests.cpp.obj
[33/55] Building CXX object CMakeFiles\AnimationClipTests.dir\tests\animation_clip_tests.cpp.obj
[34/55] Building CXX object CMakeFiles\CollisionAssetTests.dir\tests\collision_asset_tests.cpp.obj
[35/55] Building CXX object CMakeFiles\CollisionMeshTests.dir\tests\collision_mesh_tests.cpp.obj
[36/55] Linking CXX executable MotorTests.exe
[37/55] Linking CXX executable MotorSessionTests.exe
[38/55] Linking CXX executable MotorFaultTests.exe
[39/55] Linking CXX executable MotorActorHistoryTests.exe
[40/55] Building CXX object CMakeFiles\AssetTests.dir\tests\asset_tests.cpp.obj
[41/55] Linking CXX executable MotorDynamicTests.exe
[42/55] Linking CXX executable PhysicsQuerySensorTests.exe
[43/55] Linking CXX executable DarkAngelHeadless.exe
[44/55] Linking CXX executable AssetTool.exe
[45/55] Linking CXX executable AnimationTests.exe
[46/55] Linking CXX executable AnimationClipTests.exe
[47/55] Linking CXX executable CollisionAssetTests.exe
[48/55] Linking CXX executable CollisionMeshTests.exe
[49/55] Linking CXX executable AssetTests.exe
[50/55] Linking CXX executable FoundationTests.exe
[51/55] Linking CXX executable EditorTests.exe
[52/55] Linking CXX executable ScriptPackageTests.exe
[53/55] Linking CXX executable AssemblyTests.exe
[54/55] Linking CXX executable SessionTests.exe
[55/55] Linking CXX executable GnsTests.exe
