[1/54] Generating CXX dyndep file CMakeFiles\DarkAngelNetwork.dir\CXX.dd
[2/52] Generating CXX dyndep file CMakeFiles\DarkAngelPhysics.dir\CXX.dd
[3/50] Generating CXX dyndep file CMakeFiles\MotorSessionTests.dir\CXX.dd
[4/49] Generating CXX dyndep file CMakeFiles\MotorTests.dir\CXX.dd
[5/48] Generating CXX dyndep file CMakeFiles\MotorFaultTests.dir\CXX.dd
[6/47] Generating CXX dyndep file CMakeFiles\DarkAngelHeadless.dir\CXX.dd
[7/46] Generating CXX dyndep file CMakeFiles\AssetTool.dir\CXX.dd
[8/45] Generating CXX dyndep file CMakeFiles\CollisionAssetTests.dir\CXX.dd
[9/44] Generating CXX dyndep file CMakeFiles\AssetTests.dir\CXX.dd
[10/43] Generating CXX dyndep file CMakeFiles\EditorTests.dir\CXX.dd
[11/42] Generating CXX dyndep file CMakeFiles\FlecsProbe.dir\CXX.dd
[12/40] Generating CXX dyndep file CMakeFiles\LuauProbe.dir\CXX.dd
[13/38] Generating CXX dyndep file CMakeFiles\SQLiteProbe.dir\CXX.dd
[14/36] Generating CXX dyndep file CMakeFiles\FoundationTests.dir\CXX.dd
[15/35] Generating CXX dyndep file CMakeFiles\ScriptPackageTests.dir\CXX.dd
[16/34] Generating CXX dyndep file CMakeFiles\AssemblyTests.dir\CXX.dd
[17/33] Generating CXX dyndep file CMakeFiles\SessionTests.dir\CXX.dd
[18/32] Generating CXX dyndep file CMakeFiles\GnsTests.dir\CXX.dd
[19/31] Linking CXX executable MotorTests.exe
[20/31] Linking CXX executable MotorFaultTests.exe
[21/31] Linking CXX executable MotorSessionTests.exe
[22/31] Linking CXX executable DarkAngelHeadless.exe
[23/31] Linking CXX executable AssetTool.exe
[24/31] Linking CXX executable AssetTests.exe
[25/31] Linking CXX executable CollisionAssetTests.exe
[26/31] Linking CXX executable EditorTests.exe
[27/31] Linking CXX executable FoundationTests.exe
[28/31] Linking CXX executable ScriptPackageTests.exe
[29/31] Linking CXX executable AssemblyTests.exe
[30/31] Linking CXX executable SessionTests.exe
[31/31] Linking CXX executable GnsTests.exe
