-- Running vcpkg install
Detecting compiler hash for triplet x64-windows-darkangel...
Compiler found: C:/Program Files/Microsoft Visual Studio/18/Community/VC/Tools/MSVC/14.51.36231/bin/Hostx64/x64/cl.exe
The following packages will be built and installed:
    abseil:x64-windows-darkangel@20260107.1#3
    cgltf:x64-windows-darkangel@1.15
  * directxmath:x64-windows-darkangel@2026-06-12
    directxtex:x64-windows-darkangel@2026-05-07
    flecs:x64-windows-darkangel@4.1.6
    gamenetworkingsockets:x64-windows-darkangel@1.6.0 -- C:/DarkAngel/cmake/overlay-ports\gamenetworkingsockets
    joltphysics:x64-windows-darkangel@5.6.0
    libpng:x64-windows-darkangel@1.6.58
    luau:x64-windows-darkangel@0.729
    meshoptimizer:x64-windows-darkangel@1.2
    nlohmann-json:x64-windows-darkangel@3.12.0#2
  * openssl:x64-windows-darkangel@3.6.3
  * protobuf:x64-windows-darkangel@6.33.4#2
    sqlite3[core,omit-load-extension]:x64-windows-darkangel@3.53.4
  * utf8-range:x64-windows-darkangel@6.33.4
  * vcpkg-cmake:x64-windows-darkangel@2024-04-23
  * vcpkg-cmake-config:x64-windows-darkangel@2026-07-21
  * vcpkg-cmake-get-vars:x64-windows-darkangel@2025-05-29
    zlib:x64-windows-darkangel@1.3.2#1
Additional packages (*) will be modified to complete this operation.
Restored 19 package(s) from C:\Users\bengt\AppData\Local\vcpkg\archives in 32 s. Use --debug to see more details.
Installing 1/19 vcpkg-cmake-config:x64-windows-darkangel@2026-07-21...
vcpkg-cmake-config:x64-windows-darkangel@2026-07-21 package ABI: 81f89e659d69989b9f4a3e357988ccb5d06a8ec42ec45d19d3735b73f2289f3b
Elapsed time to handle vcpkg-cmake-config:x64-windows-darkangel: 152 ms
Installing 2/19 vcpkg-cmake:x64-windows-darkangel@2024-04-23...
vcpkg-cmake:x64-windows-darkangel@2024-04-23 package ABI: 30834624125ba6d0ae31555300e5787a1057491ea620c19643784b288f7b96dd
Elapsed time to handle vcpkg-cmake:x64-windows-darkangel: 60.9 ms
Installing 3/19 flecs:x64-windows-darkangel@4.1.6...
flecs:x64-windows-darkangel@4.1.6 package ABI: 210b0e0fe21594e94c10aaa7e3b42c13691b47fae3e9e0c9399aff77c80d06f7
Elapsed time to handle flecs:x64-windows-darkangel: 1.8 s
Installing 4/19 luau:x64-windows-darkangel@0.729...
luau:x64-windows-darkangel@0.729 package ABI: ff77cf90d169bbefef66ccc42b579ea8c18ec063898d826a6cbfb85e2ad7e81f
Elapsed time to handle luau:x64-windows-darkangel: 936 ms
Installing 5/19 nlohmann-json:x64-windows-darkangel@3.12.0#2...
nlohmann-json:x64-windows-darkangel@3.12.0#2 package ABI: 286b2395d2a328336fe1f83a72299b0ae6779e45aa651048bfa2c022f37e4b75
Elapsed time to handle nlohmann-json:x64-windows-darkangel: 232 ms
Installing 6/19 sqlite3[core,omit-load-extension]:x64-windows-darkangel@3.53.4...
sqlite3[core,omit-load-extension]:x64-windows-darkangel@3.53.4 package ABI: f3f00e7e2a4b6a9740c353f6d48ebd92478215cecdcf504bcc08c2b5141fd921
Elapsed time to handle sqlite3:x64-windows-darkangel: 1 s
Installing 7/19 abseil:x64-windows-darkangel@20260107.1#3...
abseil:x64-windows-darkangel@20260107.1#3 package ABI: 8094a59aa39e073210fab33028db0330bd77ee548e3d9eb687c8379395c347fc
Elapsed time to handle abseil:x64-windows-darkangel: 540 ms
Installing 8/19 cgltf:x64-windows-darkangel@1.15...
cgltf:x64-windows-darkangel@1.15 package ABI: df1f2d309ad704d1d95e2a7d9ff366865cb6af79e9288cd89fc069e450209134
Elapsed time to handle cgltf:x64-windows-darkangel: 36.9 ms
Installing 9/19 directxmath:x64-windows-darkangel@2026-06-12...
directxmath:x64-windows-darkangel@2026-06-12 package ABI: 67a0a269d84067011849f859db81f13c2159e6b3467c2e1f931e09e71b499021
Elapsed time to handle directxmath:x64-windows-darkangel: 31.4 ms
Installing 10/19 directxtex:x64-windows-darkangel@2026-05-07...
directxtex:x64-windows-darkangel@2026-05-07 package ABI: fce530d6faf1d7179046e46b9a2a7da1058db48b3a92b075f5772117a68557f4
Elapsed time to handle directxtex:x64-windows-darkangel: 30 ms
Installing 11/19 zlib:x64-windows-darkangel@1.3.2#1...
zlib:x64-windows-darkangel@1.3.2#1 package ABI: 807a5578ec749ae0be6c49707d5fffe8a6516aec010057745511e88e6b745320
Elapsed time to handle zlib:x64-windows-darkangel: 32.2 ms
Installing 12/19 libpng:x64-windows-darkangel@1.6.58...
libpng:x64-windows-darkangel@1.6.58 package ABI: 46f600e61b1af4c21ae3b04f73130f8fd6f543b115058fa53cd109ce64e0eeb4
Elapsed time to handle libpng:x64-windows-darkangel: 31.8 ms
Installing 13/19 meshoptimizer:x64-windows-darkangel@1.2...
meshoptimizer:x64-windows-darkangel@1.2 package ABI: 7ce88beae03dd543f76e4f2c6d17bc7f1780949f976d35d90077c223a21c6d68
Elapsed time to handle meshoptimizer:x64-windows-darkangel: 31.1 ms
Installing 14/19 utf8-range:x64-windows-darkangel@6.33.4...
utf8-range:x64-windows-darkangel@6.33.4 package ABI: bda86bd59f1edb1d931f2be5de0aba47bbd8cafe8a0ebdae26f9e66f00b83de6
Elapsed time to handle utf8-range:x64-windows-darkangel: 31.7 ms
Installing 15/19 protobuf:x64-windows-darkangel@6.33.4#2...
protobuf:x64-windows-darkangel@6.33.4#2 package ABI: 68b34392ea0adc60f9d4825937dd282f302445b96235f7dc58db519a77166853
Elapsed time to handle protobuf:x64-windows-darkangel: 94.4 ms
Installing 16/19 vcpkg-cmake-get-vars:x64-windows-darkangel@2025-05-29...
vcpkg-cmake-get-vars:x64-windows-darkangel@2025-05-29 package ABI: 8ff9a8571e96da7a574df169a21636a6ddb18f5da2385086235a81f35672652f
Elapsed time to handle vcpkg-cmake-get-vars:x64-windows-darkangel: 16 ms
Installing 17/19 openssl:x64-windows-darkangel@3.6.3...
openssl:x64-windows-darkangel@3.6.3 package ABI: 21a6674921418ded3c165706d88bf70456d186d3daf8d689e9fba76c3ee722ab
Elapsed time to handle openssl:x64-windows-darkangel: 186 ms
Installing 18/19 gamenetworkingsockets:x64-windows-darkangel@1.6.0...
gamenetworkingsockets:x64-windows-darkangel@1.6.0 package ABI: d98f5b050dc0e777ae57875c8c4339593ae51f4d327803bcac217120a22ea328
Elapsed time to handle gamenetworkingsockets:x64-windows-darkangel: 29.4 ms
Installing 19/19 joltphysics:x64-windows-darkangel@5.6.0...
joltphysics:x64-windows-darkangel@5.6.0 package ABI: f1d029547f98eafd74271d9ee4f65c57debc1e1092a0e42eff394c129b142f94
Elapsed time to handle joltphysics:x64-windows-darkangel: 178 ms
Installed contents are licensed to you by owners. Microsoft is not responsible for, nor does it grant any licenses to, third-party packages.
Some packages did not declare an SPDX license. Check the `copyright` file for each package for more information about their licensing.
Packages installed in this vcpkg installation declare the following licenses:
Apache-2.0
BSD-3-Clause
MIT
Zlib
blessing
libpng-2.0
The package flecs provides CMake targets:

    find_package(flecs CONFIG REQUIRED)
    target_link_libraries(main PRIVATE $<IF:$<TARGET_EXISTS:flecs::flecs>,flecs::flecs,flecs::flecs_static>)

luau provides CMake targets:

  # this is heuristically generated, and may not be correct
  find_package(unofficial-luau CONFIG REQUIRED)
  # note: 6 additional targets are not displayed.
  target_link_libraries(main PRIVATE unofficial::luau::Luau.VM unofficial::luau::Luau.Ast unofficial::luau::Luau.Common unofficial::luau::Luau.Config)

The package nlohmann-json provides CMake targets:

    find_package(nlohmann_json CONFIG REQUIRED)
    target_link_libraries(main PRIVATE nlohmann_json::nlohmann_json)

The package nlohmann-json can be configured to not provide implicit conversions via a custom triplet file:

    set(nlohmann-json_IMPLICIT_CONVERSIONS OFF)

For more information, see the docs here:
    
    https://json.nlohmann.me/api/macros/json_use_implicit_conversions/

sqlite3 provides pkgconfig bindings.
sqlite3 provides CMake targets:

    find_package(unofficial-sqlite3 CONFIG REQUIRED)
    target_link_libraries(main PRIVATE unofficial::sqlite3::sqlite3)

abseil provides CMake targets:

  # this is heuristically generated, and may not be correct
  find_package(absl CONFIG REQUIRED)
  # note: 203 additional targets are not displayed.
  target_link_libraries(main PRIVATE absl::any absl::log absl::base absl::bits)

abseil provides pkg-config modules:

  # Abseil absl_check library
  absl_absl_check

  # Abseil absl_log library
  absl_absl_log

  # Abseil absl_vlog_is_on library
  absl_absl_vlog_is_on

  # Abseil algorithm library
  absl_algorithm

  # Abseil algorithm_container library
  absl_algorithm_container

  # Abseil any library
  absl_any

  # Abseil any_invocable library
  absl_any_invocable

  # Abseil atomic_hook library
  absl_atomic_hook

  # Abseil bad_any_cast library
  absl_bad_any_cast

  # Abseil bad_optional_access library
  absl_bad_optional_access

  # Abseil bad_variant_access library
  absl_bad_variant_access

  # Abseil base library
  absl_base

  # Abseil base_internal library
  absl_base_internal

  # Abseil bind_front library
  absl_bind_front

  # Abseil bits library
  absl_bits

  # Abseil borrowed_fixup_buffer library
  absl_borrowed_fixup_buffer

  # Abseil bounded_utf8_length_sequence library
  absl_bounded_utf8_length_sequence

  # Abseil btree library
  absl_btree

  # Abseil charset library
  absl_charset

  # Abseil check library
  absl_check

  # Abseil chunked_queue library
  absl_chunked_queue

  # Abseil city library
  absl_city

  # Abseil civil_time library
  absl_civil_time

  # Abseil cleanup library
  absl_cleanup

  # Abseil cleanup_internal library
  absl_cleanup_internal

  # Abseil common_policy_traits library
  absl_common_policy_traits

  # Abseil compare library
  absl_compare

  # Abseil compressed_tuple library
  absl_compressed_tuple

  # Abseil config library
  absl_config

  # Abseil constexpr_testing_internal library
  absl_constexpr_testing_internal

  # Abseil container_common library
  absl_container_common

  # Abseil container_memory library
  absl_container_memory

  # Abseil cord library
  absl_cord

  # Abseil cord_internal library
  absl_cord_internal

  # Abseil cordz_functions library
  absl_cordz_functions

  # Abseil cordz_handle library
  absl_cordz_handle

  # Abseil cordz_info library
  absl_cordz_info

  # Abseil cordz_sample_token library
  absl_cordz_sample_token

  # Abseil cordz_statistics library
  absl_cordz_statistics

  # Abseil cordz_update_scope library
  absl_cordz_update_scope

  # Abseil cordz_update_tracker library
  absl_cordz_update_tracker

  # Abseil core_headers library
  absl_core_headers

  # Abseil crc32c library
  absl_crc32c

  # Abseil crc_cord_state library
  absl_crc_cord_state

  # Abseil crc_cpu_detect library
  absl_crc_cpu_detect

  # Abseil crc_internal library
  absl_crc_internal

  # Abseil debugging library
  absl_debugging

  # Abseil debugging_internal library
  absl_debugging_internal

  # Abseil decode_rust_punycode library
  absl_decode_rust_punycode

  # Abseil demangle_internal library
  absl_demangle_internal

  # Abseil demangle_rust library
  absl_demangle_rust

  # Abseil die_if_null library
  absl_die_if_null

  # Abseil dynamic_annotations library
  absl_dynamic_annotations

  # Abseil endian library
  absl_endian

  # Abseil errno_saver library
  absl_errno_saver

  # Abseil examine_stack library
  absl_examine_stack

  # Abseil exponential_biased library
  absl_exponential_biased

  # Abseil failure_signal_handler library
  absl_failure_signal_handler

  # Abseil fast_type_id library
  absl_fast_type_id

  # Abseil fixed_array library
  absl_fixed_array

  # Abseil flags library
  absl_flags

  # Abseil flags_commandlineflag library
  absl_flags_commandlineflag

  # Abseil flags_commandlineflag_internal library
  absl_flags_commandlineflag_internal

  # Abseil flags_config library
  absl_flags_config

  # Abseil flags_internal library
  absl_flags_internal

  # Abseil flags_marshalling library
  absl_flags_marshalling

  # Abseil flags_parse library
  absl_flags_parse

  # Abseil flags_path_util library
  absl_flags_path_util

  # Abseil flags_private_handle_accessor library
  absl_flags_private_handle_accessor

  # Abseil flags_program_name library
  absl_flags_program_name

  # Abseil flags_reflection library
  absl_flags_reflection

  # Abseil flags_usage library
  absl_flags_usage

  # Abseil flags_usage_internal library
  absl_flags_usage_internal

  # Abseil flat_hash_map library
  absl_flat_hash_map

  # Abseil flat_hash_set library
  absl_flat_hash_set

  # Abseil function_ref library
  absl_function_ref

  # Abseil generic_printer_internal library
  absl_generic_printer_internal

  # Abseil graphcycles_internal library
  absl_graphcycles_internal

  # Abseil has_ostream_operator library
  absl_has_ostream_operator

  # Abseil hash library
  absl_hash

  # Abseil hash_container_defaults library
  absl_hash_container_defaults

  # Abseil hash_function_defaults library
  absl_hash_function_defaults

  # Abseil hash_policy_traits library
  absl_hash_policy_traits

  # Abseil hashtable_control_bytes library
  absl_hashtable_control_bytes

  # Abseil hashtable_debug library
  absl_hashtable_debug

  # Abseil hashtable_debug_hooks library
  absl_hashtable_debug_hooks

  # Abseil hashtable_profiler library
  absl_hashtable_profiler

  # Abseil hashtablez_sampler library
  absl_hashtablez_sampler

  # Abseil inlined_vector library
  absl_inlined_vector

  # Abseil inlined_vector_internal library
  absl_inlined_vector_internal

  # Abseil int128 library
  absl_int128

  # Abseil iterator_traits_internal library
  absl_iterator_traits_internal

  # Abseil iterator_traits_test_helper_internal library
  absl_iterator_traits_test_helper_internal

  # Abseil kernel_timeout_internal library
  absl_kernel_timeout_internal

  # Abseil layout library
  absl_layout

  # Abseil leak_check library
  absl_leak_check

  # Abseil linked_hash_map library
  absl_linked_hash_map

  # Abseil linked_hash_set library
  absl_linked_hash_set

  # Abseil log library
  absl_log

  # Abseil log_entry library
  absl_log_entry

  # Abseil log_flags library
  absl_log_flags

  # Abseil log_globals library
  absl_log_globals

  # Abseil log_initialize library
  absl_log_initialize

  # Abseil log_internal_append_truncated library
  absl_log_internal_append_truncated

  # Abseil log_internal_check_impl library
  absl_log_internal_check_impl

  # Abseil log_internal_check_op library
  absl_log_internal_check_op

  # Abseil log_internal_conditions library
  absl_log_internal_conditions

  # Abseil log_internal_config library
  absl_log_internal_config

  # Abseil log_internal_container library
  absl_log_internal_container

  # Abseil log_internal_flags library
  absl_log_internal_flags

  # Abseil log_internal_fnmatch library
  absl_log_internal_fnmatch

  # Abseil log_internal_format library
  absl_log_internal_format

  # Abseil log_internal_globals library
  absl_log_internal_globals

  # Abseil log_internal_log_impl library
  absl_log_internal_log_impl

  # Abseil log_internal_log_sink_set library
  absl_log_internal_log_sink_set

  # Abseil log_internal_message library
  absl_log_internal_message

  # Abseil log_internal_nullguard library
  absl_log_internal_nullguard

  # Abseil log_internal_nullstream library
  absl_log_internal_nullstream

  # Abseil log_internal_proto library
  absl_log_internal_proto

  # Abseil log_internal_strip library
  absl_log_internal_strip

  # Abseil log_internal_structured library
  absl_log_internal_structured

  # Abseil log_internal_structured_proto library
  absl_log_internal_structured_proto

  # Abseil log_internal_voidify library
  absl_log_internal_voidify

  # Abseil log_severity library
  absl_log_severity

  # Abseil log_sink library
  absl_log_sink

  # Abseil log_sink_registry library
  absl_log_sink_registry

  # Abseil log_streamer library
  absl_log_streamer

  # Abseil log_structured library
  absl_log_structured

  # Abseil malloc_internal library
  absl_malloc_internal

  # Abseil memory library
  absl_memory

  # Abseil meta library
  absl_meta

  # Abseil no_destructor library
  absl_no_destructor

  # Abseil node_hash_map library
  absl_node_hash_map

  # Abseil node_hash_set library
  absl_node_hash_set

  # Abseil node_slot_policy library
  absl_node_slot_policy

  # Abseil non_temporal_arm_intrinsics library
  absl_non_temporal_arm_intrinsics

  # Abseil non_temporal_memcpy library
  absl_non_temporal_memcpy

  # Abseil nullability library
  absl_nullability

  # Abseil nullability_traits_internal library
  absl_nullability_traits_internal

  # Abseil numeric library
  absl_numeric

  # Abseil numeric_representation library
  absl_numeric_representation

  # Abseil optional library
  absl_optional

  # Abseil overload library
  absl_overload

  # Abseil periodic_sampler library
  absl_periodic_sampler

  # Abseil poison library
  absl_poison

  # Abseil prefetch library
  absl_prefetch

  # Abseil pretty_function library
  absl_pretty_function

  # Abseil profile_builder library
  absl_profile_builder

  # Abseil random_bit_gen_ref library
  absl_random_bit_gen_ref

  # Abseil random_distributions library
  absl_random_distributions

  # Abseil random_internal_distribution_caller library
  absl_random_internal_distribution_caller

  # Abseil random_internal_distribution_test_util library
  absl_random_internal_distribution_test_util

  # Abseil random_internal_entropy_pool library
  absl_random_internal_entropy_pool

  # Abseil random_internal_fast_uniform_bits library
  absl_random_internal_fast_uniform_bits

  # Abseil random_internal_fastmath library
  absl_random_internal_fastmath

  # Abseil random_internal_generate_real library
  absl_random_internal_generate_real

  # Abseil random_internal_iostream_state_saver library
  absl_random_internal_iostream_state_saver

  # Abseil random_internal_mock_helpers library
  absl_random_internal_mock_helpers

  # Abseil random_internal_nonsecure_base library
  absl_random_internal_nonsecure_base

  # Abseil random_internal_pcg_engine library
  absl_random_internal_pcg_engine

  # Abseil random_internal_platform library
  absl_random_internal_platform

  # Abseil random_internal_randen library
  absl_random_internal_randen

  # Abseil random_internal_randen_engine library
  absl_random_internal_randen_engine

  # Abseil random_internal_randen_hwaes library
  absl_random_internal_randen_hwaes

  # Abseil random_internal_randen_hwaes_impl library
  absl_random_internal_randen_hwaes_impl

  # Abseil random_internal_randen_slow library
  absl_random_internal_randen_slow

  # Abseil random_internal_salted_seed_seq library
  absl_random_internal_salted_seed_seq

  # Abseil random_internal_seed_material library
  absl_random_internal_seed_material

  # Abseil random_internal_traits library
  absl_random_internal_traits

  # Abseil random_internal_uniform_helper library
  absl_random_internal_uniform_helper

  # Abseil random_internal_wide_multiply library
  absl_random_internal_wide_multiply

  # Abseil random_random library
  absl_random_random

  # Abseil random_seed_gen_exception library
  absl_random_seed_gen_exception

  # Abseil random_seed_sequences library
  absl_random_seed_sequences

  # Abseil raw_hash_map library
  absl_raw_hash_map

  # Abseil raw_hash_set library
  absl_raw_hash_set

  # Abseil raw_hash_set_resize_impl library
  absl_raw_hash_set_resize_impl

  # Abseil raw_logging_internal library
  absl_raw_logging_internal

  # Abseil requires_internal library
  absl_requires_internal

  # Abseil sample_recorder library
  absl_sample_recorder

  # Abseil scoped_set_env library
  absl_scoped_set_env

  # Abseil span library
  absl_span

  # Abseil spinlock_wait library
  absl_spinlock_wait

  # Abseil stacktrace library
  absl_stacktrace

  # Abseil status library
  absl_status

  # Abseil statusor library
  absl_statusor

  # Abseil str_format library
  absl_str_format

  # Abseil str_format_internal library
  absl_str_format_internal

  # Abseil strerror library
  absl_strerror

  # Abseil string_view library
  absl_string_view

  # Abseil strings library
  absl_strings

  # Abseil strings_append_and_overwrite library
  absl_strings_append_and_overwrite

  # Abseil strings_internal library
  absl_strings_internal

  # Abseil strings_resize_and_overwrite library
  absl_strings_resize_and_overwrite

  # Abseil symbolize library
  absl_symbolize

  # Abseil synchronization library
  absl_synchronization

  # Abseil throw_delegate library
  absl_throw_delegate

  # Abseil time library
  absl_time

  # Abseil time_zone library
  absl_time_zone

  # Abseil tracing_internal library
  absl_tracing_internal

  # Abseil type_traits library
  absl_type_traits

  # Abseil utf8_for_code_point library
  absl_utf8_for_code_point

  # Abseil utility library
  absl_utility

  # Abseil variant library
  absl_variant

  # Abseil vlog_config_internal library
  absl_vlog_config_internal

  # Abseil vlog_is_on library
  absl_vlog_is_on

  # Abseil weakly_mixed_integer library
  absl_weakly_mixed_integer

cgltf is header-only and can be used from CMake via:

  find_path(CGLTF_INCLUDE_DIRS "cgltf.h")
  target_include_directories(main PRIVATE ${CGLTF_INCLUDE_DIRS})

The DirectXTex package provides CMake targets:

    find_package(directxtex CONFIG REQUIRED)
    target_link_libraries(main PRIVATE Microsoft::DirectXTex)

zlib is compatible with built-in CMake targets:

  find_package(ZLIB REQUIRED)
  target_link_libraries(main PRIVATE ZLIB::ZLIB)

libpng provides CMake targets:

  find_package(PNG REQUIRED)
  target_link_libraries(main PRIVATE PNG::PNG)

meshoptimizer provides CMake targets:

  # this is heuristically generated, and may not be correct
  find_package(meshoptimizer CONFIG REQUIRED)
  target_link_libraries(main PRIVATE meshoptimizer::meshoptimizer)

gamenetworkingsockets provides CMake targets:

  # this is heuristically generated, and may not be correct
  find_package(GameNetworkingSockets CONFIG REQUIRED)
  target_link_libraries(main PRIVATE GameNetworkingSockets::shared GameNetworkingSockets::static GameNetworkingSockets::GameNetworkingSockets_s)

joltphysics provides CMake targets:

  # this is heuristically generated, and may not be correct
  find_package(Jolt CONFIG REQUIRED)
  target_link_libraries(main PRIVATE Jolt::Jolt)

All requested installations completed successfully in: 5.5 s
-- Running vcpkg install - done
-- The C compiler identification is MSVC 19.51.36260.0
-- The CXX compiler identification is MSVC 19.51.36260.0
-- Detecting C compiler ABI info
-- Detecting C compiler ABI info - done
-- Check for working C compiler: C:/Program Files/Microsoft Visual Studio/18/Community/VC/Tools/MSVC/14.51.36231/bin/Hostx64/x64/cl.exe - skipped
-- Detecting C compile features
-- Detecting C compile features - done
-- Detecting CXX compiler ABI info
-- Detecting CXX compiler ABI info - done
-- Check for working CXX compiler: C:/Program Files/Microsoft Visual Studio/18/Community/VC/Tools/MSVC/14.51.36231/bin/Hostx64/x64/cl.exe - skipped
-- Detecting CXX compile features
-- Detecting CXX compile features - done
-- Found Git: C:/Program Files/Git/cmd/git.exe (found version "2.49.0.windows.1")
-- Found nlohmann_json: C:/DarkAngel/build/m5-relwithdebinfo/vcpkg_installed/x64-windows-darkangel/share/nlohmann_json/nlohmann_jsonConfig.cmake (found suitable version "3.12.0", minimum required is "3.12.0")
-- Performing Test CMAKE_HAVE_LIBC_PTHREAD
-- Performing Test CMAKE_HAVE_LIBC_PTHREAD - Failed
-- Looking for pthread_create in pthreads
-- Looking for pthread_create in pthreads - not found
-- Looking for pthread_create in pthread
-- Looking for pthread_create in pthread - not found
-- Found Threads: TRUE
-- Found Protobuf: C:/DarkAngel/build/m5-relwithdebinfo/vcpkg_installed/x64-windows-darkangel/tools/protobuf/protoc.exe (found version "33.4.0")
-- Found OpenSSL: optimized;C:/DarkAngel/build/m5-relwithdebinfo/vcpkg_installed/x64-windows-darkangel/lib/libcrypto.lib;debug;C:/DarkAngel/build/m5-relwithdebinfo/vcpkg_installed/x64-windows-darkangel/debug/lib/libcrypto.lib (found version "3.6.3")
Optional program clang-format not found.
-- ---------------------------------------------------------
-- Selected options:
-- - BUILD_SHARED_LIBS: OFF
-- - ozz_build_tools: OFF
-- - ozz_build_fbx: OFF
-- - ozz_build_gltf: OFF
-- - ozz_build_data: OFF
-- - ozz_build_samples: OFF
-- - ozz_build_howtos: OFF
-- - ozz_build_tests: OFF
-- - ozz_build_simd_ref: OFF
-- - ozz_build_msvc_rt_dll: ON
-- - ozz_build_postfix: ON
-- Found OpenMP_C: -openmp (found version "2.0")
-- Found OpenMP_CXX: -openmp (found version "2.0")
-- Found OpenMP: TRUE (found version "2.0")
-- Configuring done (47.3s)
-- Generating done (0.2s)
-- Build files have been written to: C:/DarkAngel/build/m5-relwithdebinfo
