FBX version: 7500
WARNING: User property type 'Short' is not supported
WARNING: User property type 'Short' is not supported
WARNING: User property type 'Short' is not supported
WARNING: User property type 'Short' is not supported
WARNING: User property type 'Short' is not supported
WARNING: User property type 'Short' is not supported
WARNING: User property type 'Short' is not supported
WARNING: User property type 'Short' is not supported
WARNING: User property type 'Short' is not supported
WARNING: User property type 'Short' is not supported
WARNING: User property type 'Short' is not supported
WARNING: User property type 'Short' is not supported
WARNING: User property type 'Short' is not supported
WARNING: User property type 'Short' is not supported
WARNING: User property type 'Short' is not supported
WARNING: User property type 'Short' is not supported
WARNING: User property type 'Short' is not supported
WARNING: User property type 'Short' is not supported
WARNING: User property type 'Short' is not supported
WARNING: User property type 'Short' is not supported
WARNING: User property type 'Short' is not supported
WARNING: User property type 'Short' is not supported
WARNING: User property type 'Short' is not supported
WARNING: User property type 'Short' is not supported
WARNING: User property type 'Short' is not supported
WARNING: User property type 'Short' is not supported
WARNING: User property type 'Short' is not supported
WARNING: User property type 'Short' is not supported
WARNING: User property type 'Short' is not supported
WARNING: User property type 'Short' is not supported
WARNING: User property type 'Short' is not supported
WARNING: User property type 'Short' is not supported
WARNING: User property type 'Short' is not supported
WARNING: User property type 'Short' is not supported
WARNING: User property type 'Short' is not supported
WARNING: User property type 'Short' is not supported
WARNING: User property type 'Short' is not supported
WARNING: User property type 'Short' is not supported
WARNING: User property type 'Short' is not supported
WARNING: User property type 'Short' is not supported
WARNING: User property type 'Short' is not supported
WARNING: User property type 'Short' is not supported
WARNING: User property type 'Short' is not supported
WARNING: User property type 'Short' is not supported
WARNING: User property type 'Short' is not supported
WARNING: User property type 'Short' is not supported
WARNING: User property type 'Short' is not supported
WARNING: User property type 'Short' is not supported
WARNING: User property type 'Short' is not supported
WARNING: User property type 'Short' is not supported
WARNING: User property type 'Short' is not supported
WARNING: User property type 'Short' is not supported
WARNING: User property type 'Short' is not supported
WARNING: User property type 'Short' is not supported
WARNING: User property type 'Short' is not supported
WARNING: User property type 'Short' is not supported
WARNING: User property type 'Short' is not supported
WARNING: User property type 'Short' is not supported
WARNING: User property type 'Short' is not supported
WARNING: User property type 'Short' is not supported
WARNING: User property type 'Short' is not supported
WARNING: User property type 'Short' is not supported
WARNING: User property type 'Short' is not supported
WARNING: User property type 'Short' is not supported
WARNING: User property type 'Short' is not supported
WARNING: User property type 'Short' is not supported
WARNING: User property type 'Short' is not supported
WARNING: User property type 'Short' is not supported
WARNING: User property type 'Short' is not supported
WARNING: User property type 'Short' is not supported
WARNING: User property type 'Short' is not supported
WARNING: User property type 'Short' is not supported
WARNING: User property type 'Short' is not supported
WARNING: User property type 'Short' is not supported
WARNING: User property type 'Short' is not supported
WARNING: User property type 'Short' is not supported
WARNING: User property type 'Short' is not supported
WARNING: User property type 'Short' is not supported
WARNING: User property type 'Short' is not supported
WARNING: User property type 'Short' is not supported
WARNING: User property type 'Short' is not supported
WARNING: User property type 'Short' is not supported
WARNING: User property type 'Short' is not supported
WARNING: User property type 'Short' is not supported
WARNING: User property type 'Short' is not supported
CLIP_CONVERTED {"blender": "4.5.1 LTS", "source": "C:\\Unity Projects\\AshenRootsMP\\Assets\\thirdparty\\3D\\Blink\\Art\\Animations\\Animations_Starter_Pack\\Movement\\Idle.fbx", "source_sha256": "8e97c9ebb3a2c9e7ff4df9241e4b454187ca605156ade551273fa47fa2a64028", "canonical_sha256": "52c457e3acfaf67e843a15daab3d614f313492266f4da7d1862208e479994083", "glb_sha256": "75d1457e08f9dc36d05054cbce3003a5de94cf99fd6e3fb8684b4b7bc8c7907d", "action": "Armature|human_male_idle_01|BaseLayer", "reference": "Armature|tpose|BaseLayer", "source_fps": 30.0, "source_frames": [3.0, 55.0], "ticks": 104, "joints": 81, "omitted_helpers": ["jnt_eyelidDOWNEnd_L", "jnt_eyelidDOWNEnd_R", "jnt_eyelidDOWN_L", "jnt_eyelidDOWN_R", "jnt_eyelidUPEnd_L", "jnt_eyelidUPEnd_R", "jnt_eyelidUP_L", "jnt_eyelidUP_R", "jnt_shoulderEnd_L", "jnt_shoulderEnd_R", "jnt_shoulder_L", "jnt_shoulder_R"], "rest_only_face_joints": ["jnt_eyeBrow_L", "jnt_eyeBrow_LEnd_L", "jnt_eyeBrow_R", "jnt_eyeBrowEnd_R", "jnt_eyelid_L", "jnt_eyelid_LEnd_L", "jnt_eyelid_R", "jnt_eyelidEnd_R"], "normalized_rest": true, "max_rest_basis_matrix_difference": 0.4444817453622818, "max_rest_length_difference_metres": 0.07756632826040766, "profile": "Mapped canonical hierarchy validated; explicit offline authored-tpose rest normalization and missing brow/eyelid rest fill; rigid metre/Y-up transforms sampled at 60 Hz; no runtime retarget; visual motion quality still requires acceptance"}
Blender 4.5.1 LTS (hash b0a72b245dcf built 2025-07-29 06:36:07)

Blender quit
