FBX version: 7700
WARNING: User property type 'Short' is not supported
WARNING: User property type 'Short' is not supported
WARNING: User property type 'Short' is not supported
WARNING: User property type 'Short' is not supported
WARNING: User property type 'Short' is not supported
WARNING: User property type 'Short' is not supported
WARNING: User property type 'Short' is not supported
WARNING: User property type 'Short' is not supported
WARNING: User property type 'Short' is not supported
WARNING: User property type 'Short' is not supported
WARNING: User property type 'Short' is not supported
WARNING: User property type 'Short' is not supported
WARNING: User property type 'Short' is not supported
WARNING: User property type 'Short' is not supported
WARNING: User property type 'Short' is not supported
WARNING: User property type 'Short' is not supported
WARNING: User property type 'Short' is not supported
WARNING: User property type 'Short' is not supported
WARNING: User property type 'Short' is not supported
WARNING: User property type 'Short' is not supported
WARNING: User property type 'Short' is not supported
WARNING: User property type 'Short' is not supported
WARNING: User property type 'Short' is not supported
WARNING: User property type 'Short' is not supported
WARNING: User property type 'Short' is not supported
WARNING: User property type 'Short' is not supported
WARNING: User property type 'Short' is not supported
WARNING: User property type 'Short' is not supported
WARNING: User property type 'Short' is not supported
WARNING: User property type 'Short' is not supported
WARNING: User property type 'Short' is not supported
WARNING: User property type 'Short' is not supported
WARNING: User property type 'Short' is not supported
WARNING: User property type 'Short' is not supported
WARNING: User property type 'Short' is not supported
WARNING: User property type 'Short' is not supported
WARNING: User property type 'Short' is not supported
WARNING: User property type 'Short' is not supported
WARNING: User property type 'Short' is not supported
WARNING: User property type 'Short' is not supported
WARNING: User property type 'Short' is not supported
WARNING: User property type 'Short' is not supported
WARNING: User property type 'Short' is not supported
WARNING: User property type 'Short' is not supported
WARNING: User property type 'Short' is not supported
WARNING: User property type 'Short' is not supported
WARNING: User property type 'Short' is not supported
WARNING: User property type 'Short' is not supported
WARNING: User property type 'Short' is not supported
WARNING: User property type 'Short' is not supported
WARNING: User property type 'Short' is not supported
WARNING: User property type 'Short' is not supported
WARNING: User property type 'Short' is not supported
WARNING: User property type 'Short' is not supported
WARNING: User property type 'Short' is not supported
WARNING: User property type 'Short' is not supported
WARNING: User property type 'Short' is not supported
WARNING: User property type 'Short' is not supported
WARNING: User property type 'Short' is not supported
WARNING: User property type 'Short' is not supported
WARNING: User property type 'Short' is not supported
WARNING: User property type 'Short' is not supported
WARNING: User property type 'Short' is not supported
WARNING: User property type 'Short' is not supported
WARNING: User property type 'Short' is not supported
WARNING: User property type 'Short' is not supported
WARNING: User property type 'Short' is not supported
WARNING: User property type 'Short' is not supported
WARNING: User property type 'Short' is not supported
WARNING: User property type 'Short' is not supported
WARNING: User property type 'Short' is not supported
WARNING: User property type 'Short' is not supported
WARNING: User property type 'Short' is not supported
WARNING: User property type 'Short' is not supported
WARNING: User property type 'Short' is not supported
WARNING: User property type 'Short' is not supported
WARNING: User property type 'Short' is not supported
WARNING: User property type 'Short' is not supported
WARNING: User property type 'Short' is not supported
WARNING: User property type 'Short' is not supported
WARNING: User property type 'Short' is not supported
HUMAN_SOURCE {"rig": "Armature", "bones": 81, "meshes": [["Body_Head", 205], ["Eyelashes", 32], ["Body_Feet", 136], ["Body_Hands", 242], ["Body_Chest", 161], ["Body_Neck", 32], ["Eyebrows", 24], ["Body_Legs", 376], ["Underwear", 162], ["Body_Arms", 260], ["Eyes", 50], ["Hair7", 160], ["Moustache4", 40], ["Beard6", 67]]}
INFO Draco mesh compression is available, use library at C:\Program Files\Blender Foundation\Blender 4.5\4.5\scripts\addons_core\io_scene_gltf2\extern_draco.dll
06:53:18 | INFO: Starting glTF 2.0 export
06:53:18 | INFO: Extracting primitive: Mesh.005
06:53:18 | INFO: Primitives created: 1
06:53:18 | INFO: Finished glTF 2.0 export in 0.023365020751953125 s

HUMAN_EXPORTED {"blender": "4.5.1 LTS", "source": "C:\\Unity Projects\\AshenRootsMP\\Assets\\thirdparty\\3D\\Blink\\Art\\Characters\\LowPoly\\FREE_HumanLowPoly\\Meshes_Humans\\HumanMale_Character.fbx", "source_sha256": "0c99d39d08d123a1114c6cf2e19d3e089f14501bea887250fea6748374d2122f", "glb_sha256": "dbf0c9225d8cda73be06970e7df89f40de68db3edbd62bcfce02855020c13e13", "bone_count": 81, "mesh": "Body_Legs", "skin_joints": 81, "nodes": 83}
Blender 4.5.1 LTS (hash b0a72b245dcf built 2025-07-29 06:36:07)

Blender quit
