[1/89] Generating CXX dyndep file CMakeFiles\DarkAngelNetwork.dir\CXX.dd
[2/87] Generating CXX dyndep file CMakeFiles\DarkAngelEditorService.dir\CXX.dd
[3/84] Generating CXX dyndep file CMakeFiles\MotorTests.dir\CXX.dd
[4/83] Generating CXX dyndep file CMakeFiles\MotorSessionTests.dir\CXX.dd
[5/82] Generating CXX dyndep file CMakeFiles\MotorFaultTests.dir\CXX.dd
[6/81] Generating CXX dyndep file CMakeFiles\MotorActorHistoryTests.dir\CXX.dd
[7/80] Generating CXX dyndep file CMakeFiles\MotorDynamicTests.dir\CXX.dd
[8/79] Generating CXX dyndep file CMakeFiles\PhysicsQuerySensorTests.dir\CXX.dd
[9/78] Generating CXX dyndep file CMakeFiles\MotorBudgetTests.dir\CXX.dd
[10/77] Scanning C:\DarkAngel\tests\animation_clip_tests.cpp for CXX dependencies
[11/77] Generating CXX dyndep file CMakeFiles\PlatformAxesTests.dir\CXX.dd
[12/76] Generating CXX dyndep file CMakeFiles\DarkAngelHeadless.dir\CXX.dd
[13/75] Generating CXX dyndep file CMakeFiles\AssetTool.dir\CXX.dd
[14/74] Generating CXX dyndep file CMakeFiles\AnimationTests.dir\CXX.dd
[15/73] Generating CXX dyndep file CMakeFiles\AnimationClipTests.dir\CXX.dd
[16/73] Generating CXX dyndep file CMakeFiles\CollisionAssetTests.dir\CXX.dd
[17/72] Generating CXX dyndep file CMakeFiles\ActionTimelineTests.dir\CXX.dd
[18/71] Generating CXX dyndep file CMakeFiles\CollisionMeshTests.dir\CXX.dd
[19/70] Generating CXX dyndep file CMakeFiles\CollisionStreamTests.dir\CXX.dd
[20/69] Generating CXX dyndep file CMakeFiles\CollisionObserverTests.dir\CXX.dd
[21/68] Generating CXX dyndep file CMakeFiles\AssetTests.dir\CXX.dd
[22/67] Generating CXX dyndep file CMakeFiles\EditorTests.dir\CXX.dd
[23/66] Generating CXX dyndep file CMakeFiles\FlecsProbe.dir\CXX.dd
[24/64] Generating CXX dyndep file CMakeFiles\LuauProbe.dir\CXX.dd
[25/62] Generating CXX dyndep file CMakeFiles\SQLiteProbe.dir\CXX.dd
[26/60] Generating CXX dyndep file CMakeFiles\FoundationTests.dir\CXX.dd
[27/59] Generating CXX dyndep file CMakeFiles\ScriptPackageTests.dir\CXX.dd
[28/58] Generating CXX dyndep file CMakeFiles\AssemblyTests.dir\CXX.dd
[29/57] Generating CXX dyndep file CMakeFiles\SessionTests.dir\CXX.dd
[30/56] Generating CXX dyndep file CMakeFiles\GnsTests.dir\CXX.dd
[31/55] Linking CXX executable MotorTests.exe
[32/55] Linking CXX executable MotorSessionTests.exe
[33/55] Linking CXX executable MotorFaultTests.exe
[34/55] Linking CXX executable MotorActorHistoryTests.exe
[35/55] Linking CXX executable MotorDynamicTests.exe
[36/55] Linking CXX executable PhysicsQuerySensorTests.exe
[37/55] Linking CXX executable MotorBudgetTests.exe
[38/55] Linking CXX executable PlatformAxesTests.exe
[39/55] Linking CXX executable DarkAngelHeadless.exe
[40/55] Linking CXX executable AssetTool.exe
[41/55] Linking CXX executable AnimationTests.exe
[42/55] Linking CXX executable CollisionAssetTests.exe
[43/55] Linking CXX executable ActionTimelineTests.exe
[44/55] Linking CXX executable CollisionMeshTests.exe
[45/55] Linking CXX executable CollisionStreamTests.exe
[46/55] Building CXX object CMakeFiles\AnimationClipTests.dir\tests\animation_clip_tests.cpp.obj
[47/55] Linking CXX executable CollisionObserverTests.exe
[48/55] Linking CXX executable AssetTests.exe
[49/55] Linking CXX executable AnimationClipTests.exe
[50/55] Linking CXX executable EditorTests.exe
[51/55] Linking CXX executable FoundationTests.exe
[52/55] Linking CXX executable ScriptPackageTests.exe
[53/55] Linking CXX executable AssemblyTests.exe
[54/55] Linking CXX executable SessionTests.exe
[55/55] Linking CXX executable GnsTests.exe
