[1/20] Scanning C:\DarkAngel\apps\editor\editor_ui.cpp for CXX dependencies
[2/20] Scanning C:\DarkAngel\apps\editor\main.cpp for CXX dependencies
[3/20] Scanning C:\DarkAngel\apps\editor\editor_authoring.cpp for CXX dependencies
[4/20] Scanning C:\DarkAngel\apps\editor\editor_assets.cpp for CXX dependencies
[5/20] Scanning C:\DarkAngel\apps\editor\editor_composer.cpp for CXX dependencies
[6/20] Scanning C:\DarkAngel\apps\editor\editor_workspaces.cpp for CXX dependencies
[7/20] Generating CXX dyndep file CMakeFiles\DarkAngelEditor.dir\CXX.dd
[8/14] Building CXX object CMakeFiles\DarkAngelEditor.dir\apps\editor\editor_ui.cpp.obj
C:\DarkAngel\apps\editor\editor_ui.cpp(50): warning C4244: 'argument': conversion from 'double' to 'float', possible loss of data
C:\DarkAngel\apps\editor\editor_ui.cpp(50): warning C4244: 'argument': conversion from 'double' to 'float', possible loss of data
C:\DarkAngel\apps\editor\editor_ui.cpp(50): warning C4244: 'argument': conversion from 'double' to 'float', possible loss of data
C:\DarkAngel\apps\editor\editor_ui.cpp(50): warning C4244: 'argument': conversion from 'double' to 'float', possible loss of data
C:\DarkAngel\apps\editor\editor_ui.cpp(50): warning C4244: 'argument': conversion from 'double' to 'float', possible loss of data
C:\DarkAngel\apps\editor\editor_ui.cpp(50): warning C4244: 'argument': conversion from 'double' to 'float', possible loss of data
C:\DarkAngel\apps\editor\editor_ui.cpp(50): warning C4244: 'argument': conversion from 'double' to 'float', possible loss of data
C:\DarkAngel\apps\editor\editor_ui.cpp(50): warning C4244: 'argument': conversion from 'double' to 'float', possible loss of data
C:\DarkAngel\apps\editor\editor_ui.cpp(50): warning C4244: 'argument': conversion from 'double' to 'float', possible loss of data
[9/14] Building CXX object CMakeFiles\DarkAngelEditor.dir\apps\editor\editor_assets.cpp.obj
[10/14] Building CXX object CMakeFiles\DarkAngelEditor.dir\apps\editor\main.cpp.obj
C:\DarkAngel\apps\editor\main.cpp(311): warning C4456: declaration of 'source' hides previous local declaration
C:\DarkAngel\apps\editor\main.cpp(165): note: see declaration of 'source'
C:\DarkAngel\apps\editor\main.cpp(379): warning C4244: 'argument': conversion from 'double' to 'float', possible loss of data
C:\DarkAngel\apps\editor\main.cpp(379): warning C4244: 'argument': conversion from 'double' to 'float', possible loss of data
C:\DarkAngel\apps\editor\main.cpp(379): warning C4244: 'argument': conversion from 'double' to 'float', possible loss of data
C:\DarkAngel\apps\editor\main.cpp(379): warning C4244: 'argument': conversion from 'double' to 'float', possible loss of data
C:\DarkAngel\apps\editor\main.cpp(379): warning C4244: 'argument': conversion from 'double' to 'float', possible loss of data
C:\DarkAngel\apps\editor\main.cpp(379): warning C4244: 'argument': conversion from 'double' to 'float', possible loss of data
C:\DarkAngel\apps\editor\main.cpp(379): warning C4244: 'argument': conversion from 'double' to 'float', possible loss of data
C:\DarkAngel\apps\editor\main.cpp(379): warning C4244: 'argument': conversion from 'double' to 'float', possible loss of data
C:\DarkAngel\apps\editor\main.cpp(379): warning C4244: 'argument': conversion from 'double' to 'float', possible loss of data
[11/14] Building CXX object CMakeFiles\DarkAngelEditor.dir\apps\editor\editor_composer.cpp.obj
[12/14] Building CXX object CMakeFiles\DarkAngelEditor.dir\apps\editor\editor_authoring.cpp.obj
C:\DarkAngel\apps\editor\editor_authoring.cpp(165): warning C4458: declaration of 'draft' hides class member
C:\DarkAngel\apps\editor\editor_ui.hpp(62): note: see declaration of 'darkangel::editor_app::Shell::draft'
[13/14] Building CXX object CMakeFiles\DarkAngelEditor.dir\apps\editor\editor_workspaces.cpp.obj
[14/14] Linking CXX executable DarkAngelEditor.exe
