Test project C:/DarkAngel/build/m5-relwithdebinfo
      Start  4: M4.actor_history
 1/12 Test  #4: M4.actor_history .................   Passed    0.02 sec
      Start  6: M5.authoritative_melee
 2/12 Test  #6: M5.authoritative_melee ...........   Passed    0.06 sec
      Start 13: M5.combat_kit_assets
 3/12 Test #13: M5.combat_kit_assets .............   Passed    0.83 sec
      Start 14: M5.graph_assets
 4/12 Test #14: M5.graph_assets ..................   Passed    0.69 sec
      Start 16: M5.character_combat_scene
 5/12 Test #16: M5.character_combat_scene ........   Passed    0.58 sec
      Start 17: M5.character_scene
 6/12 Test #17: M5.character_scene ...............   Passed    0.83 sec
      Start 20: M5.ability_assets
 7/12 Test #20: M5.ability_assets ................   Passed    0.34 sec
      Start 22: M5.action_clip_binding
 8/12 Test #22: M5.action_clip_binding ...........   Passed    0.34 sec
      Start 23: M5.action_timeline
 9/12 Test #23: M5.action_timeline ...............   Passed    0.14 sec
      Start 47: M5.ability_intent
10/12 Test #47: M5.ability_intent ................   Passed    0.09 sec
      Start 48: M5.ability_correction
11/12 Test #48: M5.ability_correction ............   Passed    0.06 sec
      Start 49: M5.ability_commit
12/12 Test #49: M5.ability_commit ................   Passed    0.06 sec

100% tests passed out of 12

Label Time Summary:
M5           =   0.89 sec*proc (2 tests)
ability      =   0.06 sec*proc (1 test)
animation    =   0.83 sec*proc (1 test)
network      =   0.83 sec*proc (1 test)
physics      =   0.83 sec*proc (1 test)
session      =   0.06 sec*proc (1 test)

Total Test time (real) =   4.07 sec
