415c93bd-946a-4e73-a155-4a7f08015d00 generation=5 changed=0
35d15141-eae0-400d-a616-78d890fc0982 generation=5 changed=0
9a300109-7840-4bf0-bdae-94fb58759e99 generation=5 changed=0
e87a6c8d-5708-4699-9a67-58249a4a7877 generation=5 changed=0
260f716a-1883-42bc-8ea7-29d53913b79d generation=5 changed=0
bdf75cee-78ca-497e-b514-0a2b5e1fcfbe generation=5 changed=0
7cfb47b2-bb55-4f8f-9018-cf27f97d0570 generation=5 changed=0
b2d54f43-d782-4ed6-87e5-41f1103d98ba generation=5 changed=0
332455c8-9070-422e-9abc-3f1284ad95c1 generation=5 changed=0
0a36c23b-067b-40ff-a223-367392c33e7a generation=5 changed=0
49de816b-458d-41df-9fa5-877ee5841095 generation=5 changed=0
13f6acea-1b3c-4ca3-a49a-bce87319047c generation=5 changed=0
a2a41e37-cbd0-44ca-8f56-8524830b5480 generation=5 changed=0
3ab35112-0539-4feb-aab1-558065c7499f generation=5 changed=0
3177471d-c721-425f-958b-6b03b78c8bcd generation=2 changed=0
eecbc589-b6df-4e48-a4dd-38e3ec629d35 generation=1 changed=0
efdd846a-9480-448a-85e6-35fca1da43ee generation=3 changed=0
Cooked scene registry published
Cooked model 415c93bd-946a-4e73-a155-4a7f08015d00 meshes=1 vertices=24 triangles=12 materials=1 textures=1
Cooked model 35d15141-eae0-400d-a616-78d890fc0982 meshes=1 vertices=888 triangles=482 materials=1 textures=1
Cooked model 9a300109-7840-4bf0-bdae-94fb58759e99 meshes=1 vertices=1512 triangles=826 materials=1 textures=1
Scene: C:\DarkAngel\content\royal_district\RoyalVillage.dascene 
Primary model: 415c93bd-946a-4e73-a155-4a7f08015d00
