[1/97] Generating CXX dyndep file CMakeFiles\DarkAngelNetwork.dir\CXX.dd
[2/95] Generating CXX dyndep file CMakeFiles\DarkAngelEditorService.dir\CXX.dd
[3/92] Scanning C:\DarkAngel\tests\joint_mask_tests.cpp for CXX dependencies
[4/92] Scanning C:\DarkAngel\tests\animation_tests.cpp for CXX dependencies
[5/92] Scanning C:\DarkAngel\tests\collision_asset_tests.cpp for CXX dependencies
[6/92] Scanning C:\DarkAngel\tests\renderable_human_tests.cpp for CXX dependencies
[7/92] Scanning C:\DarkAngel\tests\action_timeline_tests.cpp for CXX dependencies
[8/92] Scanning C:\DarkAngel\tests\collision_mesh_tests.cpp for CXX dependencies
[9/92] Generating CXX dyndep file CMakeFiles\MotorTests.dir\CXX.dd
[10/91] Generating CXX dyndep file CMakeFiles\MotorSessionTests.dir\CXX.dd
[11/90] Generating CXX dyndep file CMakeFiles\MotorFaultTests.dir\CXX.dd
[12/89] Generating CXX dyndep file CMakeFiles\MotorActorHistoryTests.dir\CXX.dd
[13/88] Generating CXX dyndep file CMakeFiles\MotorDynamicTests.dir\CXX.dd
[14/87] Generating CXX dyndep file CMakeFiles\PhysicsQuerySensorTests.dir\CXX.dd
[15/86] Generating CXX dyndep file CMakeFiles\MotorBudgetTests.dir\CXX.dd
[16/85] Generating CXX dyndep file CMakeFiles\PlatformAxesTests.dir\CXX.dd
[17/84] Generating CXX dyndep file CMakeFiles\DarkAngelHeadless.dir\CXX.dd
[18/83] Generating CXX dyndep file CMakeFiles\AssetTool.dir\CXX.dd
[19/82] Generating CXX dyndep file CMakeFiles\AnimationTests.dir\CXX.dd
[20/82] Generating CXX dyndep file CMakeFiles\JointMaskTests.dir\CXX.dd
[21/82] Generating CXX dyndep file CMakeFiles\RenderableHumanTests.dir\CXX.dd
[22/82] Generating CXX dyndep file CMakeFiles\CollisionAssetTests.dir\CXX.dd
[23/82] Generating CXX dyndep file CMakeFiles\ActionTimelineTests.dir\CXX.dd
[24/82] Generating CXX dyndep file CMakeFiles\CollisionMeshTests.dir\CXX.dd
[25/82] Generating CXX dyndep file CMakeFiles\CollisionStreamTests.dir\CXX.dd
[26/81] Generating CXX dyndep file CMakeFiles\CollisionObserverTests.dir\CXX.dd
[27/80] Generating CXX dyndep file CMakeFiles\AssetTests.dir\CXX.dd
[28/79] Generating CXX dyndep file CMakeFiles\EditorTests.dir\CXX.dd
[29/78] Generating CXX dyndep file CMakeFiles\FlecsProbe.dir\CXX.dd
[30/76] Generating CXX dyndep file CMakeFiles\LuauProbe.dir\CXX.dd
[31/74] Generating CXX dyndep file CMakeFiles\SQLiteProbe.dir\CXX.dd
[32/72] Generating CXX dyndep file CMakeFiles\FoundationTests.dir\CXX.dd
[33/71] Generating CXX dyndep file CMakeFiles\ScriptPackageTests.dir\CXX.dd
[34/70] Generating CXX dyndep file CMakeFiles\AssemblyTests.dir\CXX.dd
[35/69] Generating CXX dyndep file CMakeFiles\SessionTests.dir\CXX.dd
[36/68] Generating CXX dyndep file CMakeFiles\GnsTests.dir\CXX.dd
[37/67] Building CXX object CMakeFiles\JointMaskTests.dir\tests\joint_mask_tests.cpp.obj
[38/67] Building CXX object CMakeFiles\AnimationTests.dir\tests\animation_tests.cpp.obj
[39/67] Building CXX object CMakeFiles\RenderableHumanTests.dir\tests\renderable_human_tests.cpp.obj
[40/67] Building CXX object CMakeFiles\CollisionAssetTests.dir\tests\collision_asset_tests.cpp.obj
[41/67] Building CXX object CMakeFiles\ActionTimelineTests.dir\tests\action_timeline_tests.cpp.obj
[42/67] Linking CXX executable MotorTests.exe
[43/67] Linking CXX executable MotorSessionTests.exe
[44/67] Building CXX object CMakeFiles\CollisionMeshTests.dir\tests\collision_mesh_tests.cpp.obj
[45/67] Linking CXX executable MotorActorHistoryTests.exe
[46/67] Linking CXX executable MotorFaultTests.exe
[47/67] Linking CXX executable MotorDynamicTests.exe
[48/67] Linking CXX executable PhysicsQuerySensorTests.exe
[49/67] Linking CXX executable MotorBudgetTests.exe
[50/67] Linking CXX executable PlatformAxesTests.exe
[51/67] Linking CXX executable AssetTool.exe
[52/67] Linking CXX executable DarkAngelHeadless.exe
[53/67] Linking CXX executable AnimationTests.exe
[54/67] Linking CXX executable RenderableHumanTests.exe
[55/67] Linking CXX executable JointMaskTests.exe
[56/67] Linking CXX executable CollisionAssetTests.exe
[57/67] Linking CXX executable ActionTimelineTests.exe
[58/67] Linking CXX executable CollisionStreamTests.exe
[59/67] Linking CXX executable CollisionObserverTests.exe
[60/67] Linking CXX executable AssetTests.exe
[61/67] Linking CXX executable EditorTests.exe
[62/67] Linking CXX executable CollisionMeshTests.exe
[63/67] Linking CXX executable FoundationTests.exe
[64/67] Linking CXX executable ScriptPackageTests.exe
[65/67] Linking CXX executable AssemblyTests.exe
[66/67] Linking CXX executable SessionTests.exe
[67/67] Linking CXX executable GnsTests.exe
