[0/1] Re-running CMake...
-- Running vcpkg install
Detecting compiler hash for triplet x64-windows-darkangel...
Compiler found: C:/Program Files/Microsoft Visual Studio/18/Community/VC/Tools/MSVC/14.51.36231/bin/Hostx64/x64/cl.exe
The following packages are already installed:
    flecs:x64-windows-darkangel@4.1.6
    luau:x64-windows-darkangel@0.729
    nlohmann-json:x64-windows-darkangel@3.12.0#2
    sqlite3[core,omit-load-extension]:x64-windows-darkangel@3.53.4
  * vcpkg-cmake:x64-windows-darkangel@2024-04-23
  * vcpkg-cmake-config:x64-windows-darkangel@2026-07-21
The package flecs provides CMake targets:

    find_package(flecs CONFIG REQUIRED)
    target_link_libraries(main PRIVATE $<IF:$<TARGET_EXISTS:flecs::flecs>,flecs::flecs,flecs::flecs_static>)

luau provides CMake targets:

  # this is heuristically generated, and may not be correct
  find_package(unofficial-luau CONFIG REQUIRED)
  # note: 6 additional targets are not displayed.
  target_link_libraries(main PRIVATE unofficial::luau::Luau.VM unofficial::luau::Luau.Ast unofficial::luau::Luau.Common unofficial::luau::Luau.Config)

The package nlohmann-json provides CMake targets:

    find_package(nlohmann_json CONFIG REQUIRED)
    target_link_libraries(main PRIVATE nlohmann_json::nlohmann_json)

The package nlohmann-json can be configured to not provide implicit conversions via a custom triplet file:

    set(nlohmann-json_IMPLICIT_CONVERSIONS OFF)

For more information, see the docs here:
    
    https://json.nlohmann.me/api/macros/json_use_implicit_conversions/

sqlite3 provides pkgconfig bindings.
sqlite3 provides CMake targets:

    find_package(unofficial-sqlite3 CONFIG REQUIRED)
    target_link_libraries(main PRIVATE unofficial::sqlite3::sqlite3)

All requested installations completed successfully in: 302 us
-- Running vcpkg install - done
-- Configuring done (4.3s)
-- Generating done (0.1s)
-- Build files have been written to: C:/DarkAngel/build/m1-relwithdebinfo
[1/59] Scanning C:\DarkAngel\engine\foundation\build_info.cpp for CXX dependencies
[2/59] Generating CXX dyndep file CMakeFiles\DarkAngelFoundation.dir\CXX.dd
[3/55] Scanning C:\DarkAngel\engine\runtime\world_session.cpp for CXX dependencies
[4/55] Scanning C:\DarkAngel\engine\runtime\collision_observer.cpp for CXX dependencies
[5/55] Scanning C:\DarkAngel\engine\runtime\collision_source.cpp for CXX dependencies
[6/55] Scanning C:\DarkAngel\engine\runtime\ability_observer.cpp for CXX dependencies
[7/55] Scanning C:\DarkAngel\engine\runtime\ability_wire.cpp for CXX dependencies
[8/55] Generating CXX dyndep file CMakeFiles\DarkAngelRuntime.dir\CXX.dd
[9/40] Scanning C:\DarkAngel\tests\ability_intent_tests.cpp for CXX dependencies
[10/40] Scanning C:\DarkAngel\tests\ability_prediction_tests.cpp for CXX dependencies
[11/40] Scanning C:\DarkAngel\tests\ability_observer_tests.cpp for CXX dependencies
[12/40] Scanning C:\DarkAngel\tests\ability_correction_tests.cpp for CXX dependencies
[13/40] Building CXX object CMakeFiles\DarkAngelFoundation.dir\engine\foundation\build_info.cpp.obj
[14/40] Scanning C:\DarkAngel\tests\ability_tests.cpp for CXX dependencies
[15/40] Linking CXX static library DarkAngelFoundation.lib
[16/40] Building CXX object CMakeFiles\DarkAngelRuntime.dir\engine\runtime\world_session.cpp.obj
[17/40] Building CXX object CMakeFiles\DarkAngelRuntime.dir\engine\runtime\collision_source.cpp.obj
[18/40] Building CXX object CMakeFiles\DarkAngelRuntime.dir\engine\runtime\collision_observer.cpp.obj
[19/40] Building CXX object CMakeFiles\DarkAngelRuntime.dir\engine\runtime\ability_observer.cpp.obj
[20/40] Generating CXX dyndep file CMakeFiles\DarkAngelHeadless.dir\CXX.dd
[21/39] Generating CXX dyndep file CMakeFiles\AbilityIntentTests.dir\CXX.dd
[22/39] Generating CXX dyndep file CMakeFiles\AbilityPredictionTests.dir\CXX.dd
[23/39] Generating CXX dyndep file CMakeFiles\AbilityObserverTests.dir\CXX.dd
[24/39] Generating CXX dyndep file CMakeFiles\AbilityCorrectionTests.dir\CXX.dd
[25/39] Generating CXX dyndep file CMakeFiles\AbilityTests.dir\CXX.dd
[26/39] Building CXX object CMakeFiles\DarkAngelRuntime.dir\engine\runtime\ability_wire.cpp.obj
[27/39] Linking CXX static library DarkAngelRuntime.lib
[28/39] Building CXX object CMakeFiles\AbilityIntentTests.dir\tests\ability_intent_tests.cpp.obj
[29/39] Building CXX object CMakeFiles\AbilityPredictionTests.dir\tests\ability_prediction_tests.cpp.obj
[30/39] Building CXX object CMakeFiles\AbilityObserverTests.dir\tests\ability_observer_tests.cpp.obj
[31/39] Building CXX object CMakeFiles\AbilityCorrectionTests.dir\tests\ability_correction_tests.cpp.obj
[32/39] Building CXX object CMakeFiles\AbilityTests.dir\tests\ability_tests.cpp.obj
[33/39] Linking CXX executable DarkAngelHeadless.exe
[34/39] Linking CXX executable AbilityPredictionTests.exe
[35/39] Linking CXX executable AbilityIntentTests.exe
[36/39] Linking CXX executable AbilityObserverTests.exe
[37/39] Linking CXX executable AbilityCorrectionTests.exe
[38/39] Linking CXX executable AbilityTests.exe
