[0/1] Re-running CMake...
-- Running vcpkg install
Detecting compiler hash for triplet x64-windows-darkangel...
Compiler found: C:/Program Files/Microsoft Visual Studio/18/Community/VC/Tools/MSVC/14.51.36231/bin/Hostx64/x64/cl.exe
The following packages are already installed:
    abseil:x64-windows-darkangel@20260107.1#3
    cgltf:x64-windows-darkangel@1.15
  * directxmath:x64-windows-darkangel@2026-06-12
    directxtex:x64-windows-darkangel@2026-05-07
    flecs:x64-windows-darkangel@4.1.6
    gamenetworkingsockets:x64-windows-darkangel@1.6.0
    joltphysics:x64-windows-darkangel@5.6.0
    libpng:x64-windows-darkangel@1.6.58
    luau:x64-windows-darkangel@0.729
    meshoptimizer:x64-windows-darkangel@1.2
    nlohmann-json:x64-windows-darkangel@3.12.0#2
  * openssl:x64-windows-darkangel@3.6.3
  * protobuf:x64-windows-darkangel@6.33.4#2
    sqlite3[core,omit-load-extension]:x64-windows-darkangel@3.53.4
  * utf8-range:x64-windows-darkangel@6.33.4
  * vcpkg-cmake:x64-windows-darkangel@2024-04-23
  * vcpkg-cmake-config:x64-windows-darkangel@2026-07-21
  * vcpkg-cmake-get-vars:x64-windows-darkangel@2025-05-29
    zlib:x64-windows-darkangel@1.3.2#1
The package flecs provides CMake targets:

    find_package(flecs CONFIG REQUIRED)
    target_link_libraries(main PRIVATE $<IF:$<TARGET_EXISTS:flecs::flecs>,flecs::flecs,flecs::flecs_static>)

luau provides CMake targets:

  # this is heuristically generated, and may not be correct
  find_package(unofficial-luau CONFIG REQUIRED)
  # note: 6 additional targets are not displayed.
  target_link_libraries(main PRIVATE unofficial::luau::Luau.VM unofficial::luau::Luau.Ast unofficial::luau::Luau.Common unofficial::luau::Luau.Config)

The package nlohmann-json provides CMake targets:

    find_package(nlohmann_json CONFIG REQUIRED)
    target_link_libraries(main PRIVATE nlohmann_json::nlohmann_json)

The package nlohmann-json can be configured to not provide implicit conversions via a custom triplet file:

    set(nlohmann-json_IMPLICIT_CONVERSIONS OFF)

For more information, see the docs here:
    
    https://json.nlohmann.me/api/macros/json_use_implicit_conversions/

sqlite3 provides pkgconfig bindings.
sqlite3 provides CMake targets:

    find_package(unofficial-sqlite3 CONFIG REQUIRED)
    target_link_libraries(main PRIVATE unofficial::sqlite3::sqlite3)

abseil provides CMake targets:

  # this is heuristically generated, and may not be correct
  find_package(absl CONFIG REQUIRED)
  # note: 203 additional targets are not displayed.
  target_link_libraries(main PRIVATE absl::any absl::log absl::base absl::bits)

abseil provides pkg-config modules:

  # Abseil absl_check library
  absl_absl_check

  # Abseil absl_log library
  absl_absl_log

  # Abseil absl_vlog_is_on library
  absl_absl_vlog_is_on

  # Abseil algorithm library
  absl_algorithm

  # Abseil algorithm_container library
  absl_algorithm_container

  # Abseil any library
  absl_any

  # Abseil any_invocable library
  absl_any_invocable

  # Abseil atomic_hook library
  absl_atomic_hook

  # Abseil bad_any_cast library
  absl_bad_any_cast

  # Abseil bad_optional_access library
  absl_bad_optional_access

  # Abseil bad_variant_access library
  absl_bad_variant_access

  # Abseil base library
  absl_base

  # Abseil base_internal library
  absl_base_internal

  # Abseil bind_front library
  absl_bind_front

  # Abseil bits library
  absl_bits

  # Abseil borrowed_fixup_buffer library
  absl_borrowed_fixup_buffer

  # Abseil bounded_utf8_length_sequence library
  absl_bounded_utf8_length_sequence

  # Abseil btree library
  absl_btree

  # Abseil charset library
  absl_charset

  # Abseil check library
  absl_check

  # Abseil chunked_queue library
  absl_chunked_queue

  # Abseil city library
  absl_city

  # Abseil civil_time library
  absl_civil_time

  # Abseil cleanup library
  absl_cleanup

  # Abseil cleanup_internal library
  absl_cleanup_internal

  # Abseil common_policy_traits library
  absl_common_policy_traits

  # Abseil compare library
  absl_compare

  # Abseil compressed_tuple library
  absl_compressed_tuple

  # Abseil config library
  absl_config

  # Abseil constexpr_testing_internal library
  absl_constexpr_testing_internal

  # Abseil container_common library
  absl_container_common

  # Abseil container_memory library
  absl_container_memory

  # Abseil cord library
  absl_cord

  # Abseil cord_internal library
  absl_cord_internal

  # Abseil cordz_functions library
  absl_cordz_functions

  # Abseil cordz_handle library
  absl_cordz_handle

  # Abseil cordz_info library
  absl_cordz_info

  # Abseil cordz_sample_token library
  absl_cordz_sample_token

  # Abseil cordz_statistics library
  absl_cordz_statistics

  # Abseil cordz_update_scope library
  absl_cordz_update_scope

  # Abseil cordz_update_tracker library
  absl_cordz_update_tracker

  # Abseil core_headers library
  absl_core_headers

  # Abseil crc32c library
  absl_crc32c

  # Abseil crc_cord_state library
  absl_crc_cord_state

  # Abseil crc_cpu_detect library
  absl_crc_cpu_detect

  # Abseil crc_internal library
  absl_crc_internal

  # Abseil debugging library
  absl_debugging

  # Abseil debugging_internal library
  absl_debugging_internal

  # Abseil decode_rust_punycode library
  absl_decode_rust_punycode

  # Abseil demangle_internal library
  absl_demangle_internal

  # Abseil demangle_rust library
  absl_demangle_rust

  # Abseil die_if_null library
  absl_die_if_null

  # Abseil dynamic_annotations library
  absl_dynamic_annotations

  # Abseil endian library
  absl_endian

  # Abseil errno_saver library
  absl_errno_saver

  # Abseil examine_stack library
  absl_examine_stack

  # Abseil exponential_biased library
  absl_exponential_biased

  # Abseil failure_signal_handler library
  absl_failure_signal_handler

  # Abseil fast_type_id library
  absl_fast_type_id

  # Abseil fixed_array library
  absl_fixed_array

  # Abseil flags library
  absl_flags

  # Abseil flags_commandlineflag library
  absl_flags_commandlineflag

  # Abseil flags_commandlineflag_internal library
  absl_flags_commandlineflag_internal

  # Abseil flags_config library
  absl_flags_config

  # Abseil flags_internal library
  absl_flags_internal

  # Abseil flags_marshalling library
  absl_flags_marshalling

  # Abseil flags_parse library
  absl_flags_parse

  # Abseil flags_path_util library
  absl_flags_path_util

  # Abseil flags_private_handle_accessor library
  absl_flags_private_handle_accessor

  # Abseil flags_program_name library
  absl_flags_program_name

  # Abseil flags_reflection library
  absl_flags_reflection

  # Abseil flags_usage library
  absl_flags_usage

  # Abseil flags_usage_internal library
  absl_flags_usage_internal

  # Abseil flat_hash_map library
  absl_flat_hash_map

  # Abseil flat_hash_set library
  absl_flat_hash_set

  # Abseil function_ref library
  absl_function_ref

  # Abseil generic_printer_internal library
  absl_generic_printer_internal

  # Abseil graphcycles_internal library
  absl_graphcycles_internal

  # Abseil has_ostream_operator library
  absl_has_ostream_operator

  # Abseil hash library
  absl_hash

  # Abseil hash_container_defaults library
  absl_hash_container_defaults

  # Abseil hash_function_defaults library
  absl_hash_function_defaults

  # Abseil hash_policy_traits library
  absl_hash_policy_traits

  # Abseil hashtable_control_bytes library
  absl_hashtable_control_bytes

  # Abseil hashtable_debug library
  absl_hashtable_debug

  # Abseil hashtable_debug_hooks library
  absl_hashtable_debug_hooks

  # Abseil hashtable_profiler library
  absl_hashtable_profiler

  # Abseil hashtablez_sampler library
  absl_hashtablez_sampler

  # Abseil inlined_vector library
  absl_inlined_vector

  # Abseil inlined_vector_internal library
  absl_inlined_vector_internal

  # Abseil int128 library
  absl_int128

  # Abseil iterator_traits_internal library
  absl_iterator_traits_internal

  # Abseil iterator_traits_test_helper_internal library
  absl_iterator_traits_test_helper_internal

  # Abseil kernel_timeout_internal library
  absl_kernel_timeout_internal

  # Abseil layout library
  absl_layout

  # Abseil leak_check library
  absl_leak_check

  # Abseil linked_hash_map library
  absl_linked_hash_map

  # Abseil linked_hash_set library
  absl_linked_hash_set

  # Abseil log library
  absl_log

  # Abseil log_entry library
  absl_log_entry

  # Abseil log_flags library
  absl_log_flags

  # Abseil log_globals library
  absl_log_globals

  # Abseil log_initialize library
  absl_log_initialize

  # Abseil log_internal_append_truncated library
  absl_log_internal_append_truncated

  # Abseil log_internal_check_impl library
  absl_log_internal_check_impl

  # Abseil log_internal_check_op library
  absl_log_internal_check_op

  # Abseil log_internal_conditions library
  absl_log_internal_conditions

  # Abseil log_internal_config library
  absl_log_internal_config

  # Abseil log_internal_container library
  absl_log_internal_container

  # Abseil log_internal_flags library
  absl_log_internal_flags

  # Abseil log_internal_fnmatch library
  absl_log_internal_fnmatch

  # Abseil log_internal_format library
  absl_log_internal_format

  # Abseil log_internal_globals library
  absl_log_internal_globals

  # Abseil log_internal_log_impl library
  absl_log_internal_log_impl

  # Abseil log_internal_log_sink_set library
  absl_log_internal_log_sink_set

  # Abseil log_internal_message library
  absl_log_internal_message

  # Abseil log_internal_nullguard library
  absl_log_internal_nullguard

  # Abseil log_internal_nullstream library
  absl_log_internal_nullstream

  # Abseil log_internal_proto library
  absl_log_internal_proto

  # Abseil log_internal_strip library
  absl_log_internal_strip

  # Abseil log_internal_structured library
  absl_log_internal_structured

  # Abseil log_internal_structured_proto library
  absl_log_internal_structured_proto

  # Abseil log_internal_voidify library
  absl_log_internal_voidify

  # Abseil log_severity library
  absl_log_severity

  # Abseil log_sink library
  absl_log_sink

  # Abseil log_sink_registry library
  absl_log_sink_registry

  # Abseil log_streamer library
  absl_log_streamer

  # Abseil log_structured library
  absl_log_structured

  # Abseil malloc_internal library
  absl_malloc_internal

  # Abseil memory library
  absl_memory

  # Abseil meta library
  absl_meta

  # Abseil no_destructor library
  absl_no_destructor

  # Abseil node_hash_map library
  absl_node_hash_map

  # Abseil node_hash_set library
  absl_node_hash_set

  # Abseil node_slot_policy library
  absl_node_slot_policy

  # Abseil non_temporal_arm_intrinsics library
  absl_non_temporal_arm_intrinsics

  # Abseil non_temporal_memcpy library
  absl_non_temporal_memcpy

  # Abseil nullability library
  absl_nullability

  # Abseil nullability_traits_internal library
  absl_nullability_traits_internal

  # Abseil numeric library
  absl_numeric

  # Abseil numeric_representation library
  absl_numeric_representation

  # Abseil optional library
  absl_optional

  # Abseil overload library
  absl_overload

  # Abseil periodic_sampler library
  absl_periodic_sampler

  # Abseil poison library
  absl_poison

  # Abseil prefetch library
  absl_prefetch

  # Abseil pretty_function library
  absl_pretty_function

  # Abseil profile_builder library
  absl_profile_builder

  # Abseil random_bit_gen_ref library
  absl_random_bit_gen_ref

  # Abseil random_distributions library
  absl_random_distributions

  # Abseil random_internal_distribution_caller library
  absl_random_internal_distribution_caller

  # Abseil random_internal_distribution_test_util library
  absl_random_internal_distribution_test_util

  # Abseil random_internal_entropy_pool library
  absl_random_internal_entropy_pool

  # Abseil random_internal_fast_uniform_bits library
  absl_random_internal_fast_uniform_bits

  # Abseil random_internal_fastmath library
  absl_random_internal_fastmath

  # Abseil random_internal_generate_real library
  absl_random_internal_generate_real

  # Abseil random_internal_iostream_state_saver library
  absl_random_internal_iostream_state_saver

  # Abseil random_internal_mock_helpers library
  absl_random_internal_mock_helpers

  # Abseil random_internal_nonsecure_base library
  absl_random_internal_nonsecure_base

  # Abseil random_internal_pcg_engine library
  absl_random_internal_pcg_engine

  # Abseil random_internal_platform library
  absl_random_internal_platform

  # Abseil random_internal_randen library
  absl_random_internal_randen

  # Abseil random_internal_randen_engine library
  absl_random_internal_randen_engine

  # Abseil random_internal_randen_hwaes library
  absl_random_internal_randen_hwaes

  # Abseil random_internal_randen_hwaes_impl library
  absl_random_internal_randen_hwaes_impl

  # Abseil random_internal_randen_slow library
  absl_random_internal_randen_slow

  # Abseil random_internal_salted_seed_seq library
  absl_random_internal_salted_seed_seq

  # Abseil random_internal_seed_material library
  absl_random_internal_seed_material

  # Abseil random_internal_traits library
  absl_random_internal_traits

  # Abseil random_internal_uniform_helper library
  absl_random_internal_uniform_helper

  # Abseil random_internal_wide_multiply library
  absl_random_internal_wide_multiply

  # Abseil random_random library
  absl_random_random

  # Abseil random_seed_gen_exception library
  absl_random_seed_gen_exception

  # Abseil random_seed_sequences library
  absl_random_seed_sequences

  # Abseil raw_hash_map library
  absl_raw_hash_map

  # Abseil raw_hash_set library
  absl_raw_hash_set

  # Abseil raw_hash_set_resize_impl library
  absl_raw_hash_set_resize_impl

  # Abseil raw_logging_internal library
  absl_raw_logging_internal

  # Abseil requires_internal library
  absl_requires_internal

  # Abseil sample_recorder library
  absl_sample_recorder

  # Abseil scoped_set_env library
  absl_scoped_set_env

  # Abseil span library
  absl_span

  # Abseil spinlock_wait library
  absl_spinlock_wait

  # Abseil stacktrace library
  absl_stacktrace

  # Abseil status library
  absl_status

  # Abseil statusor library
  absl_statusor

  # Abseil str_format library
  absl_str_format

  # Abseil str_format_internal library
  absl_str_format_internal

  # Abseil strerror library
  absl_strerror

  # Abseil string_view library
  absl_string_view

  # Abseil strings library
  absl_strings

  # Abseil strings_append_and_overwrite library
  absl_strings_append_and_overwrite

  # Abseil strings_internal library
  absl_strings_internal

  # Abseil strings_resize_and_overwrite library
  absl_strings_resize_and_overwrite

  # Abseil symbolize library
  absl_symbolize

  # Abseil synchronization library
  absl_synchronization

  # Abseil throw_delegate library
  absl_throw_delegate

  # Abseil time library
  absl_time

  # Abseil time_zone library
  absl_time_zone

  # Abseil tracing_internal library
  absl_tracing_internal

  # Abseil type_traits library
  absl_type_traits

  # Abseil utf8_for_code_point library
  absl_utf8_for_code_point

  # Abseil utility library
  absl_utility

  # Abseil variant library
  absl_variant

  # Abseil vlog_config_internal library
  absl_vlog_config_internal

  # Abseil vlog_is_on library
  absl_vlog_is_on

  # Abseil weakly_mixed_integer library
  absl_weakly_mixed_integer

cgltf is header-only and can be used from CMake via:

  find_path(CGLTF_INCLUDE_DIRS "cgltf.h")
  target_include_directories(main PRIVATE ${CGLTF_INCLUDE_DIRS})

The DirectXTex package provides CMake targets:

    find_package(directxtex CONFIG REQUIRED)
    target_link_libraries(main PRIVATE Microsoft::DirectXTex)

zlib is compatible with built-in CMake targets:

  find_package(ZLIB REQUIRED)
  target_link_libraries(main PRIVATE ZLIB::ZLIB)

libpng provides CMake targets:

  find_package(PNG REQUIRED)
  target_link_libraries(main PRIVATE PNG::PNG)

meshoptimizer provides CMake targets:

  # this is heuristically generated, and may not be correct
  find_package(meshoptimizer CONFIG REQUIRED)
  target_link_libraries(main PRIVATE meshoptimizer::meshoptimizer)

gamenetworkingsockets provides CMake targets:

  # this is heuristically generated, and may not be correct
  find_package(GameNetworkingSockets CONFIG REQUIRED)
  target_link_libraries(main PRIVATE GameNetworkingSockets::shared GameNetworkingSockets::static GameNetworkingSockets::GameNetworkingSockets_s)

joltphysics provides CMake targets:

  # this is heuristically generated, and may not be correct
  find_package(Jolt CONFIG REQUIRED)
  target_link_libraries(main PRIVATE Jolt::Jolt)

All requested installations completed successfully in: 570 us
-- Running vcpkg install - done
-- Configuring done (4.2s)
-- Generating done (0.3s)
-- Build files have been written to: C:/DarkAngel/build/m5-relwithdebinfo
[1/151] Generating CXX dyndep file CMakeFiles\DarkAngelFoundation.dir\CXX.dd
[2/145] Generating CXX dyndep file CMakeFiles\DarkAngelRuntime.dir\CXX.dd
[3/131] Generating CXX dyndep file CMakeFiles\DarkAngelPhysics.dir\CXX.dd
[4/129] Scanning C:\DarkAngel\engine\assets\assets_common.cpp for CXX dependencies
[5/129] Scanning C:\DarkAngel\engine\assets\asset_service.cpp for CXX dependencies
[6/129] Scanning C:\DarkAngel\engine\assets\collision_cooker.cpp for CXX dependencies
[7/129] Scanning C:\DarkAngel\engine\assets\action_cooker.cpp for CXX dependencies
[8/129] Scanning C:\DarkAngel\engine\assets\gltf_cooker.cpp for CXX dependencies
[9/129] Scanning C:\DarkAngel\engine\assets\animation_cooker.cpp for CXX dependencies
[10/129] Scanning C:\DarkAngel\engine\assets\joint_mask_cooker.cpp for CXX dependencies
[11/129] Generating CXX dyndep file CMakeFiles\DarkAngelNetwork.dir\CXX.dd
[12/127] Generating CXX dyndep file CMakeFiles\DarkAngelAnimation.dir\CXX.dd
[13/124] Generating CXX dyndep file CMakeFiles\DarkAngelEditorService.dir\CXX.dd
[14/121] Generating CXX dyndep file CMakeFiles\DarkAngelAssets.dir\CXX.dd
[15/121] Scanning C:\DarkAngel\tests\animation_clip_tests.cpp for CXX dependencies
[16/121] Scanning C:\DarkAngel\tests\animation_tests.cpp for CXX dependencies
[17/121] Scanning C:\DarkAngel\tests\animation_graph_tests.cpp for CXX dependencies
[18/121] Scanning C:\DarkAngel\tests\joint_mask_tests.cpp for CXX dependencies
[19/121] Scanning C:\DarkAngel\tests\collision_asset_tests.cpp for CXX dependencies
[20/121] Scanning C:\DarkAngel\tests\action_timeline_tests.cpp for CXX dependencies
[21/121] Scanning C:\DarkAngel\tests\asset_tests.cpp for CXX dependencies
[22/121] Scanning C:\DarkAngel\tests\collision_mesh_tests.cpp for CXX dependencies
[23/121] Generating CXX dyndep file CMakeFiles\MotorTests.dir\CXX.dd
[24/120] Generating CXX dyndep file CMakeFiles\MotorSessionTests.dir\CXX.dd
[25/119] Generating CXX dyndep file CMakeFiles\MotorFaultTests.dir\CXX.dd
[26/118] Generating CXX dyndep file CMakeFiles\MotorActorHistoryTests.dir\CXX.dd
[27/117] Generating CXX dyndep file CMakeFiles\MotorDynamicTests.dir\CXX.dd
[28/116] Generating CXX dyndep file CMakeFiles\PhysicsQuerySensorTests.dir\CXX.dd
[29/115] Generating CXX dyndep file CMakeFiles\PlatformAxesTests.dir\CXX.dd
[30/114] Generating CXX dyndep file CMakeFiles\MotorBudgetTests.dir\CXX.dd
[31/113] Generating CXX dyndep file CMakeFiles\DarkAngelHeadless.dir\CXX.dd
[32/112] Building CXX object CMakeFiles\DarkAngelAssets.dir\engine\assets\assets_common.cpp.obj
[33/112] Building CXX object CMakeFiles\DarkAngelAssets.dir\engine\assets\asset_service.cpp.obj
[34/112] Building CXX object CMakeFiles\DarkAngelAssets.dir\engine\assets\gltf_cooker.cpp.obj
[35/112] Building CXX object CMakeFiles\DarkAngelAssets.dir\engine\assets\collision_cooker.cpp.obj
[36/112] Building CXX object CMakeFiles\DarkAngelAssets.dir\engine\assets\action_cooker.cpp.obj
[37/112] Building CXX object CMakeFiles\DarkAngelAssets.dir\engine\assets\joint_mask_cooker.cpp.obj
[38/112] Generating CXX dyndep file CMakeFiles\AssetTool.dir\CXX.dd
[39/111] Generating CXX dyndep file CMakeFiles\AnimationTests.dir\CXX.dd
[40/111] Generating CXX dyndep file CMakeFiles\AnimationClipTests.dir\CXX.dd
[41/111] Generating CXX dyndep file CMakeFiles\AnimationGraphTests.dir\CXX.dd
[42/111] Generating CXX dyndep file CMakeFiles\JointMaskTests.dir\CXX.dd
[43/111] Generating CXX dyndep file CMakeFiles\RenderableHumanTests.dir\CXX.dd
[44/110] Generating CXX dyndep file CMakeFiles\CollisionAssetTests.dir\CXX.dd
[45/110] Generating CXX dyndep file CMakeFiles\ActionTimelineTests.dir\CXX.dd
[46/110] Generating CXX dyndep file CMakeFiles\CollisionMeshTests.dir\CXX.dd
[47/110] Generating CXX dyndep file CMakeFiles\CollisionStreamTests.dir\CXX.dd
[48/109] Generating CXX dyndep file CMakeFiles\CollisionObserverTests.dir\CXX.dd
[49/108] Generating CXX dyndep file CMakeFiles\AssetTests.dir\CXX.dd
[50/108] Generating CXX dyndep file CMakeFiles\EditorTests.dir\CXX.dd
[51/107] Generating CXX dyndep file CMakeFiles\FlecsProbe.dir\CXX.dd
[52/105] Generating CXX dyndep file CMakeFiles\LuauProbe.dir\CXX.dd
[53/103] Generating CXX dyndep file CMakeFiles\SQLiteProbe.dir\CXX.dd
[54/101] Generating CXX dyndep file CMakeFiles\FoundationTests.dir\CXX.dd
[55/100] Generating CXX dyndep file CMakeFiles\ScriptPackageTests.dir\CXX.dd
[56/99] Generating CXX dyndep file CMakeFiles\AssemblyTests.dir\CXX.dd
[57/98] Generating CXX dyndep file CMakeFiles\SessionTests.dir\CXX.dd
[58/97] Generating CXX dyndep file CMakeFiles\GnsTests.dir\CXX.dd
[59/96] Building CXX object CMakeFiles\DarkAngelAssets.dir\engine\assets\animation_cooker.cpp.obj
[60/96] Linking CXX static library DarkAngelAssets.lib
[61/96] Building CXX object CMakeFiles\AnimationTests.dir\tests\animation_tests.cpp.obj
[62/96] Building CXX object CMakeFiles\AnimationClipTests.dir\tests\animation_clip_tests.cpp.obj
[63/96] Building CXX object CMakeFiles\AnimationGraphTests.dir\tests\animation_graph_tests.cpp.obj
[64/96] Building CXX object CMakeFiles\JointMaskTests.dir\tests\joint_mask_tests.cpp.obj
[65/96] Building CXX object CMakeFiles\CollisionAssetTests.dir\tests\collision_asset_tests.cpp.obj
[66/96] Building CXX object CMakeFiles\ActionTimelineTests.dir\tests\action_timeline_tests.cpp.obj
[67/96] Building CXX object CMakeFiles\CollisionMeshTests.dir\tests\collision_mesh_tests.cpp.obj
[68/96] Linking CXX executable MotorTests.exe
[69/96] Building CXX object CMakeFiles\AssetTests.dir\tests\asset_tests.cpp.obj
[70/96] Linking CXX executable MotorFaultTests.exe
[71/96] Linking CXX executable MotorSessionTests.exe
[72/96] Linking CXX executable MotorDynamicTests.exe
[73/96] Linking CXX executable MotorActorHistoryTests.exe
[74/96] Linking CXX executable PhysicsQuerySensorTests.exe
[75/96] Linking CXX executable MotorBudgetTests.exe
[76/96] Linking CXX executable PlatformAxesTests.exe
[77/96] Linking CXX executable DarkAngelHeadless.exe
[78/96] Linking CXX executable AssetTool.exe
[79/96] Linking CXX executable AnimationClipTests.exe
[80/96] Linking CXX executable AnimationTests.exe
[81/96] Linking CXX executable AnimationGraphTests.exe
[82/96] Linking CXX executable RenderableHumanTests.exe
[83/96] Linking CXX executable JointMaskTests.exe
[84/96] Linking CXX executable CollisionAssetTests.exe
[85/96] Linking CXX executable ActionTimelineTests.exe
[86/96] Linking CXX executable CollisionStreamTests.exe
[87/96] Linking CXX executable CollisionObserverTests.exe
[88/96] Linking CXX executable AssetTests.exe
[89/96] Linking CXX executable CollisionMeshTests.exe
[90/96] Linking CXX executable EditorTests.exe
[91/96] Linking CXX executable FoundationTests.exe
[92/96] Linking CXX executable ScriptPackageTests.exe
[93/96] Linking CXX executable SessionTests.exe
[94/96] Linking CXX executable AssemblyTests.exe
[95/96] Linking CXX executable GnsTests.exe
Optional program clang-format not found.
-- ---------------------------------------------------------
-- Selected options:
-- - BUILD_SHARED_LIBS: OFF
-- - ozz_build_tools: OFF
-- - ozz_build_fbx: OFF
-- - ozz_build_gltf: OFF
-- - ozz_build_data: OFF
-- - ozz_build_samples: OFF
-- - ozz_build_howtos: OFF
-- - ozz_build_tests: OFF
-- - ozz_build_simd_ref: OFF
-- - ozz_build_msvc_rt_dll: ON
-- - ozz_build_postfix: ON
