[1/19] Scanning C:\DarkAngel\tools\cooker\main.cpp for CXX dependencies
[2/19] Scanning C:\DarkAngel\tests\ability_asset_tests.cpp for CXX dependencies
[3/19] Linking CXX static library DarkAngelRuntime.lib
[4/19] Building CXX object CMakeFiles\DarkAngelAssets.dir\engine\assets\assets_common.cpp.obj
[5/19] Building CXX object CMakeFiles\DarkAngelAssets.dir\engine\assets\asset_service.cpp.obj
C:\DarkAngel\engine\assets\asset_service.cpp(104): warning C4100: 'renderable': unreferenced parameter
C:\DarkAngel\engine\assets\asset_service.cpp(104): warning C4100: 'canonical': unreferenced parameter
C:\DarkAngel\engine\assets\asset_service.cpp(104): warning C4100: 'relative': unreferenced parameter
C:\DarkAngel\engine\assets\asset_service.cpp(111): warning C4100: 'loop': unreferenced parameter
C:\DarkAngel\engine\assets\asset_service.cpp(111): warning C4100: 'canonical': unreferenced parameter
C:\DarkAngel\engine\assets\asset_service.cpp(111): warning C4100: 'relative': unreferenced parameter
[6/19] Building CXX object CMakeFiles\DarkAngelAssets.dir\engine\assets\gltf_cooker.cpp.obj
[7/19] Building CXX object CMakeFiles\DarkAngelAssets.dir\engine\assets\collision_cooker.cpp.obj
[8/19] Building CXX object CMakeFiles\DarkAngelAssets.dir\engine\assets\model_collision.cpp.obj
[9/19] Building CXX object CMakeFiles\DarkAngelAssets.dir\engine\assets\action_cooker.cpp.obj
[10/19] Building CXX object CMakeFiles\DarkAngelAssets.dir\engine\assets\input_cooker.cpp.obj
[11/19] Building CXX object CMakeFiles\DarkAngelAssets.dir\engine\assets\external_import.cpp.obj
C:\DarkAngel\engine\assets\external_import.cpp(42): warning C4100: 'loop': unreferenced parameter
C:\DarkAngel\engine\assets\external_import.cpp(42): warning C4100: 'canonical': unreferenced parameter
[12/19] Generating CXX dyndep file CMakeFiles\AssetTool.dir\CXX.dd
[13/19] Generating CXX dyndep file CMakeFiles\AbilityAssetTests.dir\CXX.dd
[14/19] Building CXX object CMakeFiles\AssetTool.dir\tools\cooker\main.cpp.obj
[15/19] Building CXX object CMakeFiles\DarkAngelAssets.dir\engine\assets\ability_cooker.cpp.obj
[16/19] Linking CXX static library DarkAngelAssets.lib
[17/19] Linking CXX executable AssetTool.exe
[18/19] Building CXX object CMakeFiles\AbilityAssetTests.dir\tests\ability_asset_tests.cpp.obj
[19/19] Linking CXX executable AbilityAssetTests.exe
