Detecting compiler hash for triplet x64-windows-darkangel...
Compiler found: C:/Program Files/Microsoft Visual Studio/18/Community/VC/Tools/MSVC/14.51.36231/bin/Hostx64/x64/cl.exe
The following packages are already installed:
    cgltf:x64-windows-darkangel@1.15
    dylib:x64-windows-darkangel@3.0.1
    eigen3:x64-windows-darkangel@5.0.1
    flatbuffers:x64-windows-darkangel@25.12.19
  * itlib:x64-windows-darkangel@1.12.2
    lz4:x64-windows-darkangel@1.10.0
    miniaudio:x64-windows-darkangel@0.11.25
  * vcpkg-cmake:x64-windows-darkangel@2024-04-23
  * vcpkg-cmake-config:x64-windows-darkangel@2026-07-21
  * vcpkg-cmake-get-vars:x64-windows-darkangel@2025-05-29
    xsimd:x64-windows-darkangel@13.2.0
The following packages will be built and installed:
  * abseil:x64-windows-darkangel@20260107.1#3
    behaviortree-cpp:x64-windows-darkangel@4.9.1
  * brotli:x64-windows-darkangel@1.2.0
  * bzip2[core,tool]:x64-windows-darkangel@1.0.8#6
  * directxmath:x64-windows-darkangel@2026-06-12
    directxtex[core,tools]:x64-windows-darkangel@2026-05-07
    flecs:x64-windows-darkangel@4.1.6
  * freetype[brotli,bzip2,core,png,zlib]:x64-windows-darkangel@2.14.3
    gamenetworkingsockets:x64-windows-darkangel@1.6.0
    joltphysics:x64-windows-darkangel@5.6.0
    libflac:x64-windows-darkangel@1.5.0
  * libogg:x64-windows-darkangel@1.3.6#1
  * libpng:x64-windows-darkangel@1.6.58
    luau[core,tool]:x64-windows-darkangel@0.729
    meshoptimizer:x64-windows-darkangel@1.2
  * minitrace:x64-windows-darkangel@2023-04-23
  * openssl:x64-windows-darkangel@3.6.3
  * protobuf:x64-windows-darkangel@6.33.4#2
    recastnavigation:x64-windows-darkangel@1.6.0#1
    rmlui[core,freetype]:x64-windows-darkangel@6.2
  * robin-hood-hashing:x64-windows-darkangel@3.11.5#2
    sqlite3[core,omit-load-extension]:x64-windows-darkangel@3.53.4
  * tinyxml2:x64-windows-darkangel@11.0.0
  * utf8-range:x64-windows-darkangel@6.33.4
  * zlib:x64-windows-darkangel@1.3.2#1
Additional packages (*) will be modified to complete this operation.
Installing 1/25 libogg:x64-windows-darkangel@1.3.6#1...
libogg:x64-windows-darkangel@1.3.6#1 package ABI: 6503508ac983173af42edf10ae8ddec5a521f8f04092c56f9ca0fa8c50f50e0e
Building libogg:x64-windows-darkangel@1.3.6#1...
${PROJECT_ROOT}\cmake\triplets\x64-windows-darkangel.cmake: info: loaded overlay triplet from here
-- Using cached xiph-ogg-v1.3.6.tar.gz
-- Cleaning sources at ${PROJECT_ROOT}/.tools/vcpkg/buildtrees/libogg/src/v1.3.6-4ad11a7327.clean. Use --editable to skip cleaning for the packages you specify.
-- Extracting source ${PROJECT_ROOT}/.tools/vcpkg/downloads/xiph-ogg-v1.3.6.tar.gz
-- Using source at ${PROJECT_ROOT}/.tools/vcpkg/buildtrees/libogg/src/v1.3.6-4ad11a7327.clean
-- Configuring x64-windows-darkangel
CMake Error at scripts/cmake/vcpkg_execute_required_process.cmake:23 (message):
  This command cannot be executed in Download Mode.

  Halting portfile execution.

Call Stack (most recent call first):
  ${PROJECT_ROOT}/vcpkg_installed/x64-windows-darkangel/share/vcpkg-cmake/vcpkg_cmake_configure.cmake:269 (vcpkg_execute_required_process)
  buildtrees/versioning_/versions/libogg/0631c72b35b0e169220b9c0fa9a6af4b229268cb/portfile.cmake:13 (vcpkg_cmake_configure)
  scripts/ports.cmake:209 (include)


Downloaded sources for libogg:x64-windows-darkangel@1.3.6#1
Elapsed time to handle libogg:x64-windows-darkangel: 417 ms
Installing 2/25 libflac:x64-windows-darkangel@1.5.0...
libflac:x64-windows-darkangel@1.5.0 package ABI: e099a4f70ddf3741a80b2927839a8b05c396c6594d864238b6b2701ce3b47c53
Building libflac:x64-windows-darkangel@1.5.0...
${PROJECT_ROOT}\cmake\triplets\x64-windows-darkangel.cmake: info: loaded overlay triplet from here
-- Using cached xiph-flac-1.5.0.tar.gz
-- Cleaning sources at ${PROJECT_ROOT}/.tools/vcpkg/buildtrees/libflac/src/1.5.0-5ec0185c23.clean. Use --editable to skip cleaning for the packages you specify.
-- Extracting source ${PROJECT_ROOT}/.tools/vcpkg/downloads/xiph-flac-1.5.0.tar.gz
-- Applying patch android-cmake.diff
-- Applying patch fix-compile-options.patch
-- Applying patch fix-find-threads.patch
-- Using source at ${PROJECT_ROOT}/.tools/vcpkg/buildtrees/libflac/src/1.5.0-5ec0185c23.clean
-- Configuring x64-windows-darkangel
CMake Error at scripts/cmake/vcpkg_execute_required_process.cmake:23 (message):
  This command cannot be executed in Download Mode.

  Halting portfile execution.

Call Stack (most recent call first):
  ${PROJECT_ROOT}/vcpkg_installed/x64-windows-darkangel/share/vcpkg-cmake/vcpkg_cmake_configure.cmake:269 (vcpkg_execute_required_process)
  buildtrees/versioning_/versions/libflac/1b83f01536820e062681fe33109e44bb3f597aca/portfile.cmake:26 (vcpkg_cmake_configure)
  scripts/ports.cmake:209 (include)


Downloaded sources for libflac:x64-windows-darkangel@1.5.0
Elapsed time to handle libflac:x64-windows-darkangel: 1.2 s
Installing 3/25 tinyxml2:x64-windows-darkangel@11.0.0...
tinyxml2:x64-windows-darkangel@11.0.0 package ABI: c26022e4fa5f20c1a5845499fdba52b412fb8e301774d1fb16d47f963bac2f68
Building tinyxml2:x64-windows-darkangel@11.0.0...
${PROJECT_ROOT}\cmake\triplets\x64-windows-darkangel.cmake: info: loaded overlay triplet from here
-- Using cached leethomason-tinyxml2-11.0.0.tar.gz
-- Cleaning sources at ${PROJECT_ROOT}/.tools/vcpkg/buildtrees/tinyxml2/src/11.0.0-f00fa8a9d2.clean. Use --editable to skip cleaning for the packages you specify.
-- Extracting source ${PROJECT_ROOT}/.tools/vcpkg/downloads/leethomason-tinyxml2-11.0.0.tar.gz
-- Applying patch 0001-fix-do-not-force-export-the-symbols-when-building-st.patch
-- Applying patch 0002-fix-check-for-TINYXML2_EXPORT-on-non-windows.patch
-- Using source at ${PROJECT_ROOT}/.tools/vcpkg/buildtrees/tinyxml2/src/11.0.0-f00fa8a9d2.clean
-- Configuring x64-windows-darkangel
CMake Error at scripts/cmake/vcpkg_execute_required_process.cmake:23 (message):
  This command cannot be executed in Download Mode.

  Halting portfile execution.

Call Stack (most recent call first):
  ${PROJECT_ROOT}/vcpkg_installed/x64-windows-darkangel/share/vcpkg-cmake/vcpkg_cmake_configure.cmake:269 (vcpkg_execute_required_process)
  buildtrees/versioning_/versions/tinyxml2/642c5abe1171318729a73bdf95ce6c2ca58e079c/portfile.cmake:12 (vcpkg_cmake_configure)
  scripts/ports.cmake:209 (include)


Downloaded sources for tinyxml2:x64-windows-darkangel@11.0.0
Elapsed time to handle tinyxml2:x64-windows-darkangel: 623 ms
Installing 4/25 minitrace:x64-windows-darkangel@2023-04-23...
minitrace:x64-windows-darkangel@2023-04-23 package ABI: dcc713fef4c038deefdf3910f92a81d35d10d1a6513d3b83956406bcc99bb40a
Building minitrace:x64-windows-darkangel@2023-04-23...
${PROJECT_ROOT}\cmake\triplets\x64-windows-darkangel.cmake: info: loaded overlay triplet from here
-- Using cached hrydgard-minitrace-a45ca4f58c8af2fc4d4d6042e68aa68bfea422c9.tar.gz
-- Cleaning sources at ${PROJECT_ROOT}/.tools/vcpkg/buildtrees/minitrace/src/8bfea422c9-2f024e226b.clean. Use --editable to skip cleaning for the packages you specify.
-- Extracting source ${PROJECT_ROOT}/.tools/vcpkg/downloads/hrydgard-minitrace-a45ca4f58c8af2fc4d4d6042e68aa68bfea422c9.tar.gz
-- Using source at ${PROJECT_ROOT}/.tools/vcpkg/buildtrees/minitrace/src/8bfea422c9-2f024e226b.clean
-- Configuring x64-windows-darkangel
CMake Error at scripts/cmake/vcpkg_execute_required_process.cmake:23 (message):
  This command cannot be executed in Download Mode.

  Halting portfile execution.

Call Stack (most recent call first):
  ${PROJECT_ROOT}/vcpkg_installed/x64-windows-darkangel/share/vcpkg-cmake/vcpkg_cmake_configure.cmake:269 (vcpkg_execute_required_process)
  buildtrees/versioning_/versions/minitrace/e6bb405d13f5270e92c492306f317cb01dc4ab30/portfile.cmake:9 (vcpkg_cmake_configure)
  scripts/ports.cmake:209 (include)


Downloaded sources for minitrace:x64-windows-darkangel@2023-04-23
Elapsed time to handle minitrace:x64-windows-darkangel: 258 ms
Installing 5/25 behaviortree-cpp:x64-windows-darkangel@4.9.1...
behaviortree-cpp:x64-windows-darkangel@4.9.1 package ABI: bbd2eac58b9d148a996061dd74774361bf57a67936bb9d96e8895da4ad607392
Building behaviortree-cpp:x64-windows-darkangel@4.9.1...
${PROJECT_ROOT}\cmake\triplets\x64-windows-darkangel.cmake: info: loaded overlay triplet from here
-- Using cached BehaviorTree-BehaviorTree.CPP-4.9.1.tar.gz
-- Cleaning sources at ${PROJECT_ROOT}/.tools/vcpkg/buildtrees/behaviortree-cpp/src/4.9.1-c20d189664.clean. Use --editable to skip cleaning for the packages you specify.
-- Extracting source ${PROJECT_ROOT}/.tools/vcpkg/downloads/BehaviorTree-BehaviorTree.CPP-4.9.1.tar.gz
-- Applying patch remove-source-charset.diff
-- Applying patch fix-dependencies.patch
-- Using source at ${PROJECT_ROOT}/.tools/vcpkg/buildtrees/behaviortree-cpp/src/4.9.1-c20d189664.clean
-- Configuring x64-windows-darkangel
CMake Error at scripts/cmake/vcpkg_execute_required_process.cmake:23 (message):
  This command cannot be executed in Download Mode.

  Halting portfile execution.

Call Stack (most recent call first):
  ${PROJECT_ROOT}/vcpkg_installed/x64-windows-darkangel/share/vcpkg-cmake/vcpkg_cmake_configure.cmake:269 (vcpkg_execute_required_process)
  buildtrees/versioning_/versions/behaviortree-cpp/7937cd10b44475db72ed206e2c8a09e3cf7d96d9/portfile.cmake:26 (vcpkg_cmake_configure)
  scripts/ports.cmake:209 (include)


Downloaded sources for behaviortree-cpp:x64-windows-darkangel@4.9.1
Elapsed time to handle behaviortree-cpp:x64-windows-darkangel: 744 ms
Installing 6/25 directxmath:x64-windows-darkangel@2026-06-12...
directxmath:x64-windows-darkangel@2026-06-12 package ABI: 67a0a269d84067011849f859db81f13c2159e6b3467c2e1f931e09e71b499021
Building directxmath:x64-windows-darkangel@2026-06-12...
${PROJECT_ROOT}\cmake\triplets\x64-windows-darkangel.cmake: info: loaded overlay triplet from here
-- Using cached Microsoft-DirectXMath-jun2026.tar.gz
-- Cleaning sources at ${PROJECT_ROOT}/.tools/vcpkg/buildtrees/directxmath/src/jun2026-d9b23f80e1.clean. Use --editable to skip cleaning for the packages you specify.
-- Extracting source ${PROJECT_ROOT}/.tools/vcpkg/downloads/Microsoft-DirectXMath-jun2026.tar.gz
-- Using source at ${PROJECT_ROOT}/.tools/vcpkg/buildtrees/directxmath/src/jun2026-d9b23f80e1.clean
-- Configuring x64-windows-darkangel
CMake Error at scripts/cmake/vcpkg_execute_required_process.cmake:23 (message):
  This command cannot be executed in Download Mode.

  Halting portfile execution.

Call Stack (most recent call first):
  ${PROJECT_ROOT}/vcpkg_installed/x64-windows-darkangel/share/vcpkg-cmake/vcpkg_cmake_configure.cmake:269 (vcpkg_execute_required_process)
  buildtrees/versioning_/versions/directxmath/46a960c8f364162407b24f188a2aeea4608f4cf7/portfile.cmake:25 (vcpkg_cmake_configure)
  scripts/ports.cmake:209 (include)


Downloaded sources for directxmath:x64-windows-darkangel@2026-06-12
Elapsed time to handle directxmath:x64-windows-darkangel: 329 ms
Installing 7/25 directxtex[core,tools]:x64-windows-darkangel@2026-05-07...
directxtex[core,tools]:x64-windows-darkangel@2026-05-07 package ABI: 924742dbff80ce718dffe6609fb2d6c5550c12483fd0107245c7fcdf5441ea22
Building directxtex[core,tools]:x64-windows-darkangel@2026-05-07...
${PROJECT_ROOT}\cmake\triplets\x64-windows-darkangel.cmake: info: loaded overlay triplet from here
-- Using cached Microsoft-DirectXTex-may2026.tar.gz
-- Cleaning sources at ${PROJECT_ROOT}/.tools/vcpkg/buildtrees/directxtex/src/may2026-38a8263c46.clean. Use --editable to skip cleaning for the packages you specify.
-- Extracting source ${PROJECT_ROOT}/.tools/vcpkg/downloads/Microsoft-DirectXTex-may2026.tar.gz
-- Using source at ${PROJECT_ROOT}/.tools/vcpkg/buildtrees/directxtex/src/may2026-38a8263c46.clean
-- Configuring x64-windows-darkangel
CMake Error at scripts/cmake/vcpkg_execute_required_process.cmake:23 (message):
  This command cannot be executed in Download Mode.

  Halting portfile execution.

Call Stack (most recent call first):
  ${PROJECT_ROOT}/vcpkg_installed/x64-windows-darkangel/share/vcpkg-cmake/vcpkg_cmake_configure.cmake:269 (vcpkg_execute_required_process)
  buildtrees/versioning_/versions/directxtex/e9f89c9f75ab81ba10bf86dca60c5f202f881690/portfile.cmake:49 (vcpkg_cmake_configure)
  scripts/ports.cmake:209 (include)


Downloaded sources for directxtex[core,tools]:x64-windows-darkangel@2026-05-07
Elapsed time to handle directxtex:x64-windows-darkangel: 480 ms
Installing 8/25 abseil:x64-windows-darkangel@20260107.1#3...
abseil:x64-windows-darkangel@20260107.1#3 package ABI: 8094a59aa39e073210fab33028db0330bd77ee548e3d9eb687c8379395c347fc
Building abseil:x64-windows-darkangel@20260107.1#3...
${PROJECT_ROOT}\cmake\triplets\x64-windows-darkangel.cmake: info: loaded overlay triplet from here
-- Using cached abseil-abseil-cpp-20260107.1.tar.gz
-- Cleaning sources at ${PROJECT_ROOT}/.tools/vcpkg/buildtrees/abseil/src/20260107.1-b1a4a53e9a.clean. Use --editable to skip cleaning for the packages you specify.
-- Extracting source ${PROJECT_ROOT}/.tools/vcpkg/downloads/abseil-abseil-cpp-20260107.1.tar.gz
-- Applying patch 003-force-cxx-17.patch
-- Applying patch fix-heterogeneous_lookup_testing-target.patch
-- Applying patch fix-mingw-dll.patch
-- Applying patch fix-gcc13-constexpr-function-pointer.patch
-- Using source at ${PROJECT_ROOT}/.tools/vcpkg/buildtrees/abseil/src/20260107.1-b1a4a53e9a.clean
-- Configuring x64-windows-darkangel
CMake Error at scripts/cmake/vcpkg_execute_required_process.cmake:23 (message):
  This command cannot be executed in Download Mode.

  Halting portfile execution.

Call Stack (most recent call first):
  ${PROJECT_ROOT}/vcpkg_installed/x64-windows-darkangel/share/vcpkg-cmake/vcpkg_cmake_configure.cmake:269 (vcpkg_execute_required_process)
  buildtrees/versioning_/versions/abseil/8e20a1d1a1c5d5cf4c8cda806b52131a94b04831/portfile.cmake:37 (vcpkg_cmake_configure)
  scripts/ports.cmake:209 (include)


Downloaded sources for abseil:x64-windows-darkangel@20260107.1#3
Elapsed time to handle abseil:x64-windows-darkangel: 2.4 s
Installing 9/25 utf8-range:x64-windows-darkangel@6.33.4...
utf8-range:x64-windows-darkangel@6.33.4 package ABI: bda86bd59f1edb1d931f2be5de0aba47bbd8cafe8a0ebdae26f9e66f00b83de6
Building utf8-range:x64-windows-darkangel@6.33.4...
${PROJECT_ROOT}\cmake\triplets\x64-windows-darkangel.cmake: info: loaded overlay triplet from here
-- Using cached protocolbuffers-protobuf-v33.4.tar.gz
-- Cleaning sources at ${PROJECT_ROOT}/.tools/vcpkg/buildtrees/utf8-range/src/v33.4-7b17d08241.clean. Use --editable to skip cleaning for the packages you specify.
-- Extracting source ${PROJECT_ROOT}/.tools/vcpkg/downloads/protocolbuffers-protobuf-v33.4.tar.gz
-- Applying patch fix-cmake.patch
-- Using source at ${PROJECT_ROOT}/.tools/vcpkg/buildtrees/utf8-range/src/v33.4-7b17d08241.clean
-- Configuring x64-windows-darkangel
CMake Error at scripts/cmake/vcpkg_execute_required_process.cmake:23 (message):
  This command cannot be executed in Download Mode.

  Halting portfile execution.

Call Stack (most recent call first):
  ${PROJECT_ROOT}/vcpkg_installed/x64-windows-darkangel/share/vcpkg-cmake/vcpkg_cmake_configure.cmake:269 (vcpkg_execute_required_process)
  buildtrees/versioning_/versions/utf8-range/9f24dda3a883d4026bb1122c50077c07c9a32f47/portfile.cmake:16 (vcpkg_cmake_configure)
  scripts/ports.cmake:209 (include)


Downloaded sources for utf8-range:x64-windows-darkangel@6.33.4
Elapsed time to handle utf8-range:x64-windows-darkangel: 4.3 s
Installing 10/25 protobuf:x64-windows-darkangel@6.33.4#2...
protobuf:x64-windows-darkangel@6.33.4#2 package ABI: 68b34392ea0adc60f9d4825937dd282f302445b96235f7dc58db519a77166853
Building protobuf:x64-windows-darkangel@6.33.4#2...
${PROJECT_ROOT}\cmake\triplets\x64-windows-darkangel.cmake: info: loaded overlay triplet from here
-- Using cached protocolbuffers-protobuf-v33.4.tar.gz
-- Cleaning sources at ${PROJECT_ROOT}/.tools/vcpkg/buildtrees/protobuf/src/v33.4-f8b43d71cd.clean. Use --editable to skip cleaning for the packages you specify.
-- Extracting source ${PROJECT_ROOT}/.tools/vcpkg/downloads/protocolbuffers-protobuf-v33.4.tar.gz
-- Applying patch fix-static-build.patch
-- Applying patch fix-default-proto-file-path.patch
-- Applying patch fix-utf8-range.patch
-- Applying patch fix-install-dirs.patch
-- Applying patch fix-constinit-with-clang-cl.patch
-- Applying patch fix-upb.patch
-- Using source at ${PROJECT_ROOT}/.tools/vcpkg/buildtrees/protobuf/src/v33.4-f8b43d71cd.clean
-- Using cached msys2-mingw-w64-x86_64-pkgconf-1~2.5.1-1-any.pkg.tar.zst
-- Using cached msys2-msys2-runtime-3.6.5-1-x86_64.pkg.tar.zst
-- Using msys root at ${PROJECT_ROOT}/.tools/vcpkg/downloads/tools/msys2/3e71d1f8e22ab23f
-- Configuring x64-windows-darkangel
CMake Error at scripts/cmake/vcpkg_execute_required_process.cmake:23 (message):
  This command cannot be executed in Download Mode.

  Halting portfile execution.

Call Stack (most recent call first):
  ${PROJECT_ROOT}/vcpkg_installed/x64-windows-darkangel/share/vcpkg-cmake/vcpkg_cmake_configure.cmake:269 (vcpkg_execute_required_process)
  buildtrees/versioning_/versions/protobuf/ed5f5c06952c67498f580082ff1209d051222947/portfile.cmake:51 (vcpkg_cmake_configure)
  scripts/ports.cmake:209 (include)


Downloaded sources for protobuf:x64-windows-darkangel@6.33.4#2
Elapsed time to handle protobuf:x64-windows-darkangel: 6 s
Installing 11/25 openssl:x64-windows-darkangel@3.6.3...
openssl:x64-windows-darkangel@3.6.3 package ABI: 21a6674921418ded3c165706d88bf70456d186d3daf8d689e9fba76c3ee722ab
Building openssl:x64-windows-darkangel@3.6.3...
${PROJECT_ROOT}\cmake\triplets\x64-windows-darkangel.cmake: info: loaded overlay triplet from here
-- Using cached openssl-openssl-openssl-3.6.3.tar.gz
-- Cleaning sources at ${PROJECT_ROOT}/.tools/vcpkg/buildtrees/openssl/src/nssl-3.6.3-28a9d34a24.clean. Use --editable to skip cleaning for the packages you specify.
-- Extracting source ${PROJECT_ROOT}/.tools/vcpkg/downloads/openssl-openssl-openssl-3.6.3.tar.gz
-- Applying patch cmake-config.patch
-- Applying patch command-line-length.patch
-- Applying patch script-prefix.patch
-- Applying patch windows/install-layout.patch
-- Applying patch windows/install-pdbs.patch
-- Applying patch windows/install-programs.diff
-- Applying patch unix/android-cc.patch
-- Applying patch unix/move-openssldir.patch
-- Applying patch unix/no-empty-dirs.patch
-- Applying patch unix/no-static-libs-for-shared.patch
-- Using source at ${PROJECT_ROOT}/.tools/vcpkg/buildtrees/openssl/src/nssl-3.6.3-28a9d34a24.clean
-- Getting CMake variables for x64-windows-darkangel
CMake Error at scripts/cmake/vcpkg_execute_required_process.cmake:23 (message):
  This command cannot be executed in Download Mode.

  Halting portfile execution.

Call Stack (most recent call first):
  ${PROJECT_ROOT}/vcpkg_installed/x64-windows-darkangel/share/vcpkg-cmake/vcpkg_cmake_configure.cmake:269 (vcpkg_execute_required_process)
  ${PROJECT_ROOT}/vcpkg_installed/x64-windows-darkangel/share/vcpkg-cmake-get-vars/vcpkg_cmake_get_vars.cmake:20 (vcpkg_cmake_configure)
  buildtrees/versioning_/versions/openssl/b4a2360e8425d8d5e2a24436804b592bef26980b/portfile.cmake:36 (vcpkg_cmake_get_vars)
  scripts/ports.cmake:209 (include)


Downloaded sources for openssl:x64-windows-darkangel@3.6.3
Elapsed time to handle openssl:x64-windows-darkangel: 12 s
Installing 12/25 gamenetworkingsockets:x64-windows-darkangel@1.6.0...
gamenetworkingsockets:x64-windows-darkangel@1.6.0 package ABI: b29cac86634f048f22ccac7f7061dd30628ed893a90c29fd45df65388fbade7e
Building gamenetworkingsockets:x64-windows-darkangel@1.6.0...
${PROJECT_ROOT}\cmake\triplets\x64-windows-darkangel.cmake: info: loaded overlay triplet from here
-- Using cached ValveSoftware-GameNetworkingSockets-2cb93a06350bb065db53abdb0d87cf297e0bfd34.tar.gz
-- Cleaning sources at ${PROJECT_ROOT}/.tools/vcpkg/buildtrees/gamenetworkingsockets/src/297e0bfd34-3d69d438d6.clean. Use --editable to skip cleaning for the packages you specify.
-- Extracting source ${PROJECT_ROOT}/.tools/vcpkg/downloads/ValveSoftware-GameNetworkingSockets-2cb93a06350bb065db53abdb0d87cf297e0bfd34.tar.gz
-- Using source at ${PROJECT_ROOT}/.tools/vcpkg/buildtrees/gamenetworkingsockets/src/297e0bfd34-3d69d438d6.clean
-- Configuring x64-windows-darkangel
CMake Error at scripts/cmake/vcpkg_execute_required_process.cmake:23 (message):
  This command cannot be executed in Download Mode.

  Halting portfile execution.

Call Stack (most recent call first):
  ${PROJECT_ROOT}/vcpkg_installed/x64-windows-darkangel/share/vcpkg-cmake/vcpkg_cmake_configure.cmake:269 (vcpkg_execute_required_process)
  buildtrees/versioning_/versions/gamenetworkingsockets/191b0554b5826ec511edea3624228c9731b1c09e/portfile.cmake:32 (vcpkg_cmake_configure)
  scripts/ports.cmake:209 (include)


Downloaded sources for gamenetworkingsockets:x64-windows-darkangel@1.6.0
Elapsed time to handle gamenetworkingsockets:x64-windows-darkangel: 1.1 s
Installing 13/25 joltphysics:x64-windows-darkangel@5.6.0...
joltphysics:x64-windows-darkangel@5.6.0 package ABI: f1d029547f98eafd74271d9ee4f65c57debc1e1092a0e42eff394c129b142f94
Building joltphysics:x64-windows-darkangel@5.6.0...
${PROJECT_ROOT}\cmake\triplets\x64-windows-darkangel.cmake: info: loaded overlay triplet from here
-- Using cached jrouwe-JoltPhysics-v5.6.0.tar.gz
-- Cleaning sources at ${PROJECT_ROOT}/.tools/vcpkg/buildtrees/joltphysics/src/v5.6.0-58760e711a.clean. Use --editable to skip cleaning for the packages you specify.
-- Extracting source ${PROJECT_ROOT}/.tools/vcpkg/downloads/jrouwe-JoltPhysics-v5.6.0.tar.gz
-- Using source at ${PROJECT_ROOT}/.tools/vcpkg/buildtrees/joltphysics/src/v5.6.0-58760e711a.clean
-- Configuring x64-windows-darkangel
CMake Error at scripts/cmake/vcpkg_execute_required_process.cmake:23 (message):
  This command cannot be executed in Download Mode.

  Halting portfile execution.

Call Stack (most recent call first):
  ${PROJECT_ROOT}/vcpkg_installed/x64-windows-darkangel/share/vcpkg-cmake/vcpkg_cmake_configure.cmake:269 (vcpkg_execute_required_process)
  buildtrees/versioning_/versions/joltphysics/2eab0b6e73bfbe491fa0ffb297fd3ffdb6bf4ecf/portfile.cmake:20 (vcpkg_cmake_configure)
  scripts/ports.cmake:209 (include)


Downloaded sources for joltphysics:x64-windows-darkangel@5.6.0
Elapsed time to handle joltphysics:x64-windows-darkangel: 2 s
Installing 14/25 meshoptimizer:x64-windows-darkangel@1.2...
meshoptimizer:x64-windows-darkangel@1.2 package ABI: 7ce88beae03dd543f76e4f2c6d17bc7f1780949f976d35d90077c223a21c6d68
Building meshoptimizer:x64-windows-darkangel@1.2...
${PROJECT_ROOT}\cmake\triplets\x64-windows-darkangel.cmake: info: loaded overlay triplet from here
-- Using cached zeux-meshoptimizer-v1.2.tar.gz
-- Cleaning sources at ${PROJECT_ROOT}/.tools/vcpkg/buildtrees/meshoptimizer/src/v1.2-ce6f2c5220.clean. Use --editable to skip cleaning for the packages you specify.
-- Extracting source ${PROJECT_ROOT}/.tools/vcpkg/downloads/zeux-meshoptimizer-v1.2.tar.gz
-- Applying patch dependencies.diff
-- Using source at ${PROJECT_ROOT}/.tools/vcpkg/buildtrees/meshoptimizer/src/v1.2-ce6f2c5220.clean
-- Configuring x64-windows-darkangel
CMake Error at scripts/cmake/vcpkg_execute_required_process.cmake:23 (message):
  This command cannot be executed in Download Mode.

  Halting portfile execution.

Call Stack (most recent call first):
  ${PROJECT_ROOT}/vcpkg_installed/x64-windows-darkangel/share/vcpkg-cmake/vcpkg_cmake_configure.cmake:269 (vcpkg_execute_required_process)
  buildtrees/versioning_/versions/meshoptimizer/749c4154509bde6b404ac9e5f212cc5dbb15940f/portfile.cmake:22 (vcpkg_cmake_configure)
  scripts/ports.cmake:209 (include)


Downloaded sources for meshoptimizer:x64-windows-darkangel@1.2
Elapsed time to handle meshoptimizer:x64-windows-darkangel: 402 ms
Installing 15/25 recastnavigation:x64-windows-darkangel@1.6.0#1...
recastnavigation:x64-windows-darkangel@1.6.0#1 package ABI: f3344781c2f275898c297f4eb89f076b50a8520c990d12265a1c1d1b2e945ddc
Building recastnavigation:x64-windows-darkangel@1.6.0#1...
${PROJECT_ROOT}\cmake\triplets\x64-windows-darkangel.cmake: info: loaded overlay triplet from here
-- Using cached recastnavigation-recastnavigation-v1.6.0.tar.gz
-- Cleaning sources at ${PROJECT_ROOT}/.tools/vcpkg/buildtrees/recastnavigation/src/v1.6.0-fcf1526bd5.clean. Use --editable to skip cleaning for the packages you specify.
-- Extracting source ${PROJECT_ROOT}/.tools/vcpkg/downloads/recastnavigation-recastnavigation-v1.6.0.tar.gz
-- Applying patch fix-detail-mesh-edge-detection.patch
-- Using source at ${PROJECT_ROOT}/.tools/vcpkg/buildtrees/recastnavigation/src/v1.6.0-fcf1526bd5.clean
-- Configuring x64-windows-darkangel
CMake Error at scripts/cmake/vcpkg_execute_required_process.cmake:23 (message):
  This command cannot be executed in Download Mode.

  Halting portfile execution.

Call Stack (most recent call first):
  ${PROJECT_ROOT}/vcpkg_installed/x64-windows-darkangel/share/vcpkg-cmake/vcpkg_cmake_configure.cmake:269 (vcpkg_execute_required_process)
  buildtrees/versioning_/versions/recastnavigation/806d9850ce88d7190649eb90863455084516d519/portfile.cmake:12 (vcpkg_cmake_configure)
  scripts/ports.cmake:209 (include)


Downloaded sources for recastnavigation:x64-windows-darkangel@1.6.0#1
Elapsed time to handle recastnavigation:x64-windows-darkangel: 613 ms
Installing 16/25 zlib:x64-windows-darkangel@1.3.2#1...
zlib:x64-windows-darkangel@1.3.2#1 package ABI: 807a5578ec749ae0be6c49707d5fffe8a6516aec010057745511e88e6b745320
Building zlib:x64-windows-darkangel@1.3.2#1...
${PROJECT_ROOT}\cmake\triplets\x64-windows-darkangel.cmake: info: loaded overlay triplet from here
-- Using cached madler-zlib-v1.3.2.tar.gz
-- Cleaning sources at ${PROJECT_ROOT}/.tools/vcpkg/buildtrees/zlib/src/v1.3.2-c19a0bfd23.clean. Use --editable to skip cleaning for the packages you specify.
-- Extracting source ${PROJECT_ROOT}/.tools/vcpkg/downloads/madler-zlib-v1.3.2.tar.gz
-- Applying patch 0001-no-version-script-on-ohos.patch
-- Using source at ${PROJECT_ROOT}/.tools/vcpkg/buildtrees/zlib/src/v1.3.2-c19a0bfd23.clean
-- Configuring x64-windows-darkangel
CMake Error at scripts/cmake/vcpkg_execute_required_process.cmake:23 (message):
  This command cannot be executed in Download Mode.

  Halting portfile execution.

Call Stack (most recent call first):
  ${PROJECT_ROOT}/vcpkg_installed/x64-windows-darkangel/share/vcpkg-cmake/vcpkg_cmake_configure.cmake:269 (vcpkg_execute_required_process)
  buildtrees/versioning_/versions/zlib/f49b05c666425471a7f6dc8b6156e9b3675a3c90/portfile.cmake:15 (vcpkg_cmake_configure)
  scripts/ports.cmake:209 (include)


Downloaded sources for zlib:x64-windows-darkangel@1.3.2#1
Elapsed time to handle zlib:x64-windows-darkangel: 511 ms
Installing 17/25 libpng:x64-windows-darkangel@1.6.58...
libpng:x64-windows-darkangel@1.6.58 package ABI: 46f600e61b1af4c21ae3b04f73130f8fd6f543b115058fa53cd109ce64e0eeb4
Building libpng:x64-windows-darkangel@1.6.58...
${PROJECT_ROOT}\cmake\triplets\x64-windows-darkangel.cmake: info: loaded overlay triplet from here
-- Using cached pnggroup-libpng-v1.6.58.tar.gz
-- Cleaning sources at ${PROJECT_ROOT}/.tools/vcpkg/buildtrees/libpng/src/v1.6.58-b91136795d.clean. Use --editable to skip cleaning for the packages you specify.
-- Extracting source ${PROJECT_ROOT}/.tools/vcpkg/downloads/pnggroup-libpng-v1.6.58.tar.gz
-- Applying patch cmake.patch
-- Using source at ${PROJECT_ROOT}/.tools/vcpkg/buildtrees/libpng/src/v1.6.58-b91136795d.clean
-- Configuring x64-windows-darkangel
CMake Error at scripts/cmake/vcpkg_execute_required_process.cmake:23 (message):
  This command cannot be executed in Download Mode.

  Halting portfile execution.

Call Stack (most recent call first):
  ${PROJECT_ROOT}/vcpkg_installed/x64-windows-darkangel/share/vcpkg-cmake/vcpkg_cmake_configure.cmake:269 (vcpkg_execute_required_process)
  buildtrees/versioning_/versions/libpng/909d98e06046a0901fd11300b3d725d6a80d27bf/portfile.cmake:75 (vcpkg_cmake_configure)
  scripts/ports.cmake:209 (include)


Downloaded sources for libpng:x64-windows-darkangel@1.6.58
Elapsed time to handle libpng:x64-windows-darkangel: 1.3 s
Installing 18/25 bzip2[core,tool]:x64-windows-darkangel@1.0.8#6...
bzip2[core,tool]:x64-windows-darkangel@1.0.8#6 package ABI: 7452c6eb514cf13a77ef144a411ca3d27383fbc0fb3fe258bd0fc49cc92c32c8
Building bzip2[core,tool]:x64-windows-darkangel@1.0.8#6...
${PROJECT_ROOT}\cmake\triplets\x64-windows-darkangel.cmake: info: loaded overlay triplet from here
-- Using cached bzip2-1.0.8.tar.gz
-- Cleaning sources at ${PROJECT_ROOT}/.tools/vcpkg/buildtrees/bzip2/src/bzip2-1-336d4794a3.clean. Use --editable to skip cleaning for the packages you specify.
-- Extracting source ${PROJECT_ROOT}/.tools/vcpkg/downloads/bzip2-1.0.8.tar.gz
-- Applying patch fix-import-export-macros.patch
-- Using source at ${PROJECT_ROOT}/.tools/vcpkg/buildtrees/bzip2/src/bzip2-1-336d4794a3.clean
-- Configuring x64-windows-darkangel
CMake Error at scripts/cmake/vcpkg_execute_required_process.cmake:23 (message):
  This command cannot be executed in Download Mode.

  Halting portfile execution.

Call Stack (most recent call first):
  ${PROJECT_ROOT}/vcpkg_installed/x64-windows-darkangel/share/vcpkg-cmake/vcpkg_cmake_configure.cmake:269 (vcpkg_execute_required_process)
  buildtrees/versioning_/versions/bzip2/2d029da682847c5ebdc54e4dbea001331a02207e/portfile.cmake:21 (vcpkg_cmake_configure)
  scripts/ports.cmake:209 (include)


Downloaded sources for bzip2[core,tool]:x64-windows-darkangel@1.0.8#6
Elapsed time to handle bzip2:x64-windows-darkangel: 370 ms
Installing 19/25 brotli:x64-windows-darkangel@1.2.0...
brotli:x64-windows-darkangel@1.2.0 package ABI: 03d86ff8b1570495116f5a7537872857a2d4e599ffe2b4dffbe306384e763dae
Building brotli:x64-windows-darkangel@1.2.0...
${PROJECT_ROOT}\cmake\triplets\x64-windows-darkangel.cmake: info: loaded overlay triplet from here
-- Using cached google-brotli-v1.2.0.tar.gz
-- Cleaning sources at ${PROJECT_ROOT}/.tools/vcpkg/buildtrees/brotli/src/v1.2.0-7af7ca71ad.clean. Use --editable to skip cleaning for the packages you specify.
-- Extracting source ${PROJECT_ROOT}/.tools/vcpkg/downloads/google-brotli-v1.2.0.tar.gz
-- Applying patch install.patch
-- Applying patch pkgconfig.patch
-- Using source at ${PROJECT_ROOT}/.tools/vcpkg/buildtrees/brotli/src/v1.2.0-7af7ca71ad.clean
-- Configuring x64-windows-darkangel
CMake Error at scripts/cmake/vcpkg_execute_required_process.cmake:23 (message):
  This command cannot be executed in Download Mode.

  Halting portfile execution.

Call Stack (most recent call first):
  ${PROJECT_ROOT}/vcpkg_installed/x64-windows-darkangel/share/vcpkg-cmake/vcpkg_cmake_configure.cmake:269 (vcpkg_execute_required_process)
  buildtrees/versioning_/versions/brotli/0fb79bb13588702a9e06057745b4aed95ce5c861/portfile.cmake:12 (vcpkg_cmake_configure)
  scripts/ports.cmake:209 (include)


Downloaded sources for brotli:x64-windows-darkangel@1.2.0
Elapsed time to handle brotli:x64-windows-darkangel: 843 ms
Installing 20/25 freetype[brotli,bzip2,core,png,zlib]:x64-windows-darkangel@2.14.3...
freetype[brotli,bzip2,core,png,zlib]:x64-windows-darkangel@2.14.3 package ABI: 0fc7131feb77217facc0581af8d4347e9f0feaf42dd3b0a09a2eed6b1c00584a
Building freetype[brotli,bzip2,core,png,zlib]:x64-windows-darkangel@2.14.3...
${PROJECT_ROOT}\cmake\triplets\x64-windows-darkangel.cmake: info: loaded overlay triplet from here
-- Using cached freetype-freetype-VER-2-14-3.tar.gz
-- Cleaning sources at ${PROJECT_ROOT}/.tools/vcpkg/buildtrees/freetype/src/VER-2-14-3-46d5ca34ec.clean. Use --editable to skip cleaning for the packages you specify.
-- Extracting source ${PROJECT_ROOT}/.tools/vcpkg/downloads/freetype-freetype-VER-2-14-3.tar.gz
-- Applying patch 0003-Fix-UWP.patch
-- Applying patch brotli-static.patch
-- Applying patch bzip2.patch
-- Applying patch fix-exports.patch
-- Using source at ${PROJECT_ROOT}/.tools/vcpkg/buildtrees/freetype/src/VER-2-14-3-46d5ca34ec.clean
-- Configuring x64-windows-darkangel
CMake Error at scripts/cmake/vcpkg_execute_required_process.cmake:23 (message):
  This command cannot be executed in Download Mode.

  Halting portfile execution.

Call Stack (most recent call first):
  ${PROJECT_ROOT}/vcpkg_installed/x64-windows-darkangel/share/vcpkg-cmake/vcpkg_cmake_configure.cmake:269 (vcpkg_execute_required_process)
  buildtrees/versioning_/versions/freetype/37a2b08e48b987c9b2a45a075fed1bc382e8de03/portfile.cmake:36 (vcpkg_cmake_configure)
  scripts/ports.cmake:209 (include)


Downloaded sources for freetype[brotli,bzip2,core,png,zlib]:x64-windows-darkangel@2.14.3
Elapsed time to handle freetype:x64-windows-darkangel: 1.2 s
Installing 21/25 robin-hood-hashing:x64-windows-darkangel@3.11.5#2...
robin-hood-hashing:x64-windows-darkangel@3.11.5#2 package ABI: a8c1da91f3020beb315472579f05a1d0656895ccae1cefa71bc1433a1b4752e9
Building robin-hood-hashing:x64-windows-darkangel@3.11.5#2...
${PROJECT_ROOT}\cmake\triplets\x64-windows-darkangel.cmake: info: loaded overlay triplet from here
-- Using cached martinus-robin-hood-hashing-3.11.5.tar.gz
-- Cleaning sources at ${PROJECT_ROOT}/.tools/vcpkg/buildtrees/robin-hood-hashing/src/3.11.5-1544b7a068.clean. Use --editable to skip cleaning for the packages you specify.
-- Extracting source ${PROJECT_ROOT}/.tools/vcpkg/downloads/martinus-robin-hood-hashing-3.11.5.tar.gz
-- Applying patch fix-missing-stdint.patch
-- Using source at ${PROJECT_ROOT}/.tools/vcpkg/buildtrees/robin-hood-hashing/src/3.11.5-1544b7a068.clean
-- Configuring x64-windows-darkangel
CMake Error at scripts/cmake/vcpkg_execute_required_process.cmake:23 (message):
  This command cannot be executed in Download Mode.

  Halting portfile execution.

Call Stack (most recent call first):
  ${PROJECT_ROOT}/vcpkg_installed/x64-windows-darkangel/share/vcpkg-cmake/vcpkg_cmake_configure.cmake:269 (vcpkg_execute_required_process)
  buildtrees/versioning_/versions/robin-hood-hashing/1a989171742275cc32060ed37157eeb0efcdc739/portfile.cmake:11 (vcpkg_cmake_configure)
  scripts/ports.cmake:209 (include)


Downloaded sources for robin-hood-hashing:x64-windows-darkangel@3.11.5#2
Elapsed time to handle robin-hood-hashing:x64-windows-darkangel: 577 ms
Installing 22/25 rmlui[core,freetype]:x64-windows-darkangel@6.2...
rmlui[core,freetype]:x64-windows-darkangel@6.2 package ABI: 0f159ce6558807a687ba87d838103a2e19871e200d136f9cdc9078fb9679c25a
Building rmlui[core,freetype]:x64-windows-darkangel@6.2...
${PROJECT_ROOT}\cmake\triplets\x64-windows-darkangel.cmake: info: loaded overlay triplet from here
-- Using cached mikke89-RmlUi-6.2.tar.gz
-- Cleaning sources at ${PROJECT_ROOT}/.tools/vcpkg/buildtrees/rmlui/src/6.2-203a9587f9.clean. Use --editable to skip cleaning for the packages you specify.
-- Extracting source ${PROJECT_ROOT}/.tools/vcpkg/downloads/mikke89-RmlUi-6.2.tar.gz
-- Applying patch add-itlib-and-robin-hood.patch
-- Applying patch skip-custom-find-modules.patch
-- Using source at ${PROJECT_ROOT}/.tools/vcpkg/buildtrees/rmlui/src/6.2-203a9587f9.clean
-- Configuring x64-windows-darkangel
CMake Error at scripts/cmake/vcpkg_execute_required_process.cmake:23 (message):
  This command cannot be executed in Download Mode.

  Halting portfile execution.

Call Stack (most recent call first):
  ${PROJECT_ROOT}/vcpkg_installed/x64-windows-darkangel/share/vcpkg-cmake/vcpkg_cmake_configure.cmake:269 (vcpkg_execute_required_process)
  buildtrees/versioning_/versions/rmlui/29b67cb822e000a5369d477689145c7df434f842/portfile.cmake:28 (vcpkg_cmake_configure)
  scripts/ports.cmake:209 (include)


Downloaded sources for rmlui[core,freetype]:x64-windows-darkangel@6.2
Elapsed time to handle rmlui:x64-windows-darkangel: 2 s
Installing 23/25 flecs:x64-windows-darkangel@4.1.6...
flecs:x64-windows-darkangel@4.1.6 package ABI: 210b0e0fe21594e94c10aaa7e3b42c13691b47fae3e9e0c9399aff77c80d06f7
Building flecs:x64-windows-darkangel@4.1.6...
${PROJECT_ROOT}\cmake\triplets\x64-windows-darkangel.cmake: info: loaded overlay triplet from here
-- Using cached SanderMertens-flecs-v4.1.6.tar.gz
-- Cleaning sources at ${PROJECT_ROOT}/.tools/vcpkg/buildtrees/flecs/src/v4.1.6-c153cb4bcf.clean. Use --editable to skip cleaning for the packages you specify.
-- Extracting source ${PROJECT_ROOT}/.tools/vcpkg/downloads/SanderMertens-flecs-v4.1.6.tar.gz
-- Using source at ${PROJECT_ROOT}/.tools/vcpkg/buildtrees/flecs/src/v4.1.6-c153cb4bcf.clean
-- Configuring x64-windows-darkangel
CMake Error at scripts/cmake/vcpkg_execute_required_process.cmake:23 (message):
  This command cannot be executed in Download Mode.

  Halting portfile execution.

Call Stack (most recent call first):
  ${PROJECT_ROOT}/vcpkg_installed/x64-windows-darkangel/share/vcpkg-cmake/vcpkg_cmake_configure.cmake:269 (vcpkg_execute_required_process)
  buildtrees/versioning_/versions/flecs/6e13da0e6d446c34fef059953b4a947f04af748d/portfile.cmake:12 (vcpkg_cmake_configure)
  scripts/ports.cmake:209 (include)


Downloaded sources for flecs:x64-windows-darkangel@4.1.6
Elapsed time to handle flecs:x64-windows-darkangel: 4.2 s
Installing 24/25 luau[core,tool]:x64-windows-darkangel@0.729...
luau[core,tool]:x64-windows-darkangel@0.729 package ABI: 4de5e045c2fda5aced79b77f016def0dedc31c03560effd7224d3b531831ca50
Building luau[core,tool]:x64-windows-darkangel@0.729...
${PROJECT_ROOT}\cmake\triplets\x64-windows-darkangel.cmake: info: loaded overlay triplet from here
-- Using cached luau-lang-luau-0.729.tar.gz
-- Cleaning sources at ${PROJECT_ROOT}/.tools/vcpkg/buildtrees/luau/src/0.729-a790c7544c.clean. Use --editable to skip cleaning for the packages you specify.
-- Extracting source ${PROJECT_ROOT}/.tools/vcpkg/downloads/luau-lang-luau-0.729.tar.gz
-- Applying patch cmake-config-export.patch
-- Applying patch fix-unittest.patch
-- Using source at ${PROJECT_ROOT}/.tools/vcpkg/buildtrees/luau/src/0.729-a790c7544c.clean
-- Configuring x64-windows-darkangel
CMake Error at scripts/cmake/vcpkg_execute_required_process.cmake:23 (message):
  This command cannot be executed in Download Mode.

  Halting portfile execution.

Call Stack (most recent call first):
  ${PROJECT_ROOT}/vcpkg_installed/x64-windows-darkangel/share/vcpkg-cmake/vcpkg_cmake_configure.cmake:269 (vcpkg_execute_required_process)
  buildtrees/versioning_/versions/luau/1d92bdc4384054e753c2f38febbe6f5c675110bb/portfile.cmake:20 (vcpkg_cmake_configure)
  scripts/ports.cmake:209 (include)


Downloaded sources for luau[core,tool]:x64-windows-darkangel@0.729
Elapsed time to handle luau:x64-windows-darkangel: 1.2 s
Installing 25/25 sqlite3[core,omit-load-extension]:x64-windows-darkangel@3.53.4...
sqlite3[core,omit-load-extension]:x64-windows-darkangel@3.53.4 package ABI: f3f00e7e2a4b6a9740c353f6d48ebd92478215cecdcf504bcc08c2b5141fd921
Building sqlite3[core,omit-load-extension]:x64-windows-darkangel@3.53.4...
${PROJECT_ROOT}\cmake\triplets\x64-windows-darkangel.cmake: info: loaded overlay triplet from here
-- Using cached sqlite-autoconf-3530400.tar.gz
-- Cleaning sources at ${PROJECT_ROOT}/.tools/vcpkg/buildtrees/sqlite3/src/nf-3530400-891c4575fa.clean. Use --editable to skip cleaning for the packages you specify.
-- Extracting source ${PROJECT_ROOT}/.tools/vcpkg/downloads/sqlite-autoconf-3530400.tar.gz
-- Applying patch fix-arm-uwp.patch
-- Applying patch add-config-include.patch
-- Using source at ${PROJECT_ROOT}/.tools/vcpkg/buildtrees/sqlite3/src/nf-3530400-891c4575fa.clean
-- Configuring x64-windows-darkangel
CMake Error at scripts/cmake/vcpkg_execute_required_process.cmake:23 (message):
  This command cannot be executed in Download Mode.

  Halting portfile execution.

Call Stack (most recent call first):
  ${PROJECT_ROOT}/vcpkg_installed/x64-windows-darkangel/share/vcpkg-cmake/vcpkg_cmake_configure.cmake:269 (vcpkg_execute_required_process)
  buildtrees/versioning_/versions/sqlite3/0cc3b4ec0f841b02a3bf3c82387b1d3c2f9adb6a/portfile.cmake:71 (vcpkg_cmake_configure)
  scripts/ports.cmake:209 (include)


Downloaded sources for sqlite3[core,omit-load-extension]:x64-windows-darkangel@3.53.4
Elapsed time to handle sqlite3:x64-windows-darkangel: 750 ms
dylib provides CMake targets:

  # this is heuristically generated, and may not be correct
  find_package(dylib CONFIG REQUIRED)
  target_link_libraries(main PRIVATE dylib::dylib)

eigen3 provides CMake targets:

  # this is heuristically generated, and may not be correct
  find_package(Eigen3 CONFIG REQUIRED)
  target_link_libraries(main PRIVATE Eigen3::Eigen)

eigen3 provides pkg-config modules:

  # A C++ template library for linear algebra: vectors, matrices, and related algorithms
  eigen3

flatbuffers provides CMake targets:

  # this is heuristically generated, and may not be correct
  find_package(flatbuffers CONFIG REQUIRED)
  target_link_libraries(main PRIVATE flatbuffers::flatbuffers)

flatbuffers provides pkg-config modules:

  # Memory Efficient Serialization Library
  flatbuffers

lz4 provides CMake targets:

  find_package(lz4 CONFIG REQUIRED)
  target_link_libraries(main PRIVATE lz4::lz4)

lz4 provides pkg-config modules:

  liblz4

miniaudio is header-only and can be used from CMake via:

  find_path(MINIAUDIO_INCLUDE_DIRS "miniaudio.h")
  target_include_directories(main PRIVATE ${MINIAUDIO_INCLUDE_DIRS})

xsimd provides CMake targets:

    find_package(xsimd CONFIG REQUIRED)
    target_link_libraries(main PRIVATE xsimd)

cgltf is header-only and can be used from CMake via:

  find_path(CGLTF_INCLUDE_DIRS "cgltf.h")
  target_include_directories(main PRIVATE ${CGLTF_INCLUDE_DIRS})

All requested installations completed successfully in: 46 s
